Component: Arm Compiler for Embedded 6.24 Tool: armlink [5f371500]

==============================================================================

Section Cross References

    startup_stm32c071xx.o(STACK) refers (Special) to heapauxi.o(.text) for __use_two_region_memory
    startup_stm32c071xx.o(HEAP) refers (Special) to heapauxi.o(.text) for __use_two_region_memory
    startup_stm32c071xx.o(RESET) refers (Special) to heapauxi.o(.text) for __use_two_region_memory
    startup_stm32c071xx.o(RESET) refers to startup_stm32c071xx.o(STACK) for __initial_sp
    startup_stm32c071xx.o(RESET) refers to startup_stm32c071xx.o(.text) for Reset_Handler
    startup_stm32c071xx.o(RESET) refers to stm32c0xx_it.o(.text.NMI_Handler) for NMI_Handler
    startup_stm32c071xx.o(RESET) refers to stm32c0xx_it.o(.text.HardFault_Handler) for HardFault_Handler
    startup_stm32c071xx.o(RESET) refers to stm32c0xx_it.o(.text.SVC_Handler) for SVC_Handler
    startup_stm32c071xx.o(RESET) refers to stm32c0xx_it.o(.text.PendSV_Handler) for PendSV_Handler
    startup_stm32c071xx.o(RESET) refers to stm32c0xx_it.o(.text.SysTick_Handler) for SysTick_Handler
    startup_stm32c071xx.o(RESET) refers to stm32c0xx_it.o(.text.TIM1_BRK_UP_TRG_COM_IRQHandler) for TIM1_BRK_UP_TRG_COM_IRQHandler
    startup_stm32c071xx.o(.text) refers (Special) to heapauxi.o(.text) for __use_two_region_memory
    startup_stm32c071xx.o(.text) refers to system_stm32c0xx.o(.text.SystemInit) for SystemInit
    startup_stm32c071xx.o(.text) refers to __main.o(!!!main) for __main
    startup_stm32c071xx.o(.text) refers to startup_stm32c071xx.o(HEAP) for Heap_Mem
    startup_stm32c071xx.o(.text) refers to startup_stm32c071xx.o(STACK) for Stack_Mem
    main.o(.text.main) refers to stm32c0xx_hal.o(.text.HAL_Init) for HAL_Init
    main.o(.text.main) refers to main.o(.text.SystemClock_Config) for SystemClock_Config
    main.o(.text.main) refers to gpio.o(.text.MX_GPIO_Init) for MX_GPIO_Init
    main.o(.text.main) refers to i2c.o(.text.MX_I2C1_Init) for MX_I2C1_Init
    main.o(.text.main) refers to i2c.o(.text.MX_I2C2_Init) for MX_I2C2_Init
    main.o(.text.main) refers to tim.o(.text.MX_TIM1_Init) for MX_TIM1_Init
    main.o(.text.main) refers to usb.o(.text.MX_USB_PCD_Init) for MX_USB_PCD_Init
    main.o(.text.main) refers to app_usbx_device.o(.text.MX_USBX_Device_Init) for MX_USBX_Device_Init
    main.o(.text.main) refers to bringup.o(.text.bringup_init) for bringup_init
    main.o(.text.main) refers to bringup.o(.text.main_loop) for main_loop
    main.o(.ARM.exidx.text.main) refers to main.o(.text.main) for [Anonymous Symbol]
    main.o(.text.SystemClock_Config) refers to stm32c0xx_hal_rcc.o(.text.HAL_RCC_OscConfig) for HAL_RCC_OscConfig
    main.o(.text.SystemClock_Config) refers to main.o(.text.Error_Handler) for Error_Handler
    main.o(.text.SystemClock_Config) refers to stm32c0xx_hal_rcc.o(.text.HAL_RCC_ClockConfig) for HAL_RCC_ClockConfig
    main.o(.ARM.exidx.text.SystemClock_Config) refers to main.o(.text.SystemClock_Config) for [Anonymous Symbol]
    main.o(.ARM.exidx.text.Error_Handler) refers to main.o(.text.Error_Handler) for [Anonymous Symbol]
    gpio.o(.ARM.exidx.text.MX_GPIO_Init) refers to gpio.o(.text.MX_GPIO_Init) for [Anonymous Symbol]
    i2c.o(.text.MX_I2C1_Init) refers to stm32c0xx_hal_i2c.o(.text.HAL_I2C_Init) for HAL_I2C_Init
    i2c.o(.text.MX_I2C1_Init) refers to main.o(.text.Error_Handler) for Error_Handler
    i2c.o(.text.MX_I2C1_Init) refers to stm32c0xx_hal_i2c_ex.o(.text.HAL_I2CEx_ConfigAnalogFilter) for HAL_I2CEx_ConfigAnalogFilter
    i2c.o(.text.MX_I2C1_Init) refers to stm32c0xx_hal_i2c_ex.o(.text.HAL_I2CEx_ConfigDigitalFilter) for HAL_I2CEx_ConfigDigitalFilter
    i2c.o(.text.MX_I2C1_Init) refers to i2c.o(.bss.hi2c1) for hi2c1
    i2c.o(.ARM.exidx.text.MX_I2C1_Init) refers to i2c.o(.text.MX_I2C1_Init) for [Anonymous Symbol]
    i2c.o(.text.MX_I2C2_Init) refers to stm32c0xx_hal_i2c.o(.text.HAL_I2C_Init) for HAL_I2C_Init
    i2c.o(.text.MX_I2C2_Init) refers to main.o(.text.Error_Handler) for Error_Handler
    i2c.o(.text.MX_I2C2_Init) refers to stm32c0xx_hal_i2c_ex.o(.text.HAL_I2CEx_ConfigAnalogFilter) for HAL_I2CEx_ConfigAnalogFilter
    i2c.o(.text.MX_I2C2_Init) refers to stm32c0xx_hal_i2c_ex.o(.text.HAL_I2CEx_ConfigDigitalFilter) for HAL_I2CEx_ConfigDigitalFilter
    i2c.o(.text.MX_I2C2_Init) refers to i2c.o(.bss.hi2c2) for hi2c2
    i2c.o(.ARM.exidx.text.MX_I2C2_Init) refers to i2c.o(.text.MX_I2C2_Init) for [Anonymous Symbol]
    i2c.o(.text.HAL_I2C_MspInit) refers to stm32c0xx_hal_rcc_ex.o(.text.HAL_RCCEx_PeriphCLKConfig) for HAL_RCCEx_PeriphCLKConfig
    i2c.o(.text.HAL_I2C_MspInit) refers to main.o(.text.Error_Handler) for Error_Handler
    i2c.o(.text.HAL_I2C_MspInit) refers to stm32c0xx_hal_gpio.o(.text.HAL_GPIO_Init) for HAL_GPIO_Init
    i2c.o(.ARM.exidx.text.HAL_I2C_MspInit) refers to i2c.o(.text.HAL_I2C_MspInit) for [Anonymous Symbol]
[...]
    __arm_cp.0_0                             0x08002e84   Number         4  usb.o(.text.MX_USB_PCD_Init)
    __arm_cp.0_1                             0x08002e88   Number         4  usb.o(.text.MX_USB_PCD_Init)
    [Anonymous Symbol]                       0x08002e8c   Section        0  stm32c0xx_it.o(.text.NMI_Handler)
    [Anonymous Symbol]                       0x08002e90   Section        0  stm32c0xx_it.o(.text.PendSV_Handler)
    [Anonymous Symbol]                       0x08002e92   Section        0  stm32c0xx_it.o(.text.SVC_Handler)
    SysTick_Config                           0x08002e95   Thumb Code    68  stm32c0xx_hal_cortex.o(.text.SysTick_Config)
    [Anonymous Symbol]                       0x08002e94   Section        0  stm32c0xx_hal_cortex.o(.text.SysTick_Config)
    __arm_cp.9_0                             0x08002ed8   Number         4  stm32c0xx_hal_cortex.o(.text.SysTick_Config)
    __arm_cp.9_1                             0x08002edc   Number         4  stm32c0xx_hal_cortex.o(.text.SysTick_Config)
    __arm_cp.9_2                             0x08002ee0   Number         4  stm32c0xx_hal_cortex.o(.text.SysTick_Config)
    [Anonymous Symbol]                       0x08002ee4   Section        0  stm32c0xx_it.o(.text.SysTick_Handler)
    [Anonymous Symbol]                       0x08002eec   Section        0  main.o(.text.SystemClock_Config)
    __arm_cp.1_0                             0x08002f68   Number         4  main.o(.text.SystemClock_Config)
    [Anonymous Symbol]                       0x08002f6c   Section        0  system_stm32c0xx.o(.text.SystemInit)
    __arm_cp.0_0                             0x08002f78   Number         4  system_stm32c0xx.o(.text.SystemInit)
    [Anonymous Symbol]                       0x08002f7c   Section        0  tcs34725.o(.text.TCS34725_GetRGB888)
    __arm_cp.2_0                             0x08003084   Number         4  tcs34725.o(.text.TCS34725_GetRGB888)
    [Anonymous Symbol]                       0x08003088   Section        0  tcs34725.o(.text.TCS34725_Init)
    TCS_ReadRGB                              0x080030b1   Thumb Code   174  tcs34725.o(.text.TCS_ReadRGB)
    [Anonymous Symbol]                       0x080030b0   Section        0  tcs34725.o(.text.TCS_ReadRGB)
    TCS_ReadReg                              0x0800315f   Thumb Code    66  tcs34725.o(.text.TCS_ReadReg)
    [Anonymous Symbol]                       0x0800315e   Section        0  tcs34725.o(.text.TCS_ReadReg)
    TCS_WriteReg                             0x080031a1   Thumb Code    46  tcs34725.o(.text.TCS_WriteReg)
    [Anonymous Symbol]                       0x080031a0   Section        0  tcs34725.o(.text.TCS_WriteReg)
    [Anonymous Symbol]                       0x080031d0   Section        0  stm32c0xx_it.o(.text.TIM1_BRK_UP_TRG_COM_IRQHandler)
    __arm_cp.5_0                             0x080031e0   Number         4  stm32c0xx_it.o(.text.TIM1_BRK_UP_TRG_COM_IRQHandler)
    [Anonymous Symbol]                       0x080031e4   Section        0  stm32c0xx_hal_tim.o(.text.TIM_Base_SetConfig)
    __arm_cp.2_0                             0x080032d8   Number         4  stm32c0xx_hal_tim.o(.text.TIM_Base_SetConfig)
    __arm_cp.2_1                             0x080032dc   Number         4  stm32c0xx_hal_tim.o(.text.TIM_Base_SetConfig)
    __arm_cp.2_2                             0x080032e0   Number         4  stm32c0xx_hal_tim.o(.text.TIM_Base_SetConfig)
    __arm_cp.2_3                             0x080032e4   Number         4  stm32c0xx_hal_tim.o(.text.TIM_Base_SetConfig)
    __arm_cp.2_4                             0x080032e8   Number         4  stm32c0xx_hal_tim.o(.text.TIM_Base_SetConfig)
    [Anonymous Symbol]                       0x080032ec   Section        0  stm32c0xx_hal_tim.o(.text.TIM_ETR_SetConfig)
    TIM_ITRx_SetConfig                       0x08003325   Thumb Code    44  stm32c0xx_hal_tim.o(.text.TIM_ITRx_SetConfig)
    [Anonymous Symbol]                       0x08003324   Section        0  stm32c0xx_hal_tim.o(.text.TIM_ITRx_SetConfig)
    __arm_cp.100_0                           0x08003350   Number         4  stm32c0xx_hal_tim.o(.text.TIM_ITRx_SetConfig)
    TIM_TI1_ConfigInputStage                 0x08003355   Thumb Code    80  stm32c0xx_hal_tim.o(.text.TIM_TI1_ConfigInputStage)
    [Anonymous Symbol]                       0x08003354   Section        0  stm32c0xx_hal_tim.o(.text.TIM_TI1_ConfigInputStage)
    TIM_TI2_ConfigInputStage                 0x080033a5   Thumb Code    84  stm32c0xx_hal_tim.o(.text.TIM_TI2_ConfigInputStage)
    [Anonymous Symbol]                       0x080033a4   Section        0  stm32c0xx_hal_tim.o(.text.TIM_TI2_ConfigInputStage)
    [Anonymous Symbol]                       0x080033f8   Section        0  ux_device_cdc_acm.o(.text.USBD_CDC_ACM_Activate)
    [Anonymous Symbol]                       0x08003400   Section        0  ux_device_cdc_acm.o(.text.USBD_CDC_ACM_Deactivate)
    [Anonymous Symbol]                       0x08003408   Section        0  ux_device_cdc_acm.o(.text.USBD_CDC_ACM_ParameterChange)
    USBD_ChangeFunction                      0x08003411   Thumb Code    88  app_usbx_device.o(.text.USBD_ChangeFunction)
    [Anonymous Symbol]                       0x08003410   Section        0  app_usbx_device.o(.text.USBD_ChangeFunction)
    USBD_Desc_GetLen                         0x08003469   Thumb Code    50  ux_device_descriptors.o(.text.USBD_Desc_GetLen)
    [Anonymous Symbol]                       0x08003468   Section        0  ux_device_descriptors.o(.text.USBD_Desc_GetLen)
    USBD_Desc_GetString                      0x0800349b   Thumb Code    96  ux_device_descriptors.o(.text.USBD_Desc_GetString)
    [Anonymous Symbol]                       0x0800349a   Section        0  ux_device_descriptors.o(.text.USBD_Desc_GetString)
    USBD_Device_Framework_Builder            0x080034fd   Thumb Code   400  ux_device_descriptors.o(.text.USBD_Device_Framework_Builder)
    [Anonymous Symbol]                       0x080034fc   Section        0  ux_device_descriptors.o(.text.USBD_Device_Framework_Builder)
    __arm_cp.1_0                             0x0800368c   Number         4  ux_device_descriptors.o(.text.USBD_Device_Framework_Builder)
    __arm_cp.1_1                             0x08003690   Number         4  ux_device_descriptors.o(.text.USBD_Device_Framework_Builder)
    USBD_FrameWork_AddClass                  0x08003695   Thumb Code   132  ux_device_descriptors.o(.text.USBD_FrameWork_AddClass)
    [Anonymous Symbol]                       0x08003694   Section        0  ux_device_descriptors.o(.text.USBD_FrameWork_AddClass)
    USBD_FrameWork_AddConfDesc               0x08003719   Thumb Code    68  ux_device_descriptors.o(.text.USBD_FrameWork_AddConfDesc)
    [Anonymous Symbol]                       0x08003718   Section        0  ux_device_descriptors.o(.text.USBD_FrameWork_AddConfDesc)
    USBD_FrameWork_AddToConfDesc             0x0800375d   Thumb Code   264  ux_device_descriptors.o(.text.USBD_FrameWork_AddToConfDesc)
    [Anonymous Symbol]                       0x0800375c   Section        0  ux_device_descriptors.o(.text.USBD_FrameWork_AddToConfDesc)
    USBD_FrameWork_AssignEp                  0x08003865   Thumb Code   192  ux_device_descriptors.o(.text.USBD_FrameWork_AssignEp)
    [Anonymous Symbol]                       0x08003864   Section        0  ux_device_descriptors.o(.text.USBD_FrameWork_AssignEp)
    USBD_FrameWork_CDCDesc                   0x08003925   Thumb Code   824  ux_device_descriptors.o(.text.USBD_FrameWork_CDCDesc)
    [Anonymous Symbol]                       0x08003924   Section        0  ux_device_descriptors.o(.text.USBD_FrameWork_CDCDesc)
    __arm_cp.13_0                            0x08003c5c   Number         4  ux_device_descriptors.o(.text.USBD_FrameWork_CDCDesc)
    __arm_cp.13_1                            0x08003c60   Number         4  ux_device_descriptors.o(.text.USBD_FrameWork_CDCDesc)
    __arm_cp.13_2                            0x08003c64   Number         4  ux_device_descriptors.o(.text.USBD_FrameWork_CDCDesc)
    __arm_cp.13_3                            0x08003c68   Number         4  ux_device_descriptors.o(.text.USBD_FrameWork_CDCDesc)
    __arm_cp.13_4                            0x08003c6c   Number         4  ux_device_descriptors.o(.text.USBD_FrameWork_CDCDesc)
    __arm_cp.13_5                            0x08003c70   Number         4  ux_device_descriptors.o(.text.USBD_FrameWork_CDCDesc)
    __arm_cp.13_6                            0x08003c74   Number         4  ux_device_descriptors.o(.text.USBD_FrameWork_CDCDesc)
    USBD_FrameWork_FindFreeIFNbr             0x08003c79   Thumb Code    84  ux_device_descriptors.o(.text.USBD_FrameWork_FindFreeIFNbr)
    [Anonymous Symbol]                       0x08003c78   Section        0  ux_device_descriptors.o(.text.USBD_FrameWork_FindFreeIFNbr)
    [Anonymous Symbol]                       0x08003ccc   Section        0  ux_device_descriptors.o(.text.USBD_Get_Configuration_Number)
    [Anonymous Symbol]                       0x08003ce4   Section        0  ux_device_descriptors.o(.text.USBD_Get_Device_Framework_Speed)
    __arm_cp.0_0                             0x08003d64   Number         4  ux_device_descriptors.o(.text.USBD_Get_Device_Framework_Speed)
    __arm_cp.0_1                             0x08003d68   Number         4  ux_device_descriptors.o(.text.USBD_Get_Device_Framework_Speed)
    __arm_cp.0_2                             0x08003d6c   Number         4  ux_device_descriptors.o(.text.USBD_Get_Device_Framework_Speed)
    __arm_cp.0_3                             0x08003d70   Number         4  ux_device_descriptors.o(.text.USBD_Get_Device_Framework_Speed)
    [Anonymous Symbol]                       0x08003d74   Section        0  ux_device_descriptors.o(.text.USBD_Get_Interface_Number)
    __arm_cp.5_0                             0x08003df0   Number         4  ux_device_descriptors.o(.text.USBD_Get_Interface_Number)
    [Anonymous Symbol]                       0x08003df4   Section        0  ux_device_descriptors.o(.text.USBD_Get_Language_Id_Framework)
    __arm_cp.4_0                             0x08003e28   Number         4  ux_device_descriptors.o(.text.USBD_Get_Language_Id_Framework)
    [Anonymous Symbol]                       0x08003e2c   Section        0  ux_device_descriptors.o(.text.USBD_Get_String_Framework)
    __arm_cp.2_0                             0x08003eec   Number         4  ux_device_descriptors.o(.text.USBD_Get_String_Framework)
    __arm_cp.2_1                             0x08003ef0   Number         4  ux_device_descriptors.o(.text.USBD_Get_String_Framework)
    __arm_cp.2_2                             0x08003ef4   Number         4  ux_device_descriptors.o(.text.USBD_Get_String_Framework)
    __arm_cp.2_3                             0x08003ef8   Number         4  ux_device_descriptors.o(.text.USBD_Get_String_Framework)
    [Anonymous Symbol]                       0x08003efc   Section        0  stm32c0xx_ll_usb.o(.text.USB_DevInit)
    [Anonymous Symbol]                       0x08003f48   Section        0  stm32c0xx_ll_usb.o(.text.USB_DisableGlobalInt)
    __arm_cp.3_0                             0x08003f60   Number         4  stm32c0xx_ll_usb.o(.text.USB_DisableGlobalInt)
    [Anonymous Symbol]                       0x08003f64   Section        0  stm32c0xx_ll_usb.o(.text.USB_SetCurrentMode)
    __NVIC_EnableIRQ                         0x08003fb5   Thumb Code    40  stm32c0xx_hal_cortex.o(.text.__NVIC_EnableIRQ)
    [Anonymous Symbol]                       0x08003fb4   Section        0  stm32c0xx_hal_cortex.o(.text.__NVIC_EnableIRQ)
    __arm_cp.3_0                             0x08003fdc   Number         4  stm32c0xx_hal_cortex.o(.text.__NVIC_EnableIRQ)
    __NVIC_SetPriority                       0x08003fe1   Thumb Code   124  stm32c0xx_hal_cortex.o(.text.__NVIC_SetPriority)
    [Anonymous Symbol]                       0x08003fe0   Section        0  stm32c0xx_hal_cortex.o(.text.__NVIC_SetPriority)
    __arm_cp.1_0                             0x0800405c   Number         4  stm32c0xx_hal_cortex.o(.text.__NVIC_SetPriority)
    __arm_cp.1_1                             0x08004060   Number         4  stm32c0xx_hal_cortex.o(.text.__NVIC_SetPriority)
    [Anonymous Symbol]                       0x08004064   Section        0  ux_device_class_cdc_acm_activate.o(.text._ux_device_class_cdc_acm_activate)
    [Anonymous Symbol]                       0x080040a0   Section        0  ux_device_class_cdc_acm_control_request.o(.text._ux_device_class_cdc_acm_control_request)
    __arm_cp.0_0                             0x080041f0   Number         4  ux_device_class_cdc_acm_control_request.o(.text._ux_device_class_cdc_acm_control_request)
    [Anonymous Symbol]                       0x080041f4   Section        0  ux_device_class_cdc_acm_deactivate.o(.text._ux_device_class_cdc_acm_deactivate)
    [Anonymous Symbol]                       0x08004274   Section        0  ux_device_class_cdc_acm_entry.o(.text._ux_device_class_cdc_acm_entry)
    [Anonymous Symbol]                       0x08004314   Section        0  ux_device_class_cdc_acm_initialize.o(.text._ux_device_class_cdc_acm_initialize)
    [Anonymous Symbol]                       0x08004388   Section        0  ux_device_class_cdc_acm_ioctl.o(.text._ux_device_class_cdc_acm_ioctl)
    [Anonymous Symbol]                       0x0800453a   Section        0  ux_device_class_cdc_acm_unitialize.o(.text._ux_device_class_cdc_acm_uninitialize)
    [Anonymous Symbol]                       0x08004564   Section        0  ux_device_stack_class_register.o(.text._ux_device_stack_class_register)
    [Anonymous Symbol]                       0x08004604   Section        0  ux_device_stack_initialize.o(.text._ux_device_stack_initialize)
    __arm_cp.0_0                             0x08004970   Number         4  ux_device_stack_initialize.o(.text._ux_device_stack_initialize)
    [Anonymous Symbol]                       0x08004974   Section        0  ux_device_stack_transfer_abort.o(.text._ux_device_stack_transfer_abort)
    __arm_cp.0_0                             0x080049c4   Number         4  ux_device_stack_transfer_abort.o(.text._ux_device_stack_transfer_abort)
    [Anonymous Symbol]                       0x080049c8   Section        0  ux_device_stack_transfer_all_request_abort.o(.text._ux_device_stack_transfer_all_request_abort)
    [Anonymous Symbol]                       0x080049e4   Section        0  ux_device_stack_transfer_request.o(.text._ux_device_stack_transfer_request)
    [Anonymous Symbol]                       0x08004a2c   Section        0  ux_device_stack_transfer_run.o(.text._ux_device_stack_transfer_run)
    [Anonymous Symbol]                       0x08004b98   Section        0  ux_system_error_handler.o(.text._ux_system_error_handler)
    [Anonymous Symbol]                       0x08004bd0   Section        0  ux_system_initialize.o(.text._ux_system_initialize)
    __arm_cp.0_1                             0x08004d04   Number         4  ux_system_initialize.o(.text._ux_system_initialize)
    [Anonymous Symbol]                       0x08004d08   Section        0  app_usbx_device.o(.text._ux_utility_interrupt_disable)
    [Anonymous Symbol]                       0x08004d1c   Section        0  app_usbx_device.o(.text._ux_utility_interrupt_restore)
    [Anonymous Symbol]                       0x08004d2e   Section        0  ux_utility_long_get.o(.text._ux_utility_long_get)
    [Anonymous Symbol]                       0x08004d6e   Section        0  ux_utility_long_put.o(.text._ux_utility_long_put)
    [Anonymous Symbol]                       0x08004da0   Section        0  ux_utility_memory_allocate.o(.text._ux_utility_memory_allocate)
    __arm_cp.0_0                             0x08004f84   Number         4  ux_utility_memory_allocate.o(.text._ux_utility_memory_allocate)
    [Anonymous Symbol]                       0x08004f88   Section        0  ux_utility_memory_allocate_mulc_safe.o(.text._ux_utility_memory_allocate_mulc_safe)
    [Anonymous Symbol]                       0x08004fd4   Section        0  ux_utility_memory_byte_pool_create.o(.text._ux_utility_memory_byte_pool_create)
    [Anonymous Symbol]                       0x0800506c   Section        0  ux_utility_memory_byte_pool_search.o(.text._ux_utility_memory_byte_pool_search)
    __arm_cp.0_0                             0x080051bc   Number         4  ux_utility_memory_byte_pool_search.o(.text._ux_utility_memory_byte_pool_search)
    [Anonymous Symbol]                       0x080051c0   Section        0  ux_utility_memory_copy.o(.text._ux_utility_memory_copy)
    [Anonymous Symbol]                       0x080051f4   Section        0  ux_utility_memory_free.o(.text._ux_utility_memory_free)
    __arm_cp.0_0                             0x080052d8   Number         4  ux_utility_memory_free.o(.text._ux_utility_memory_free)
    __arm_cp.0_1                             0x080052dc   Number         4  ux_utility_memory_free.o(.text._ux_utility_memory_free)
    [Anonymous Symbol]                       0x080052e0   Section        0  ux_utility_memory_set.o(.text._ux_utility_memory_set)
    [Anonymous Symbol]                       0x0800530c   Section        0  ux_utility_short_get.o(.text._ux_utility_short_get)
    [Anonymous Symbol]                       0x0800532e   Section        0  ux_utility_string_length_check.o(.text._ux_utility_string_length_check)
    [Anonymous Symbol]                       0x0800539a   Section        0  ux_system_initialize.o(.text._uxe_system_initialize)
    [Anonymous Symbol]                       0x080053d4   Section        0  bringup.o(.text.bringup_init)
    __arm_cp.0_0                             0x080053e8   Number         4  bringup.o(.text.bringup_init)
    [Anonymous Symbol]                       0x080053ec   Section        0  main.o(.text.main)
    [Anonymous Symbol]                       0x08005420   Section        0  bringup.o(.text.main_loop)
    [Anonymous Symbol]                       0x08005424   Section        0  tcs34725.o(.text.tcs34725_init)
    [Anonymous Symbol]                       0x08005434   Section        0  tcs34725.o(.text.tcs34725_loop)
    __arm_cp.5_0                             0x08005450   Number         4  tcs34725.o(.text.tcs34725_loop)
    __arm_cp.5_1                             0x08005454   Number         4  tcs34725.o(.text.tcs34725_loop)
    __arm_cp.5_2                             0x08005458   Number         4  tcs34725.o(.text.tcs34725_loop)
    __arm_cp.5_3                             0x0800545c   Number         4  tcs34725.o(.text.tcs34725_loop)
    [Anonymous Symbol]                       0x08005460   Section        0  bringup.o(.text.tim1_loop)
    i._fleq                                  0x08005468   Section        0  fcmp.o(i._fleq)
    x$fpl$fleqf                              0x08005484   Section       84  flef.o(x$fpl$fleqf)
    x$fpl$fmul                               0x080054d8   Section      176  fmul.o(x$fpl$fmul)
    fdiv_tab                                 0x08005588   Data          64  fdiv.o(.constdata)
    .constdata                               0x08005588   Section       64  fdiv.o(.constdata)
    x$fpl$usenofp                            0x08005588   Section        0  usenofp.o(x$fpl$usenofp)
    [Anonymous Symbol]                       0x08005608   Section        0  ux_device_descriptors.o(.rodata.str1.1)
    pDevFrameWorkDesc_FS                     0x20000028   Data           4  ux_device_descriptors.o(.data.pDevFrameWorkDesc_FS)
    [Anonymous Symbol]                       0x20000028   Section        0  ux_device_descriptors.o(.data.pDevFrameWorkDesc_FS)
    pDevFrameWorkDesc_HS                     0x2000002c   Data           4  ux_device_descriptors.o(.data.pDevFrameWorkDesc_HS)
    [Anonymous Symbol]                       0x2000002c   Section        0  ux_device_descriptors.o(.data.pDevFrameWorkDesc_HS)
    .bss                                     0x20000038   Section       96  libspace.o(.bss)
    DevFrameWorkDesc_FS                      0x20000098   Data         200  ux_device_descriptors.o(.bss.DevFrameWorkDesc_FS)
    [Anonymous Symbol]                       0x20000098   Section        0  ux_device_descriptors.o(.bss.DevFrameWorkDesc_FS)
    DevFrameWorkDesc_HS                      0x20000160   Data         200  ux_device_descriptors.o(.bss.DevFrameWorkDesc_HS)
    [Anonymous Symbol]                       0x20000160   Section        0  ux_device_descriptors.o(.bss.DevFrameWorkDesc_HS)
    USBD_Device_Framework_Builder.pDevDesc   0x20000350   Data           4  ux_device_descriptors.o(.bss.USBD_Device_Framework_Builder.pDevDesc)
    [Anonymous Symbol]                       0x20000350   Section        0  ux_device_descriptors.o(.bss.USBD_Device_Framework_Builder.pDevDesc)
    USBD_Device_Framework_Builder.pDevQualDesc 0x20000354   Data           4  ux_device_descriptors.o(.bss.USBD_Device_Framework_Builder.pDevQualDesc)
    [Anonymous Symbol]                       0x20000354   Section        0  ux_device_descriptors.o(.bss.USBD_Device_Framework_Builder.pDevQualDesc)
    USBD_FrameWork_CDCDesc.pACMDesc          0x20000480   Data           4  ux_device_descriptors.o(.bss.USBD_FrameWork_CDCDesc.pACMDesc)
    [Anonymous Symbol]                       0x20000480   Section        0  ux_device_descriptors.o(.bss.USBD_FrameWork_CDCDesc.pACMDesc)
    USBD_FrameWork_CDCDesc.pCallMgmDesc      0x20000484   Data           4  ux_device_descriptors.o(.bss.USBD_FrameWork_CDCDesc.pCallMgmDesc)
    [Anonymous Symbol]                       0x20000484   Section        0  ux_device_descriptors.o(.bss.USBD_FrameWork_CDCDesc.pCallMgmDesc)
    USBD_FrameWork_CDCDesc.pEpDesc           0x20000488   Data           4  ux_device_descriptors.o(.bss.USBD_FrameWork_CDCDesc.pEpDesc)
    [Anonymous Symbol]                       0x20000488   Section        0  ux_device_descriptors.o(.bss.USBD_FrameWork_CDCDesc.pEpDesc)
    USBD_FrameWork_CDCDesc.pHeadDesc         0x2000048c   Data           4  ux_device_descriptors.o(.bss.USBD_FrameWork_CDCDesc.pHeadDesc)
    [Anonymous Symbol]                       0x2000048c   Section        0  ux_device_descriptors.o(.bss.USBD_FrameWork_CDCDesc.pHeadDesc)
    USBD_FrameWork_CDCDesc.pIadDesc          0x20000490   Data           4  ux_device_descriptors.o(.bss.USBD_FrameWork_CDCDesc.pIadDesc)
    [Anonymous Symbol]                       0x20000490   Section        0  ux_device_descriptors.o(.bss.USBD_FrameWork_CDCDesc.pIadDesc)
    USBD_FrameWork_CDCDesc.pIfDesc           0x20000494   Data           4  ux_device_descriptors.o(.bss.USBD_FrameWork_CDCDesc.pIfDesc)
    [Anonymous Symbol]                       0x20000494   Section        0  ux_device_descriptors.o(.bss.USBD_FrameWork_CDCDesc.pIfDesc)
    USBD_FrameWork_CDCDesc.pUnionDesc        0x20000498   Data           4  ux_device_descriptors.o(.bss.USBD_FrameWork_CDCDesc.pUnionDesc)
    [Anonymous Symbol]                       0x20000498   Section        0  ux_device_descriptors.o(.bss.USBD_FrameWork_CDCDesc.pUnionDesc)
    cdc_acm_configuration_number             0x200005a8   Data           4  app_usbx_device.o(.bss.cdc_acm_configuration_number)
    [Anonymous Symbol]                       0x200005a8   Section        0  app_usbx_device.o(.bss.cdc_acm_configuration_number)
    cdc_acm_interface_number                 0x200005ac   Data           4  app_usbx_device.o(.bss.cdc_acm_interface_number)
    [Anonymous Symbol]                       0x200005ac   Section        0  app_usbx_device.o(.bss.cdc_acm_interface_number)
    cdc_acm_parameter                        0x200005b0   Data          12  app_usbx_device.o(.bss.cdc_acm_parameter)
    [Anonymous Symbol]                       0x200005b0   Section        0  app_usbx_device.o(.bss.cdc_acm_parameter)
    ux_device_byte_pool_buffer               0x2000099c   Data        1024  app_usbx_device.o(.bss.ux_device_byte_pool_buffer)
    [Anonymous Symbol]                       0x2000099c   Section        0  app_usbx_device.o(.bss.ux_device_byte_pool_buffer)
    Heap_Mem                                 0x20000da0   Data         512  startup_stm32c071xx.o(HEAP)
    HEAP                                     0x20000da0   Section      512  startup_stm32c071xx.o(HEAP)
    Stack_Mem                                0x20000fa0   Data        1024  startup_stm32c071xx.o(STACK)
    STACK                                    0x20000fa0   Section     1024  startup_stm32c071xx.o(STACK)
    __initial_sp                             0x200013a0   Data           0  startup_stm32c071xx.o(STACK)

    Global Symbols

    Symbol Name                              Value     Ov Type        Size  Object(Section)

    BuildAttributes$$THM_ISAv3M$S$PE$A:L22$X:L11$S22$IEEE1$IW$~IW$USESV6$~STKCKD$USESV7$~SHL$OSPACE$ROPI$EBA8$UX$STANDARDLIB$REQ8$PRES8$EABIv2 0x00000000   Number         0  anon$$obj.o ABSOLUTE
    __ARM_exceptions_init                     - Undefined Weak Reference
    __alloca_initialize                       - Undefined Weak Reference
    __arm_preinit_                            - Undefined Weak Reference
    __arm_relocate_pie_                       - Undefined Weak Reference
    __cpp_initialize__aeabi_                  - Undefined Weak Reference
    __cxa_finalize                            - Undefined Weak Reference
    __rt_locale                               - Undefined Weak Reference
    __sigvec_lookup                           - Undefined Weak Reference
    _atexit_init                              - Undefined Weak Reference
    _call_atexit_fns                          - Undefined Weak Reference
    _clock_init                               - Undefined Weak Reference
    _fp_trap_init                             - Undefined Weak Reference
    _fp_trap_shutdown                         - Undefined Weak Reference
    _get_lc_collate                           - Undefined Weak Reference
    _get_lc_ctype                             - Undefined Weak Reference
    _get_lc_monetary                          - Undefined Weak Reference
    _get_lc_numeric                           - Undefined Weak Reference
    _get_lc_time                              - Undefined Weak Reference
    _getenv_init                              - Undefined Weak Reference
    _handle_redirection                       - Undefined Weak Reference
    _init_alloc                               - Undefined Weak Reference
    _init_user_alloc                          - Undefined Weak Reference
    _initio                                   - Undefined Weak Reference
    _rand_init                                - Undefined Weak Reference
    _signal_finish                            - Undefined Weak Reference
    _signal_init                              - Undefined Weak Reference
    _terminate_alloc                          - Undefined Weak Reference
    _terminate_user_alloc                     - Undefined Weak Reference
    _terminateio                              - Undefined Weak Reference
    __Vectors_Size                           0x000000c0   Number         0  startup_stm32c071xx.o ABSOLUTE
    __Vectors                                0x08000000   Data           4  startup_stm32c071xx.o(RESET)
    __Vectors_End                            0x080000c0   Data           0  startup_stm32c071xx.o(RESET)
    __main                                   0x080000c1   Thumb Code     8  __main.o(!!!main)
    __scatterload                            0x080000c9   Thumb Code     0  __scatter.o(!!!scatter)
    __scatterload_rt2                        0x080000c9   Thumb Code    74  __scatter.o(!!!scatter)
    __scatterload_rt2_thumb_only             0x080000c9   Thumb Code     0  __scatter.o(!!!scatter)
    __scatterload_loop                       0x080000d3   Thumb Code     0  __scatter.o(!!!scatter)
    __scatterload_copy                       0x0800011d   Thumb Code    26  __scatter_copy.o(!!handler_copy)
    __scatterload_null                       0x08000139   Thumb Code     2  __scatter.o(!!handler_null)
    __scatterload_zeroinit                   0x0800013d   Thumb Code    28  __scatter_zi.o(!!handler_zi)
    __rt_lib_init                            0x08000159   Thumb Code     0  libinit.o(.ARM.Collect$$libinit$$00000000)
    __rt_lib_init_alloca_1                   0x0800015b   Thumb Code     0  libinit2.o(.ARM.Collect$$libinit$$00000030)
    __rt_lib_init_argv_1                     0x0800015b   Thumb Code     0  libinit2.o(.ARM.Collect$$libinit$$0000002E)
    __rt_lib_init_atexit_1                   0x0800015b   Thumb Code     0  libinit2.o(.ARM.Collect$$libinit$$0000001D)
    __rt_lib_init_clock_1                    0x0800015b   Thumb Code     0  libinit2.o(.ARM.Collect$$libinit$$00000023)
    __rt_lib_init_cpp_1                      0x0800015b   Thumb Code     0  libinit2.o(.ARM.Collect$$libinit$$00000034)
    __rt_lib_init_exceptions_1               0x0800015b   Thumb Code     0  libinit2.o(.ARM.Collect$$libinit$$00000032)
    __rt_lib_init_fp_1                       0x0800015b   Thumb Code     0  libinit2.o(.ARM.Collect$$libinit$$00000002)
    __rt_lib_init_fp_trap_1                  0x0800015b   Thumb Code     0  libinit2.o(.ARM.Collect$$libinit$$00000021)
    __rt_lib_init_getenv_1                   0x0800015b   Thumb Code     0  libinit2.o(.ARM.Collect$$libinit$$00000025)
    __rt_lib_init_heap_1                     0x0800015b   Thumb Code     0  libinit2.o(.ARM.Collect$$libinit$$0000000C)
    __rt_lib_init_lc_collate_1               0x0800015b   Thumb Code     0  libinit2.o(.ARM.Collect$$libinit$$00000013)
    __rt_lib_init_lc_ctype_1                 0x0800015b   Thumb Code     0  libinit2.o(.ARM.Collect$$libinit$$00000015)
    __rt_lib_init_lc_monetary_1              0x0800015b   Thumb Code     0  libinit2.o(.ARM.Collect$$libinit$$00000017)
    __rt_lib_init_lc_numeric_1               0x0800015b   Thumb Code     0  libinit2.o(.ARM.Collect$$libinit$$00000019)
    __rt_lib_init_lc_time_1                  0x0800015b   Thumb Code     0  libinit2.o(.ARM.Collect$$libinit$$0000001B)
    __rt_lib_init_preinit_1                  0x0800015b   Thumb Code     0  libinit2.o(.ARM.Collect$$libinit$$00000006)
    __rt_lib_init_rand_1                     0x0800015b   Thumb Code     0  libinit2.o(.ARM.Collect$$libinit$$00000010)
    __rt_lib_init_relocate_pie_1             0x0800015b   Thumb Code     0  libinit2.o(.ARM.Collect$$libinit$$00000004)
    __rt_lib_init_return                     0x0800015b   Thumb Code     0  libinit2.o(.ARM.Collect$$libinit$$00000035)
    __rt_lib_init_signal_1                   0x0800015b   Thumb Code     0  libinit2.o(.ARM.Collect$$libinit$$0000001F)
    __rt_lib_init_stdio_1                    0x0800015b   Thumb Code     0  libinit2.o(.ARM.Collect$$libinit$$00000027)
    __rt_lib_init_user_alloc_1               0x0800015b   Thumb Code     0  libinit2.o(.ARM.Collect$$libinit$$0000000E)
    __rt_lib_shutdown                        0x0800015d   Thumb Code     0  libshutdown.o(.ARM.Collect$$libshutdown$$00000000)
    __rt_lib_shutdown_cpp_1                  0x0800015f   Thumb Code     0  libshutdown2.o(.ARM.Collect$$libshutdown$$00000002)
    __rt_lib_shutdown_fp_trap_1              0x0800015f   Thumb Code     0  libshutdown2.o(.ARM.Collect$$libshutdown$$00000007)
    __rt_lib_shutdown_heap_1                 0x0800015f   Thumb Code     0  libshutdown2.o(.ARM.Collect$$libshutdown$$0000000F)
    __rt_lib_shutdown_return                 0x0800015f   Thumb Code     0  libshutdown2.o(.ARM.Collect$$libshutdown$$00000010)
    __rt_lib_shutdown_signal_1               0x0800015f   Thumb Code     0  libshutdown2.o(.ARM.Collect$$libshutdown$$0000000A)
    __rt_lib_shutdown_stdio_1                0x0800015f   Thumb Code     0  libshutdown2.o(.ARM.Collect$$libshutdown$$00000004)
    __rt_lib_shutdown_user_alloc_1           0x0800015f   Thumb Code     0  libshutdown2.o(.ARM.Collect$$libshutdown$$0000000C)
    __rt_entry                               0x08000161   Thumb Code     0  __rtentry.o(.ARM.Collect$$rtentry$$00000000)
    __rt_entry_presh_1                       0x08000161   Thumb Code     0  __rtentry2.o(.ARM.Collect$$rtentry$$00000002)
    __rt_entry_sh                            0x08000161   Thumb Code     0  __rtentry4.o(.ARM.Collect$$rtentry$$00000004)
    __rt_entry_li                            0x08000167   Thumb Code     0  __rtentry2.o(.ARM.Collect$$rtentry$$0000000A)
    __rt_entry_postsh_1                      0x08000167   Thumb Code     0  __rtentry2.o(.ARM.Collect$$rtentry$$00000009)
    __rt_entry_main                          0x0800016b   Thumb Code     0  __rtentry2.o(.ARM.Collect$$rtentry$$0000000D)
    __rt_entry_postli_1                      0x0800016b   Thumb Code     0  __rtentry2.o(.ARM.Collect$$rtentry$$0000000C)
    __rt_exit                                0x08000173   Thumb Code     0  rtexit.o(.ARM.Collect$$rtexit$$00000000)
    __rt_exit_ls                             0x08000175   Thumb Code     0  rtexit2.o(.ARM.Collect$$rtexit$$00000003)
    __rt_exit_prels_1                        0x08000175   Thumb Code     0  rtexit2.o(.ARM.Collect$$rtexit$$00000002)
    __rt_exit_exit                           0x08000179   Thumb Code     0  rtexit2.o(.ARM.Collect$$rtexit$$00000004)
    Reset_Handler                            0x08000181   Thumb Code     8  startup_stm32c071xx.o(.text)
    ADC1_IRQHandler                          0x08000193   Thumb Code     0  startup_stm32c071xx.o(.text)
    DMA1_Channel1_IRQHandler                 0x08000193   Thumb Code     0  startup_stm32c071xx.o(.text)
    DMA1_Channel2_3_IRQHandler               0x08000193   Thumb Code     0  startup_stm32c071xx.o(.text)
    DMAMUX1_DMA1_CH4_5_IRQHandler            0x08000193   Thumb Code     0  startup_stm32c071xx.o(.text)
    EXTI0_1_IRQHandler                       0x08000193   Thumb Code     0  startup_stm32c071xx.o(.text)
    EXTI2_3_IRQHandler                       0x08000193   Thumb Code     0  startup_stm32c071xx.o(.text)
    EXTI4_15_IRQHandler                      0x08000193   Thumb Code     0  startup_stm32c071xx.o(.text)
    FLASH_IRQHandler                         0x08000193   Thumb Code     0  startup_stm32c071xx.o(.text)
    I2C1_IRQHandler                          0x08000193   Thumb Code     0  startup_stm32c071xx.o(.text)
    I2C2_IRQHandler                          0x08000193   Thumb Code     0  startup_stm32c071xx.o(.text)
    PVD_VDDIO2_IRQHandler                    0x08000193   Thumb Code     0  startup_stm32c071xx.o(.text)
    RCC_CRS_IRQHandler                       0x08000193   Thumb Code     0  startup_stm32c071xx.o(.text)
    RTC_IRQHandler                           0x08000193   Thumb Code     0  startup_stm32c071xx.o(.text)
    SPI1_IRQHandler                          0x08000193   Thumb Code     0  startup_stm32c071xx.o(.text)
    SPI2_IRQHandler                          0x08000193   Thumb Code     0  startup_stm32c071xx.o(.text)
    TIM14_IRQHandler                         0x08000193   Thumb Code     0  startup_stm32c071xx.o(.text)
    TIM16_IRQHandler                         0x08000193   Thumb Code     0  startup_stm32c071xx.o(.text)
    TIM17_IRQHandler                         0x08000193   Thumb Code     0  startup_stm32c071xx.o(.text)
    TIM1_CC_IRQHandler                       0x08000193   Thumb Code     0  startup_stm32c071xx.o(.text)
    TIM2_IRQHandler                          0x08000193   Thumb Code     0  startup_stm32c071xx.o(.text)
    TIM3_IRQHandler                          0x08000193   Thumb Code     0  startup_stm32c071xx.o(.text)
    USART1_IRQHandler                        0x08000193   Thumb Code     0  startup_stm32c071xx.o(.text)
    USART2_IRQHandler                        0x08000193   Thumb Code     0  startup_stm32c071xx.o(.text)
    USB_DRD_FS_IRQHandler                    0x08000193   Thumb Code     0  startup_stm32c071xx.o(.text)
    WWDG_IRQHandler                          0x08000193   Thumb Code     0  startup_stm32c071xx.o(.text)
    __user_initial_stackheap                 0x08000195   Thumb Code     0  startup_stm32c071xx.o(.text)
    strlen                                   0x080001b9   Thumb Code    62  strlen.o(.text)
    __aeabi_uidiv                            0x080001fd   Thumb Code     0  aeabi_sdiv.o(.text)
    __aeabi_uidivmod                         0x080001fd   Thumb Code    20  aeabi_sdiv.o(.text)
    __aeabi_idiv                             0x08000211   Thumb Code     0  aeabi_sdiv.o(.text)
    __aeabi_idivmod                          0x08000211   Thumb Code   338  aeabi_sdiv.o(.text)
    __use_two_region_memory                  0x08000369   Thumb Code     2  heapauxi.o(.text)
    __rt_heap_escrow$2region                 0x0800036b   Thumb Code     2  heapauxi.o(.text)
    __rt_heap_expand$2region                 0x0800036d   Thumb Code     2  heapauxi.o(.text)
    __aeabi_fdiv                             0x08000371   Thumb Code     0  fdiv.o(.text)
    __divsf3                                 0x08000371   Thumb Code     0  fdiv.o(.text)
    _fdiv                                    0x08000371   Thumb Code   334  fdiv.o(.text)
    _frdiv                                   0x080004bf   Thumb Code     8  fdiv.o(.text)
    __aeabi_f2iz                             0x080004d1   Thumb Code     0  ffixi.o(.text)
    _ffix                                    0x080004d1   Thumb Code    76  ffixi.o(.text)
    __aeabi_i2f_normalise                    0x0800051d   Thumb Code    72  fflti.o(.text)
    __aeabi_i2f                              0x08000565   Thumb Code    16  fflti.o(.text)
    _fflt                                    0x08000565   Thumb Code     0  fflti.o(.text)
    __aeabi_ui2f                             0x08000575   Thumb Code     6  fflti.o(.text)
    _ffltu                                   0x08000575   Thumb Code     0  fflti.o(.text)
    __fpl_fcmp_InfNaN                        0x0800057d   Thumb Code    96  fcmpin.o(.text)
    __user_setup_stackheap                   0x080005e1   Thumb Code    62  sys_stackheap_outer.o(.text)
    exit                                     0x0800061f   Thumb Code    16  exit.o(.text)
    __fpl_cmpreturn                          0x0800062f   Thumb Code    46  cmpret.o(.text)
    __fpl_fcheck_NaN2                        0x0800065d   Thumb Code    10  fnan2.o(.text)
    __user_libspace                          0x0800066d   Thumb Code     8  libspace.o(.text)
    __user_perproc_libspace                  0x0800066d   Thumb Code     0  libspace.o(.text)
    __user_perthread_libspace                0x0800066d   Thumb Code     0  libspace.o(.text)
    __fpl_return_NaN                         0x08000675   Thumb Code    94  retnan.o(.text)
    _sys_exit                                0x080006d5   Thumb Code     8  sys_exit.o(.text)
    __I$use$semihosting                      0x080006e1   Thumb Code     0  use_no_semi.o(.text)
    __use_no_semihosting_swi                 0x080006e1   Thumb Code     2  use_no_semi.o(.text)
    Error_Handler                            0x080006e3   Thumb Code     6  main.o(.text.Error_Handler)
    __semihosting_library_function           0x080006e3   Thumb Code     0  indicate_semi.o(.text)
    HAL_Delay                                0x080006e9   Thumb Code    64  stm32c0xx_hal.o(.text.HAL_Delay)
    HAL_GPIO_Init                            0x0800072d   Thumb Code   728  stm32c0xx_hal_gpio.o(.text.HAL_GPIO_Init)
    HAL_GetTick                              0x08000a29   Thumb Code     8  stm32c0xx_hal.o(.text.HAL_GetTick)
    HAL_I2CEx_ConfigAnalogFilter             0x08000a35   Thumb Code   150  stm32c0xx_hal_i2c_ex.o(.text.HAL_I2CEx_ConfigAnalogFilter)
    HAL_I2CEx_ConfigDigitalFilter            0x08000acb   Thumb Code   160  stm32c0xx_hal_i2c_ex.o(.text.HAL_I2CEx_ConfigDigitalFilter)
    HAL_I2C_Init                             0x08000b6d   Thumb Code   284  stm32c0xx_hal_i2c.o(.text.HAL_I2C_Init)
    HAL_I2C_Master_Receive                   0x08000c8d   Thumb Code   508  stm32c0xx_hal_i2c.o(.text.HAL_I2C_Master_Receive)
    HAL_I2C_Master_Transmit                  0x08000e8d   Thumb Code   564  stm32c0xx_hal_i2c.o(.text.HAL_I2C_Master_Transmit)
    HAL_I2C_MspInit                          0x080010c9   Thumb Code   244  i2c.o(.text.HAL_I2C_MspInit)
    HAL_IncTick                              0x080011cd   Thumb Code    16  stm32c0xx_hal.o(.text.HAL_IncTick)
    HAL_Init                                 0x080011e1   Thumb Code    44  stm32c0xx_hal.o(.text.HAL_Init)
    HAL_InitTick                             0x0800120d   Thumb Code   120  stm32c0xx_hal.o(.text.HAL_InitTick)
    HAL_MspInit                              0x08001291   Thumb Code    52  stm32c0xx_hal_msp.o(.text.HAL_MspInit)
    HAL_NVIC_EnableIRQ                       0x080012c9   Thumb Code    22  stm32c0xx_hal_cortex.o(.text.HAL_NVIC_EnableIRQ)
    HAL_NVIC_SetPriority                     0x080012df   Thumb Code    28  stm32c0xx_hal_cortex.o(.text.HAL_NVIC_SetPriority)
    HAL_PCDEx_ActivateLPM                    0x080012fb   Thumb Code    52  stm32c0xx_hal_pcd_ex.o(.text.HAL_PCDEx_ActivateLPM)
    HAL_PCD_Init                             0x08001331   Thumb Code   400  stm32c0xx_hal_pcd.o(.text.HAL_PCD_Init)
    HAL_PCD_MspInit                          0x080014c5   Thumb Code    96  usb.o(.text.HAL_PCD_MspInit)
    HAL_RCCEx_PeriphCLKConfig                0x0800152d   Thumb Code   464  stm32c0xx_hal_rcc_ex.o(.text.HAL_RCCEx_PeriphCLKConfig)
    HAL_RCC_ClockConfig                      0x08001709   Thumb Code   592  stm32c0xx_hal_rcc.o(.text.HAL_RCC_ClockConfig)
    HAL_RCC_GetSysClockFreq                  0x08001975   Thumb Code   176  stm32c0xx_hal_rcc.o(.text.HAL_RCC_GetSysClockFreq)
    HAL_RCC_OscConfig                        0x08001a35   Thumb Code  1176  stm32c0xx_hal_rcc.o(.text.HAL_RCC_OscConfig)
    HAL_SYSTICK_Config                       0x08001ef5   Thumb Code    16  stm32c0xx_hal_cortex.o(.text.HAL_SYSTICK_Config)
    HAL_TIMEx_Break2Callback                 0x08001f05   Thumb Code     8  stm32c0xx_hal_tim_ex.o(.text.HAL_TIMEx_Break2Callback)
    HAL_TIMEx_BreakCallback                  0x08001f0d   Thumb Code     8  stm32c0xx_hal_tim_ex.o(.text.HAL_TIMEx_BreakCallback)
    HAL_TIMEx_CommutCallback                 0x08001f15   Thumb Code     8  stm32c0xx_hal_tim_ex.o(.text.HAL_TIMEx_CommutCallback)
    HAL_TIMEx_MasterConfigSynchronization    0x08001f1d   Thumb Code   228  stm32c0xx_hal_tim_ex.o(.text.HAL_TIMEx_MasterConfigSynchronization)
    HAL_TIM_Base_Init                        0x08002001   Thumb Code   170  stm32c0xx_hal_tim.o(.text.HAL_TIM_Base_Init)
    HAL_TIM_Base_MspInit                     0x080020ad   Thumb Code    68  tim.o(.text.HAL_TIM_Base_MspInit)
    HAL_TIM_Base_Start_IT                    0x080020f5   Thumb Code   160  stm32c0xx_hal_tim.o(.text.HAL_TIM_Base_Start_IT)
    HAL_TIM_ConfigClockSource                0x080021a1   Thumb Code   396  stm32c0xx_hal_tim.o(.text.HAL_TIM_ConfigClockSource)
    HAL_TIM_IC_CaptureCallback               0x08002331   Thumb Code     8  stm32c0xx_hal_tim.o(.text.HAL_TIM_IC_CaptureCallback)
    HAL_TIM_IRQHandler                       0x08002339   Thumb Code   604  stm32c0xx_hal_tim.o(.text.HAL_TIM_IRQHandler)
    HAL_TIM_OC_DelayElapsedCallback          0x0800259d   Thumb Code     8  stm32c0xx_hal_tim.o(.text.HAL_TIM_OC_DelayElapsedCallback)
    HAL_TIM_PWM_PulseFinishedCallback        0x080025a5   Thumb Code     8  stm32c0xx_hal_tim.o(.text.HAL_TIM_PWM_PulseFinishedCallback)
    HAL_TIM_PeriodElapsedCallback            0x080025ad   Thumb Code     8  stm32c0xx_hal_tim.o(.text.HAL_TIM_PeriodElapsedCallback)
    HAL_TIM_TriggerCallback                  0x080025b5   Thumb Code     8  stm32c0xx_hal_tim.o(.text.HAL_TIM_TriggerCallback)
    HardFault_Handler                        0x080025bd   Thumb Code     4  stm32c0xx_it.o(.text.HardFault_Handler)
    MX_GPIO_Init                             0x08002bb9   Thumb Code    52  gpio.o(.text.MX_GPIO_Init)
    MX_I2C1_Init                             0x08002bf1   Thumb Code    96  i2c.o(.text.MX_I2C1_Init)
    MX_I2C2_Init                             0x08002c59   Thumb Code    96  i2c.o(.text.MX_I2C2_Init)
    MX_TIM1_Init                             0x08002cc5   Thumb Code   120  tim.o(.text.MX_TIM1_Init)
    MX_USBX_Device_Init                      0x08002d4d   Thumb Code   212  app_usbx_device.o(.text.MX_USBX_Device_Init)
    MX_USB_PCD_Init                          0x08002e49   Thumb Code    60  usb.o(.text.MX_USB_PCD_Init)
    NMI_Handler                              0x08002e8d   Thumb Code     4  stm32c0xx_it.o(.text.NMI_Handler)
    PendSV_Handler                           0x08002e91   Thumb Code     2  stm32c0xx_it.o(.text.PendSV_Handler)
    SVC_Handler                              0x08002e93   Thumb Code     2  stm32c0xx_it.o(.text.SVC_Handler)
    SysTick_Handler                          0x08002ee5   Thumb Code     8  stm32c0xx_it.o(.text.SysTick_Handler)
    SystemClock_Config                       0x08002eed   Thumb Code   124  main.o(.text.SystemClock_Config)
    SystemInit                               0x08002f6d   Thumb Code    12  system_stm32c0xx.o(.text.SystemInit)
    TCS34725_GetRGB888                       0x08002f7d   Thumb Code   264  tcs34725.o(.text.TCS34725_GetRGB888)
    TCS34725_Init                            0x08003089   Thumb Code    40  tcs34725.o(.text.TCS34725_Init)
    TIM1_BRK_UP_TRG_COM_IRQHandler           0x080031d1   Thumb Code    16  stm32c0xx_it.o(.text.TIM1_BRK_UP_TRG_COM_IRQHandler)
    TIM_Base_SetConfig                       0x080031e5   Thumb Code   244  stm32c0xx_hal_tim.o(.text.TIM_Base_SetConfig)
    TIM_ETR_SetConfig                        0x080032ed   Thumb Code    54  stm32c0xx_hal_tim.o(.text.TIM_ETR_SetConfig)
    USBD_CDC_ACM_Activate                    0x080033f9   Thumb Code     8  ux_device_cdc_acm.o(.text.USBD_CDC_ACM_Activate)
    USBD_CDC_ACM_Deactivate                  0x08003401   Thumb Code     8  ux_device_cdc_acm.o(.text.USBD_CDC_ACM_Deactivate)
    USBD_CDC_ACM_ParameterChange             0x08003409   Thumb Code     8  ux_device_cdc_acm.o(.text.USBD_CDC_ACM_ParameterChange)
    USBD_Get_Configuration_Number            0x08003ccd   Thumb Code    22  ux_device_descriptors.o(.text.USBD_Get_Configuration_Number)
    USBD_Get_Device_Framework_Speed          0x08003ce5   Thumb Code   128  ux_device_descriptors.o(.text.USBD_Get_Device_Framework_Speed)
    USBD_Get_Interface_Number                0x08003d75   Thumb Code   124  ux_device_descriptors.o(.text.USBD_Get_Interface_Number)
    USBD_Get_Language_Id_Framework           0x08003df5   Thumb Code    52  ux_device_descriptors.o(.text.USBD_Get_Language_Id_Framework)
    USBD_Get_String_Framework                0x08003e2d   Thumb Code   192  ux_device_descriptors.o(.text.USBD_Get_String_Framework)
    USB_DevInit                              0x08003efd   Thumb Code    76  stm32c0xx_ll_usb.o(.text.USB_DevInit)
    USB_DisableGlobalInt                     0x08003f49   Thumb Code    24  stm32c0xx_ll_usb.o(.text.USB_DisableGlobalInt)
    USB_SetCurrentMode                       0x08003f65   Thumb Code    80  stm32c0xx_ll_usb.o(.text.USB_SetCurrentMode)
    _ux_device_class_cdc_acm_activate        0x08004065   Thumb Code    60  ux_device_class_cdc_acm_activate.o(.text._ux_device_class_cdc_acm_activate)
    _ux_device_class_cdc_acm_control_request 0x080040a1   Thumb Code   336  ux_device_class_cdc_acm_control_request.o(.text._ux_device_class_cdc_acm_control_request)
    _ux_device_class_cdc_acm_deactivate      0x080041f5   Thumb Code   128  ux_device_class_cdc_acm_deactivate.o(.text._ux_device_class_cdc_acm_deactivate)
    _ux_device_class_cdc_acm_entry           0x08004275   Thumb Code   160  ux_device_class_cdc_acm_entry.o(.text._ux_device_class_cdc_acm_entry)
    _ux_device_class_cdc_acm_initialize      0x08004315   Thumb Code   116  ux_device_class_cdc_acm_initialize.o(.text._ux_device_class_cdc_acm_initialize)
    _ux_device_class_cdc_acm_ioctl           0x08004389   Thumb Code   434  ux_device_class_cdc_acm_ioctl.o(.text._ux_device_class_cdc_acm_ioctl)
    _ux_device_class_cdc_acm_uninitialize    0x0800453b   Thumb Code    40  ux_device_class_cdc_acm_unitialize.o(.text._ux_device_class_cdc_acm_uninitialize)
    _ux_device_stack_class_register          0x08004565   Thumb Code   160  ux_device_stack_class_register.o(.text._ux_device_stack_class_register)
    _ux_device_stack_initialize              0x08004605   Thumb Code   876  ux_device_stack_initialize.o(.text._ux_device_stack_initialize)
    _ux_device_stack_transfer_abort          0x08004975   Thumb Code    80  ux_device_stack_transfer_abort.o(.text._ux_device_stack_transfer_abort)
    _ux_device_stack_transfer_all_request_abort 0x080049c9   Thumb Code    28  ux_device_stack_transfer_all_request_abort.o(.text._ux_device_stack_transfer_all_request_abort)
    _ux_device_stack_transfer_request        0x080049e5   Thumb Code    70  ux_device_stack_transfer_request.o(.text._ux_device_stack_transfer_request)
    _ux_device_stack_transfer_run            0x08004a2d   Thumb Code   364  ux_device_stack_transfer_run.o(.text._ux_device_stack_transfer_run)
    _ux_system_error_handler                 0x08004b99   Thumb Code    56  ux_system_error_handler.o(.text._ux_system_error_handler)
    _ux_system_initialize                    0x08004bd1   Thumb Code   308  ux_system_initialize.o(.text._ux_system_initialize)
    _ux_utility_interrupt_disable            0x08004d09   Thumb Code    20  app_usbx_device.o(.text._ux_utility_interrupt_disable)
    _ux_utility_interrupt_restore            0x08004d1d   Thumb Code    18  app_usbx_device.o(.text._ux_utility_interrupt_restore)
    _ux_utility_long_get                     0x08004d2f   Thumb Code    64  ux_utility_long_get.o(.text._ux_utility_long_get)
    _ux_utility_long_put                     0x08004d6f   Thumb Code    50  ux_utility_long_put.o(.text._ux_utility_long_put)
    _ux_utility_memory_allocate              0x08004da1   Thumb Code   484  ux_utility_memory_allocate.o(.text._ux_utility_memory_allocate)
    _ux_utility_memory_allocate_mulc_safe    0x08004f89   Thumb Code    74  ux_utility_memory_allocate_mulc_safe.o(.text._ux_utility_memory_allocate_mulc_safe)
    _ux_utility_memory_byte_pool_create      0x08004fd5   Thumb Code   152  ux_utility_memory_byte_pool_create.o(.text._ux_utility_memory_byte_pool_create)
    _ux_utility_memory_byte_pool_search      0x0800506d   Thumb Code   336  ux_utility_memory_byte_pool_search.o(.text._ux_utility_memory_byte_pool_search)
    _ux_utility_memory_copy                  0x080051c1   Thumb Code    52  ux_utility_memory_copy.o(.text._ux_utility_memory_copy)
    _ux_utility_memory_free                  0x080051f5   Thumb Code   228  ux_utility_memory_free.o(.text._ux_utility_memory_free)
    _ux_utility_memory_set                   0x080052e1   Thumb Code    44  ux_utility_memory_set.o(.text._ux_utility_memory_set)
    _ux_utility_short_get                    0x0800530d   Thumb Code    34  ux_utility_short_get.o(.text._ux_utility_short_get)
    _ux_utility_string_length_check          0x0800532f   Thumb Code   108  ux_utility_string_length_check.o(.text._ux_utility_string_length_check)
    _uxe_system_initialize                   0x0800539b   Thumb Code    56  ux_system_initialize.o(.text._uxe_system_initialize)
    bringup_init                             0x080053d5   Thumb Code    20  bringup.o(.text.bringup_init)
    main                                     0x080053ed   Thumb Code    52  main.o(.text.main)
    main_loop                                0x08005421   Thumb Code     2  bringup.o(.text.main_loop)
    tcs34725_init                            0x08005425   Thumb Code    16  tcs34725.o(.text.tcs34725_init)
    tcs34725_loop                            0x08005435   Thumb Code    28  tcs34725.o(.text.tcs34725_loop)
    tim1_loop                                0x08005461   Thumb Code     8  bringup.o(.text.tim1_loop)
    __aeabi_fcmple                           0x08005469   Thumb Code     0  fcmp.o(i._fleq)
    _fleq                                    0x08005469   Thumb Code    26  fcmp.o(i._fleq)
    __aeabi_cfcmple                          0x08005485   Thumb Code     0  flef.o(x$fpl$fleqf)
    _fcmple                                  0x08005485   Thumb Code    78  flef.o(x$fpl$fleqf)
    __aeabi_fmul                             0x080054d9   Thumb Code     0  fmul.o(x$fpl$fmul)
    _fmul                                    0x080054d9   Thumb Code   172  fmul.o(x$fpl$fmul)
    __I$use$fp                               0x08005588   Number         0  usenofp.o(x$fpl$usenofp)
    AHBPrescTable                            0x080055c8   Data          64  system_stm32c0xx.o(.rodata.AHBPrescTable)
    Region$$Table$$Base                      0x0800563c   Number         0  anon$$obj.o(Region$$Table)
    Region$$Table$$Limit                     0x0800565c   Number         0  anon$$obj.o(Region$$Table)
    SystemCoreClock                          0x20000000   Data           4  system_stm32c0xx.o(.data.SystemCoreClock)
    UserClassInstance                        0x20000004   Data          12  ux_device_descriptors.o(.data.UserClassInstance)
    _ux_system_slave_class_cdc_acm_name      0x20000010   Data          23  ux_device_stack_initialize.o(.data._ux_system_slave_class_cdc_acm_name)
    uwTickFreq                               0x20000030   Data           1  stm32c0xx_hal.o(.data.uwTickFreq)
    uwTickPrio                               0x20000034   Data           4  stm32c0xx_hal.o(.data.uwTickPrio)
    __libspace_start                         0x20000038   Data          96  libspace.o(.bss)
    __temporary_stack_top$libspace           0x20000098   Data           0  libspace.o(.bss)
    USBD_Device_FS                           0x20000228   Data         296  ux_device_descriptors.o(.bss.USBD_Device_FS)
    USBD_Device_HS                           0x20000358   Data         296  ux_device_descriptors.o(.bss.USBD_Device_HS)
    USBD_language_id_framework               0x2000049c   Data           2  ux_device_descriptors.o(.bss.USBD_language_id_framework)
    USBD_string_framework                    0x200004a0   Data         256  ux_device_descriptors.o(.bss.USBD_string_framework)
    _ux_system                               0x200005a0   Data           4  ux_system_initialize.o(.bss._ux_system)
    _ux_system_slave                         0x200005a4   Data           4  ux_device_stack_initialize.o(.bss._ux_system_slave)
    hi2c1                                    0x200005bc   Data          84  i2c.o(.bss.hi2c1)
    hi2c2                                    0x20000610   Data          84  i2c.o(.bss.hi2c2)
    hpcd_USB_DRD_FS                          0x20000664   Data         736  usb.o(.bss.hpcd_USB_DRD_FS)
    htim1                                    0x20000944   Data          76  tim.o(.bss.htim1)
    rgbdata1                                 0x20000990   Data           3  tcs34725.o(.bss.rgbdata1)
    rgbdata2                                 0x20000993   Data           3  tcs34725.o(.bss.rgbdata2)
    uwTick                                   0x20000998   Data           4  stm32c0xx_hal.o(.bss.uwTick)



==============================================================================

Memory Map of the image

  Image Entry point : 0x080000c1

  Load Region LR_IROM1 (Base: 0x08000000, Size: 0x00005698, Max: 0x00010000, ABSOLUTE)

    Execution Region ER_IROM1 (Exec base: 0x08000000, Load base: 0x08000000, Size: 0x0000565c, Max: 0x00010000, ABSOLUTE)

    Exec Addr    Load Addr    Size         Type   Attr      Idx    E Section Name        Object

    0x08000000   0x08000000   0x000000c0   Data   RO            3    RESET               startup_stm32c071xx.o
    0x080000c0   0x080000c0   0x00000008   Code   RO         2246  * !!!main             c_p.l(__main.o)
    0x080000c8   0x080000c8   0x00000054   Code   RO         2471    !!!scatter          c_p.l(__scatter.o)
    0x0800011c   0x0800011c   0x0000001a   Code   RO         2475    !!handler_copy      c_p.l(__scatter_copy.o)
    0x08000136   0x08000136   0x00000002   PAD
    0x08000138   0x08000138   0x00000002   Code   RO         2472    !!handler_null      c_p.l(__scatter.o)
    0x0800013a   0x0800013a   0x00000002   PAD
    0x0800013c   0x0800013c   0x0000001c   Code   RO         2477    !!handler_zi        c_p.l(__scatter_zi.o)
    0x08000158   0x08000158   0x00000002   Code   RO         2326    .ARM.Collect$$libinit$$00000000  c_p.l(libinit.o)
    0x0800015a   0x0800015a   0x00000000   Code   RO         2344    .ARM.Collect$$libinit$$00000002  c_p.l(libinit2.o)
    0x0800015a   0x0800015a   0x00000000   Code   RO         2346    .ARM.Collect$$libinit$$00000004  c_p.l(libinit2.o)
    0x0800015a   0x0800015a   0x00000000   Code   RO         2348    .ARM.Collect$$libinit$$00000006  c_p.l(libinit2.o)
    0x0800015a   0x0800015a   0x00000000   Code   RO         2351    .ARM.Collect$$libinit$$0000000C  c_p.l(libinit2.o)
    0x0800015a   0x0800015a   0x00000000   Code   RO         2353    .ARM.Collect$$libinit$$0000000E  c_p.l(libinit2.o)
    0x0800015a   0x0800015a   0x00000000   Code   RO         2355    .ARM.Collect$$libinit$$00000010  c_p.l(libinit2.o)
    0x0800015a   0x0800015a   0x00000000   Code   RO         2358    .ARM.Collect$$libinit$$00000013  c_p.l(libinit2.o)
    0x0800015a   0x0800015a   0x00000000   Code   RO         2360    .ARM.Collect$$libinit$$00000015  c_p.l(libinit2.o)
    0x0800015a   0x0800015a   0x00000000   Code   RO         2362    .ARM.Collect$$libinit$$00000017  c_p.l(libinit2.o)
    0x0800015a   0x0800015a   0x00000000   Code   RO         2364    .ARM.Collect$$libinit$$00000019  c_p.l(libinit2.o)
    0x0800015a   0x0800015a   0x00000000   Code   RO         2366    .ARM.Collect$$libinit$$0000001B  c_p.l(libinit2.o)
    0x0800015a   0x0800015a   0x00000000   Code   RO         2368    .ARM.Collect$$libinit$$0000001D  c_p.l(libinit2.o)
    0x0800015a   0x0800015a   0x00000000   Code   RO         2370    .ARM.Collect$$libinit$$0000001F  c_p.l(libinit2.o)
    0x0800015a   0x0800015a   0x00000000   Code   RO         2372    .ARM.Collect$$libinit$$00000021  c_p.l(libinit2.o)
    0x0800015a   0x0800015a   0x00000000   Code   RO         2374    .ARM.Collect$$libinit$$00000023  c_p.l(libinit2.o)
    0x0800015a   0x0800015a   0x00000000   Code   RO         2376    .ARM.Collect$$libinit$$00000025  c_p.l(libinit2.o)
    0x0800015a   0x0800015a   0x00000000   Code   RO         2378    .ARM.Collect$$libinit$$00000027  c_p.l(libinit2.o)
    0x0800015a   0x0800015a   0x00000000   Code   RO         2382    .ARM.Collect$$libinit$$0000002E  c_p.l(libinit2.o)
    0x0800015a   0x0800015a   0x00000000   Code   RO         2384    .ARM.Collect$$libinit$$00000030  c_p.l(libinit2.o)
    0x0800015a   0x0800015a   0x00000000   Code   RO         2386    .ARM.Collect$$libinit$$00000032  c_p.l(libinit2.o)
    0x0800015a   0x0800015a   0x00000000   Code   RO         2388    .ARM.Collect$$libinit$$00000034  c_p.l(libinit2.o)
    0x0800015a   0x0800015a   0x00000002   Code   RO         2389    .ARM.Collect$$libinit$$00000035  c_p.l(libinit2.o)
    0x0800015c   0x0800015c   0x00000002   Code   RO         2426    .ARM.Collect$$libshutdown$$00000000  c_p.l(libshutdown.o)
    0x0800015e   0x0800015e   0x00000000   Code   RO         2454    .ARM.Collect$$libshutdown$$00000002  c_p.l(libshutdown2.o)
    0x0800015e   0x0800015e   0x00000000   Code   RO         2456    .ARM.Collect$$libshutdown$$00000004  c_p.l(libshutdown2.o)
    0x0800015e   0x0800015e   0x00000000   Code   RO         2459    .ARM.Collect$$libshutdown$$00000007  c_p.l(libshutdown2.o)
    0x0800015e   0x0800015e   0x00000000   Code   RO         2462    .ARM.Collect$$libshutdown$$0000000A  c_p.l(libshutdown2.o)
    0x0800015e   0x0800015e   0x00000000   Code   RO         2464    .ARM.Collect$$libshutdown$$0000000C  c_p.l(libshutdown2.o)
    0x0800015e   0x0800015e   0x00000000   Code   RO         2467    .ARM.Collect$$libshutdown$$0000000F  c_p.l(libshutdown2.o)
    0x0800015e   0x0800015e   0x00000002   Code   RO         2468    .ARM.Collect$$libshutdown$$00000010  c_p.l(libshutdown2.o)
    0x08000160   0x08000160   0x00000000   Code   RO         2281    .ARM.Collect$$rtentry$$00000000  c_p.l(__rtentry.o)
    0x08000160   0x08000160   0x00000000   Code   RO         2294    .ARM.Collect$$rtentry$$00000002  c_p.l(__rtentry2.o)
    0x08000160   0x08000160   0x00000006   Code   RO         2306    .ARM.Collect$$rtentry$$00000004  c_p.l(__rtentry4.o)
    0x08000166   0x08000166   0x00000000   Code   RO         2296    .ARM.Collect$$rtentry$$00000009  c_p.l(__rtentry2.o)
    0x08000166   0x08000166   0x00000004   Code   RO         2297    .ARM.Collect$$rtentry$$0000000A  c_p.l(__rtentry2.o)
    0x0800016a   0x0800016a   0x00000000   Code   RO         2299    .ARM.Collect$$rtentry$$0000000C  c_p.l(__rtentry2.o)
    0x0800016a   0x0800016a   0x00000008   Code   RO         2300    .ARM.Collect$$rtentry$$0000000D  c_p.l(__rtentry2.o)
    0x08000172   0x08000172   0x00000002   Code   RO         2335    .ARM.Collect$$rtexit$$00000000  c_p.l(rtexit.o)
    0x08000174   0x08000174   0x00000000   Code   RO         2397    .ARM.Collect$$rtexit$$00000002  c_p.l(rtexit2.o)
    0x08000174   0x08000174   0x00000004   Code   RO         2398    .ARM.Collect$$rtexit$$00000003  c_p.l(rtexit2.o)
    0x08000178   0x08000178   0x00000006   Code   RO         2399    .ARM.Collect$$rtexit$$00000004  c_p.l(rtexit2.o)
    0x0800017e   0x0800017e   0x00000002   PAD
    0x08000180   0x08000180   0x00000038   Code   RO            4    .text               startup_stm32c071xx.o
    0x080001b8   0x080001b8   0x00000044   Code   RO         2238    .text               c_p.l(strlen.o)
    0x080001fc   0x080001fc   0x0000016c   Code   RO         2240    .text               c_p.l(aeabi_sdiv.o)
    0x08000368   0x08000368   0x00000006   Code   RO         2244    .text               c_p.l(heapauxi.o)
    0x0800036e   0x0800036e   0x00000002   PAD
    0x08000370   0x08000370   0x00000160   Code   RO         2272    .text               fz_ps.l(fdiv.o)
    0x080004d0   0x080004d0   0x0000004c   Code   RO         2275    .text               fz_ps.l(ffixi.o)
    0x0800051c   0x0800051c   0x0000005e   Code   RO         2277    .text               fz_ps.l(fflti.o)
    0x0800057a   0x0800057a   0x00000002   PAD
    0x0800057c   0x0800057c   0x00000064   Code   RO         2310    .text               fz_ps.l(fcmpin.o)
    0x080005e0   0x080005e0   0x0000003e   Code   RO         2312    .text               c_p.l(sys_stackheap_outer.o)
    0x0800061e   0x0800061e   0x00000010   Code   RO         2315    .text               c_p.l(exit.o)
    0x0800062e   0x0800062e   0x0000002e   Code   RO         2327    .text               fz_ps.l(cmpret.o)
    0x0800065c   0x0800065c   0x00000010   Code   RO         2329    .text               fz_ps.l(fnan2.o)
    0x0800066c   0x0800066c   0x00000008   Code   RO         2331    .text               c_p.l(libspace.o)
    0x08000674   0x08000674   0x0000005e   Code   RO         2390    .text               fz_ps.l(retnan.o)
    0x080006d2   0x080006d2   0x00000002   PAD
    0x080006d4   0x080006d4   0x0000000c   Code   RO         2392    .text               c_p.l(sys_exit.o)
    0x080006e0   0x080006e0   0x00000002   Code   RO         2415    .text               c_p.l(use_no_semi.o)
    0x080006e2   0x080006e2   0x00000000   Code   RO         2417    .text               c_p.l(indicate_semi.o)
    0x080006e2   0x080006e2   0x00000006   Code   RO           15    .text.Error_Handler  main.o
    0x080006e8   0x080006e8   0x00000044   Code   RO          125    .text.HAL_Delay     stm32c0xx_hal.o
    0x0800072c   0x0800072c   0x000002fc   Code   RO          397    .text.HAL_GPIO_Init  stm32c0xx_hal_gpio.o
    0x08000a28   0x08000a28   0x0000000c   Code   RO          117    .text.HAL_GetTick   stm32c0xx_hal.o
    0x08000a34   0x08000a34   0x00000096   Code   RO          738    .text.HAL_I2CEx_ConfigAnalogFilter  stm32c0xx_hal_i2c_ex.o
    0x08000aca   0x08000aca   0x000000a0   Code   RO          740    .text.HAL_I2CEx_ConfigDigitalFilter  stm32c0xx_hal_i2c_ex.o
    0x08000b6a   0x08000b6a   0x00000002   PAD
    0x08000b6c   0x08000b6c   0x00000120   Code   RO          569    .text.HAL_I2C_Init  stm32c0xx_hal_i2c.o
    0x08000c8c   0x08000c8c   0x00000200   Code   RO          587    .text.HAL_I2C_Master_Receive  stm32c0xx_hal_i2c.o
    0x08000e8c   0x08000e8c   0x0000023c   Code   RO          577    .text.HAL_I2C_Master_Transmit  stm32c0xx_hal_i2c.o
    0x080010c8   0x080010c8   0x00000104   Code   RO           37    .text.HAL_I2C_MspInit  i2c.o
    0x080011cc   0x080011cc   0x00000014   Code   RO          115    .text.HAL_IncTick   stm32c0xx_hal.o
    0x080011e0   0x080011e0   0x0000002c   Code   RO          105    .text.HAL_Init      stm32c0xx_hal.o
    0x0800120c   0x0800120c   0x00000084   Code   RO          107    .text.HAL_InitTick  stm32c0xx_hal.o
    0x08001290   0x08001290   0x00000038   Code   RO           97    .text.HAL_MspInit   stm32c0xx_hal_msp.o
    0x080012c8   0x080012c8   0x00000016   Code   RO          177    .text.HAL_NVIC_EnableIRQ  stm32c0xx_hal_cortex.o
    0x080012de   0x080012de   0x0000001c   Code   RO          173    .text.HAL_NVIC_SetPriority  stm32c0xx_hal_cortex.o
    0x080012fa   0x080012fa   0x00000034   Code   RO         1204    .text.HAL_PCDEx_ActivateLPM  stm32c0xx_hal_pcd_ex.o
    0x0800132e   0x0800132e   0x00000002   PAD
    0x08001330   0x08001330   0x00000194   Code   RO         1109    .text.HAL_PCD_Init  stm32c0xx_hal_pcd.o
    0x080014c4   0x080014c4   0x00000068   Code   RO           66    .text.HAL_PCD_MspInit  usb.o
    0x0800152c   0x0800152c   0x000001dc   Code   RO          273    .text.HAL_RCCEx_PeriphCLKConfig  stm32c0xx_hal_rcc_ex.o
    0x08001708   0x08001708   0x0000026c   Code   RO          236    .text.HAL_RCC_ClockConfig  stm32c0xx_hal_rcc.o
    0x08001974   0x08001974   0x000000c0   Code   RO          238    .text.HAL_RCC_GetSysClockFreq  stm32c0xx_hal_rcc.o
    0x08001a34   0x08001a34   0x000004c0   Code   RO          234    .text.HAL_RCC_OscConfig  stm32c0xx_hal_rcc.o
    0x08001ef4   0x08001ef4   0x00000010   Code   RO          189    .text.HAL_SYSTICK_Config  stm32c0xx_hal_cortex.o
    0x08001f04   0x08001f04   0x00000008   Code   RO         1096    .text.HAL_TIMEx_Break2Callback  stm32c0xx_hal_tim_ex.o
    0x08001f0c   0x08001f0c   0x00000008   Code   RO         1094    .text.HAL_TIMEx_BreakCallback  stm32c0xx_hal_tim_ex.o
    0x08001f14   0x08001f14   0x00000008   Code   RO         1090    .text.HAL_TIMEx_CommutCallback  stm32c0xx_hal_tim_ex.o
    0x08001f1c   0x08001f1c   0x000000e4   Code   RO         1074    .text.HAL_TIMEx_MasterConfigSynchronization  stm32c0xx_hal_tim_ex.o
    0x08002000   0x08002000   0x000000aa   Code   RO          757    .text.HAL_TIM_Base_Init  stm32c0xx_hal_tim.o
    0x080020aa   0x080020aa   0x00000002   PAD
    0x080020ac   0x080020ac   0x00000048   Code   RO           52    .text.HAL_TIM_Base_MspInit  tim.o
    0x080020f4   0x080020f4   0x000000ac   Code   RO          771    .text.HAL_TIM_Base_Start_IT  stm32c0xx_hal_tim.o
    0x080021a0   0x080021a0   0x00000190   Code   RO          953    .text.HAL_TIM_ConfigClockSource  stm32c0xx_hal_tim.o
    0x08002330   0x08002330   0x00000008   Code   RO          893    .text.HAL_TIM_IC_CaptureCallback  stm32c0xx_hal_tim.o
    0x08002338   0x08002338   0x00000264   Code   RO          891    .text.HAL_TIM_IRQHandler  stm32c0xx_hal_tim.o
    0x0800259c   0x0800259c   0x00000008   Code   RO          895    .text.HAL_TIM_OC_DelayElapsedCallback  stm32c0xx_hal_tim.o
    0x080025a4   0x080025a4   0x00000008   Code   RO          897    .text.HAL_TIM_PWM_PulseFinishedCallback  stm32c0xx_hal_tim.o
    0x080025ac   0x080025ac   0x00000008   Code   RO          899    .text.HAL_TIM_PeriodElapsedCallback  stm32c0xx_hal_tim.o
    0x080025b4   0x080025b4   0x00000008   Code   RO          901    .text.HAL_TIM_TriggerCallback  stm32c0xx_hal_tim.o
    0x080025bc   0x080025bc   0x00000004   Code   RO           80    .text.HardFault_Handler  stm32c0xx_it.o
    0x080025c0   0x080025c0   0x00000040   Code   RO          593    .text.I2C_Flush_TXDR  stm32c0xx_hal_i2c.o
    0x08002600   0x08002600   0x000001f4   Code   RO          729    .text.I2C_IsErrorOccurred  stm32c0xx_hal_i2c.o
    0x080027f4   0x080027f4   0x00000054   Code   RO          581    .text.I2C_TransferConfig  stm32c0xx_hal_i2c.o
    0x08002848   0x08002848   0x000000c2   Code   RO          579    .text.I2C_WaitOnFlagUntilTimeout  stm32c0xx_hal_i2c.o
    0x0800290a   0x0800290a   0x00000002   PAD
    0x0800290c   0x0800290c   0x00000160   Code   RO          589    .text.I2C_WaitOnRXNEFlagUntilTimeout  stm32c0xx_hal_i2c.o
    0x08002a6c   0x08002a6c   0x000000a0   Code   RO          585    .text.I2C_WaitOnSTOPFlagUntilTimeout  stm32c0xx_hal_i2c.o
    0x08002b0c   0x08002b0c   0x000000ac   Code   RO          583    .text.I2C_WaitOnTXISFlagUntilTimeout  stm32c0xx_hal_i2c.o
    0x08002bb8   0x08002bb8   0x00000038   Code   RO           25    .text.MX_GPIO_Init  gpio.o
    0x08002bf0   0x08002bf0   0x00000068   Code   RO           33    .text.MX_I2C1_Init  i2c.o
    0x08002c58   0x08002c58   0x0000006c   Code   RO           35    .text.MX_I2C2_Init  i2c.o
    0x08002cc4   0x08002cc4   0x00000088   Code   RO           50    .text.MX_TIM1_Init  tim.o
    0x08002d4c   0x08002d4c   0x000000fc   Code   RO         1362    .text.MX_USBX_Device_Init  app_usbx_device.o
    0x08002e48   0x08002e48   0x00000044   Code   RO           64    .text.MX_USB_PCD_Init  usb.o
    0x08002e8c   0x08002e8c   0x00000004   Code   RO           78    .text.NMI_Handler   stm32c0xx_it.o
    0x08002e90   0x08002e90   0x00000002   Code   RO           84    .text.PendSV_Handler  stm32c0xx_it.o
    0x08002e92   0x08002e92   0x00000002   Code   RO           82    .text.SVC_Handler   stm32c0xx_it.o
    0x08002e94   0x08002e94   0x00000050   Code   RO          191    .text.SysTick_Config  stm32c0xx_hal_cortex.o
    0x08002ee4   0x08002ee4   0x00000008   Code   RO           86    .text.SysTick_Handler  stm32c0xx_it.o
    0x08002eec   0x08002eec   0x00000080   Code   RO           13    .text.SystemClock_Config  main.o
    0x08002f6c   0x08002f6c   0x00000010   Code   RO         1294    .text.SystemInit    system_stm32c0xx.o
    0x08002f7c   0x08002f7c   0x0000010c   Code   RO         2182    .text.TCS34725_GetRGB888  tcs34725.o
    0x08003088   0x08003088   0x00000028   Code   RO         2178    .text.TCS34725_Init  tcs34725.o
    0x080030b0   0x080030b0   0x000000ae   Code   RO         2184    .text.TCS_ReadRGB   tcs34725.o
    0x0800315e   0x0800315e   0x00000042   Code   RO         2190    .text.TCS_ReadReg   tcs34725.o
    0x080031a0   0x080031a0   0x0000002e   Code   RO         2180    .text.TCS_WriteReg  tcs34725.o
    0x080031ce   0x080031ce   0x00000002   PAD
    0x080031d0   0x080031d0   0x00000014   Code   RO           88    .text.TIM1_BRK_UP_TRG_COM_IRQHandler  stm32c0xx_it.o
    0x080031e4   0x080031e4   0x00000108   Code   RO          761    .text.TIM_Base_SetConfig  stm32c0xx_hal_tim.o
    0x080032ec   0x080032ec   0x00000036   Code   RO          951    .text.TIM_ETR_SetConfig  stm32c0xx_hal_tim.o
    0x08003322   0x08003322   0x00000002   PAD
    0x08003324   0x08003324   0x00000030   Code   RO          957    .text.TIM_ITRx_SetConfig  stm32c0xx_hal_tim.o
    0x08003354   0x08003354   0x00000050   Code   RO          955    .text.TIM_TI1_ConfigInputStage  stm32c0xx_hal_tim.o
    0x080033a4   0x080033a4   0x00000054   Code   RO          959    .text.TIM_TI2_ConfigInputStage  stm32c0xx_hal_tim.o
    0x080033f8   0x080033f8   0x00000008   Code   RO         1383    .text.USBD_CDC_ACM_Activate  ux_device_cdc_acm.o
    0x08003400   0x08003400   0x00000008   Code   RO         1385    .text.USBD_CDC_ACM_Deactivate  ux_device_cdc_acm.o
    0x08003408   0x08003408   0x00000008   Code   RO         1387    .text.USBD_CDC_ACM_ParameterChange  ux_device_cdc_acm.o
    0x08003410   0x08003410   0x00000058   Code   RO         1364    .text.USBD_ChangeFunction  app_usbx_device.o
    0x08003468   0x08003468   0x00000032   Code   RO         1322    .text.USBD_Desc_GetLen  ux_device_descriptors.o
    0x0800349a   0x0800349a   0x00000060   Code   RO         1314    .text.USBD_Desc_GetString  ux_device_descriptors.o
    0x080034fa   0x080034fa   0x00000002   PAD
    0x080034fc   0x080034fc   0x00000198   Code   RO         1310    .text.USBD_Device_Framework_Builder  ux_device_descriptors.o
    0x08003694   0x08003694   0x00000084   Code   RO         1324    .text.USBD_FrameWork_AddClass  ux_device_descriptors.o
    0x08003718   0x08003718   0x00000044   Code   RO         1328    .text.USBD_FrameWork_AddConfDesc  ux_device_descriptors.o
    0x0800375c   0x0800375c   0x00000108   Code   RO         1326    .text.USBD_FrameWork_AddToConfDesc  ux_device_descriptors.o
    0x08003864   0x08003864   0x000000c0   Code   RO         1332    .text.USBD_FrameWork_AssignEp  ux_device_descriptors.o
    0x08003924   0x08003924   0x00000354   Code   RO         1334    .text.USBD_FrameWork_CDCDesc  ux_device_descriptors.o
    0x08003c78   0x08003c78   0x00000054   Code   RO         1330    .text.USBD_FrameWork_FindFreeIFNbr  ux_device_descriptors.o
    0x08003ccc   0x08003ccc   0x00000016   Code   RO         1320    .text.USBD_Get_Configuration_Number  ux_device_descriptors.o
    0x08003ce2   0x08003ce2   0x00000002   PAD
    0x08003ce4   0x08003ce4   0x00000090   Code   RO         1308    .text.USBD_Get_Device_Framework_Speed  ux_device_descriptors.o
    0x08003d74   0x08003d74   0x00000080   Code   RO         1318    .text.USBD_Get_Interface_Number  ux_device_descriptors.o
    0x08003df4   0x08003df4   0x00000038   Code   RO         1316    .text.USBD_Get_Language_Id_Framework  ux_device_descriptors.o
    0x08003e2c   0x08003e2c   0x000000d0   Code   RO         1312    .text.USBD_Get_String_Framework  ux_device_descriptors.o
    0x08003efc   0x08003efc   0x0000004c   Code   RO         1227    .text.USB_DevInit   stm32c0xx_ll_usb.o
    0x08003f48   0x08003f48   0x0000001c   Code   RO         1223    .text.USB_DisableGlobalInt  stm32c0xx_ll_usb.o
    0x08003f64   0x08003f64   0x00000050   Code   RO         1225    .text.USB_SetCurrentMode  stm32c0xx_ll_usb.o
    0x08003fb4   0x08003fb4   0x0000002c   Code   RO          179    .text.__NVIC_EnableIRQ  stm32c0xx_hal_cortex.o
    0x08003fe0   0x08003fe0   0x00000084   Code   RO          175    .text.__NVIC_SetPriority  stm32c0xx_hal_cortex.o
    0x08004064   0x08004064   0x0000003c   Code   RO         1922    .text._ux_device_class_cdc_acm_activate  ux_device_class_cdc_acm_activate.o
    0x080040a0   0x080040a0   0x00000154   Code   RO         1930    .text._ux_device_class_cdc_acm_control_request  ux_device_class_cdc_acm_control_request.o
    0x080041f4   0x080041f4   0x00000080   Code   RO         1938    .text._ux_device_class_cdc_acm_deactivate  ux_device_class_cdc_acm_deactivate.o
    0x08004274   0x08004274   0x000000a0   Code   RO         1946    .text._ux_device_class_cdc_acm_entry  ux_device_class_cdc_acm_entry.o
    0x08004314   0x08004314   0x00000074   Code   RO         1954    .text._ux_device_class_cdc_acm_initialize  ux_device_class_cdc_acm_initialize.o
    0x08004388   0x08004388   0x000001b2   Code   RO         1962    .text._ux_device_class_cdc_acm_ioctl  ux_device_class_cdc_acm_ioctl.o
    0x0800453a   0x0800453a   0x00000028   Code   RO         1973    .text._ux_device_class_cdc_acm_uninitialize  ux_device_class_cdc_acm_unitialize.o
    0x08004562   0x08004562   0x00000002   PAD
    0x08004564   0x08004564   0x000000a0   Code   RO         1708    .text._ux_device_stack_class_register  ux_device_stack_class_register.o
    0x08004604   0x08004604   0x00000370   Code   RO         1802    .text._ux_device_stack_initialize  ux_device_stack_initialize.o
    0x08004974   0x08004974   0x00000054   Code   RO         1874    .text._ux_device_stack_transfer_abort  ux_device_stack_transfer_abort.o
    0x080049c8   0x080049c8   0x0000001c   Code   RO         1882    .text._ux_device_stack_transfer_all_request_abort  ux_device_stack_transfer_all_request_abort.o
    0x080049e4   0x080049e4   0x00000046   Code   RO         1890    .text._ux_device_stack_transfer_request  ux_device_stack_transfer_request.o
    0x08004a2a   0x08004a2a   0x00000002   PAD
    0x08004a2c   0x08004a2c   0x0000016c   Code   RO         1914    .text._ux_device_stack_transfer_run  ux_device_stack_transfer_run.o
    0x08004b98   0x08004b98   0x00000038   Code   RO         1625    .text._ux_system_error_handler  ux_system_error_handler.o
    0x08004bd0   0x08004bd0   0x00000138   Code   RO         1633    .text._ux_system_initialize  ux_system_initialize.o
    0x08004d08   0x08004d08   0x00000014   Code   RO         1366    .text._ux_utility_interrupt_disable  app_usbx_device.o
    0x08004d1c   0x08004d1c   0x00000012   Code   RO         1368    .text._ux_utility_interrupt_restore  app_usbx_device.o
    0x08004d2e   0x08004d2e   0x00000040   Code   RO         1441    .text._ux_utility_long_get  ux_utility_long_get.o
    0x08004d6e   0x08004d6e   0x00000032   Code   RO         1457    .text._ux_utility_long_put  ux_utility_long_put.o
    0x08004da0   0x08004da0   0x000001e8   Code   RO         1473    .text._ux_utility_memory_allocate  ux_utility_memory_allocate.o
    0x08004f88   0x08004f88   0x0000004a   Code   RO         1489    .text._ux_utility_memory_allocate_mulc_safe  ux_utility_memory_allocate_mulc_safe.o
    0x08004fd2   0x08004fd2   0x00000002   PAD
    0x08004fd4   0x08004fd4   0x00000098   Code   RO         1676    .text._ux_utility_memory_byte_pool_create  ux_utility_memory_byte_pool_create.o
    0x0800506c   0x0800506c   0x00000154   Code   RO         1684    .text._ux_utility_memory_byte_pool_search  ux_utility_memory_byte_pool_search.o
    0x080051c0   0x080051c0   0x00000034   Code   RO         1513    .text._ux_utility_memory_copy  ux_utility_memory_copy.o
    0x080051f4   0x080051f4   0x000000ec   Code   RO         1521    .text._ux_utility_memory_free  ux_utility_memory_free.o
    0x080052e0   0x080052e0   0x0000002c   Code   RO         1529    .text._ux_utility_memory_set  ux_utility_memory_set.o
    0x0800530c   0x0800530c   0x00000022   Code   RO         1553    .text._ux_utility_short_get  ux_utility_short_get.o
    0x0800532e   0x0800532e   0x0000006c   Code   RO         1585    .text._ux_utility_string_length_check  ux_utility_string_length_check.o
    0x0800539a   0x0800539a   0x00000038   Code   RO         1635    .text._uxe_system_initialize  ux_system_initialize.o
    0x080053d2   0x080053d2   0x00000002   PAD
    0x080053d4   0x080053d4   0x00000018   Code   RO         2165    .text.bringup_init  bringup.o
    0x080053ec   0x080053ec   0x00000034   Code   RO           11    .text.main          main.o
    0x08005420   0x08005420   0x00000002   Code   RO         2169    .text.main_loop     bringup.o
    0x08005422   0x08005422   0x00000002   PAD
    0x08005424   0x08005424   0x00000010   Code   RO         2186    .text.tcs34725_init  tcs34725.o
    0x08005434   0x08005434   0x0000002c   Code   RO         2188    .text.tcs34725_loop  tcs34725.o
    0x08005460   0x08005460   0x00000008   Code   RO         2167    .text.tim1_loop     bringup.o
    0x08005468   0x08005468   0x0000001a   Code   RO         2257    i._fleq             fz_ps.l(fcmp.o)
    0x08005482   0x08005482   0x00000002   PAD
    0x08005484   0x08005484   0x00000054   Code   RO         2290    x$fpl$fleqf         fz_ps.l(flef.o)
    0x080054d8   0x080054d8   0x000000b0   Code   RO         2279    x$fpl$fmul          fz_ps.l(fmul.o)
    0x08005588   0x08005588   0x00000000   Code   RO         2292    x$fpl$usenofp       fz_ps.l(usenofp.o)
    0x08005588   0x08005588   0x00000040   Data   RO         2273    .constdata          fz_ps.l(fdiv.o)
    0x080055c8   0x080055c8   0x00000040   Data   RO         1299    .rodata.AHBPrescTable  system_stm32c0xx.o
    0x08005608   0x08005608   0x00000031   Data   RO         1343    .rodata.str1.1      ux_device_descriptors.o
    0x08005639   0x08005639   0x00000003   PAD
    0x0800563c   0x0800563c   0x00000020   Data   RO         2470    Region$$Table       anon$$obj.o


    Execution Region RW_IRAM1 (Exec base: 0x20000000, Load base: 0x08005660, Size: 0x000013a0, Max: 0x00006000, ABSOLUTE)

    Exec Addr    Load Addr    Size         Type   Attr      Idx    E Section Name        Object

    0x20000000   0x08005660   0x00000004   Data   RW         1298    .data.SystemCoreClock  system_stm32c0xx.o
    0x20000004   0x08005664   0x0000000c   Data   RW         1336    .data.UserClassInstance  ux_device_descriptors.o
    0x20000010   0x08005670   0x00000017   Data   RW         1807    .data._ux_system_slave_class_cdc_acm_name  ux_device_stack_initialize.o
    0x20000027   0x08005687   0x00000001   PAD
    0x20000028   0x08005688   0x00000004   Data   RW         1340    .data.pDevFrameWorkDesc_FS  ux_device_descriptors.o
    0x2000002c   0x0800568c   0x00000004   Data   RW         1342    .data.pDevFrameWorkDesc_HS  ux_device_descriptors.o
    0x20000030   0x08005690   0x00000001   Data   RW          164    .data.uwTickFreq    stm32c0xx_hal.o
    0x20000031   0x08005691   0x00000003   PAD
    0x20000034   0x08005694   0x00000004   Data   RW          163    .data.uwTickPrio    stm32c0xx_hal.o
    0x20000038        -       0x00000060   Zero   RW         2332    .bss                c_p.l(libspace.o)
    0x20000098        -       0x000000c8   Zero   RW         1344    .bss.DevFrameWorkDesc_FS  ux_device_descriptors.o
    0x20000160        -       0x000000c8   Zero   RW         1345    .bss.DevFrameWorkDesc_HS  ux_device_descriptors.o
    0x20000228        -       0x00000128   Zero   RW         1339    .bss.USBD_Device_FS  ux_device_descriptors.o
    0x20000350        -       0x00000004   Zero   RW         1346    .bss.USBD_Device_Framework_Builder.pDevDesc  ux_device_descriptors.o
    0x20000354        -       0x00000004   Zero   RW         1347    .bss.USBD_Device_Framework_Builder.pDevQualDesc  ux_device_descriptors.o
    0x20000358        -       0x00000128   Zero   RW         1341    .bss.USBD_Device_HS  ux_device_descriptors.o
    0x20000480        -       0x00000004   Zero   RW         1352    .bss.USBD_FrameWork_CDCDesc.pACMDesc  ux_device_descriptors.o
    0x20000484        -       0x00000004   Zero   RW         1351    .bss.USBD_FrameWork_CDCDesc.pCallMgmDesc  ux_device_descriptors.o
    0x20000488        -       0x00000004   Zero   RW         1349    .bss.USBD_FrameWork_CDCDesc.pEpDesc  ux_device_descriptors.o
    0x2000048c        -       0x00000004   Zero   RW         1350    .bss.USBD_FrameWork_CDCDesc.pHeadDesc  ux_device_descriptors.o
    0x20000490        -       0x00000004   Zero   RW         1354    .bss.USBD_FrameWork_CDCDesc.pIadDesc  ux_device_descriptors.o
    0x20000494        -       0x00000004   Zero   RW         1348    .bss.USBD_FrameWork_CDCDesc.pIfDesc  ux_device_descriptors.o
    0x20000498        -       0x00000004   Zero   RW         1353    .bss.USBD_FrameWork_CDCDesc.pUnionDesc  ux_device_descriptors.o
    0x2000049c        -       0x00000002   Zero   RW         1338    .bss.USBD_language_id_framework  ux_device_descriptors.o
    0x2000049e   0x08005698   0x00000002   PAD
    0x200004a0        -       0x00000100   Zero   RW         1337    .bss.USBD_string_framework  ux_device_descriptors.o
    0x200005a0        -       0x00000004   Zero   RW         1659    .bss._ux_system     ux_system_initialize.o
    0x200005a4        -       0x00000004   Zero   RW         1818    .bss._ux_system_slave  ux_device_stack_initialize.o
    0x200005a8        -       0x00000004   Zero   RW         1374    .bss.cdc_acm_configuration_number  app_usbx_device.o
    0x200005ac        -       0x00000004   Zero   RW         1375    .bss.cdc_acm_interface_number  app_usbx_device.o
    0x200005b0        -       0x0000000c   Zero   RW         1373    .bss.cdc_acm_parameter  app_usbx_device.o
    0x200005bc        -       0x00000054   Zero   RW           41    .bss.hi2c1          i2c.o
    0x20000610        -       0x00000054   Zero   RW           42    .bss.hi2c2          i2c.o
    0x20000664        -       0x000002e0   Zero   RW           70    .bss.hpcd_USB_DRD_FS  usb.o
    0x20000944        -       0x0000004c   Zero   RW           56    .bss.htim1          tim.o
    0x20000990        -       0x00000003   Zero   RW         2192    .bss.rgbdata1       tcs34725.o
    0x20000993        -       0x00000003   Zero   RW         2193    .bss.rgbdata2       tcs34725.o
    0x20000996   0x08005698   0x00000002   PAD
    0x20000998        -       0x00000004   Zero   RW          165    .bss.uwTick         stm32c0xx_hal.o
    0x2000099c        -       0x00000400   Zero   RW         1372    .bss.ux_device_byte_pool_buffer  app_usbx_device.o
    0x20000d9c   0x08005698   0x00000004   PAD
    0x20000da0        -       0x00000200   Zero   RW            2    HEAP                startup_stm32c071xx.o
    0x20000fa0        -       0x00000400   Zero   RW            1    STACK               startup_stm32c071xx.o


==============================================================================

Image component sizes


      Code (inc. data)   RO Data    RW Data    ZI Data      Debug   Object Name

       378         40          0          0       1044       3212   app_usbx_device.o
        34          4          0          0          0        533   bringup.o
        56          4          0          0          0       1291   gpio.o
       472         36          0          0        168       5962   i2c.o
       186          4          0          0          0       2178   main.o
        56         26        192          0       1536        612   startup_stm32c071xx.o
       276         24          0          5          4       6401   stm32c0xx_hal.o
       322         24          0          0          0       6408   stm32c0xx_hal_cortex.o
       764         36          0          0          0       4779   stm32c0xx_hal_gpio.o
      2898         28          0          0          0      38532   stm32c0xx_hal_i2c.o
       310          0          0          0          0       5919   stm32c0xx_hal_i2c_ex.o
        56          4          0          0          0       1319   stm32c0xx_hal_msp.o
       404          4          0          0          0      14073   stm32c0xx_hal_pcd.o
        52          0          0          0          0       5019   stm32c0xx_hal_pcd_ex.o
      2028         92          0          0          0       7812   stm32c0xx_hal_rcc.o
       476         12          0          0          0       6689   stm32c0xx_hal_rcc_ex.o
      1924         48          0          0          0      38796   stm32c0xx_hal_tim.o
       252          0          0          0          0      18383   stm32c0xx_hal_tim_ex.o
        40          4          0          0          0        801   stm32c0xx_it.o
       184          4          0          0          0      15064   stm32c0xx_ll_usb.o
        16          4         64          4          0       2004   system_stm32c0xx.o
       654         20          0          0          6       5529   tcs34725.o
       208         20          0          0         76       6065   tim.o
       172         16          0          0        736       4384   usb.o
        24          0          0          0          0        671   ux_device_cdc_acm.o
        60          0          0          0          0       7114   ux_device_class_cdc_acm_activate.o
       340          4          0          0          0       7655   ux_device_class_cdc_acm_control_request.o
       128          0          0          0          0       7276   ux_device_class_cdc_acm_deactivate.o
       160         28          0          0          0       5515   ux_device_class_cdc_acm_entry.o
       116          0          0          0          0       7183   ux_device_class_cdc_acm_initialize.o
       434         36          0          0          0       8463   ux_device_class_cdc_acm_ioctl.o
        40          0          0          0          0       7057   ux_device_class_cdc_acm_unitialize.o
      2704         76         49         20       1286       9305   ux_device_descriptors.o
       160          0          0          0          0       6014   ux_device_stack_class_register.o
       880          4          0         23          4      10466   ux_device_stack_initialize.o
        84          4          0          0          0       5928   ux_device_stack_transfer_abort.o
        28          0          0          0          0       5471   ux_device_stack_transfer_all_request_abort.o
        70          0          0          0          0       5471   ux_device_stack_transfer_request.o
       364          0          0          0          0       6332   ux_device_stack_transfer_run.o
        56          0          0          0          0        735   ux_system_error_handler.o
       368          4          0          0          4      10898   ux_system_initialize.o
        64          0          0          0          0        748   ux_utility_long_get.o
        50          0          0          0          0        717   ux_utility_long_put.o
       488          4          0          0          0       2016   ux_utility_memory_allocate.o
        74          0          0          0          0        751   ux_utility_memory_allocate_mulc_safe.o
       152          0          0          0          0       1481   ux_utility_memory_byte_pool_create.o
       340          4          0          0          0       1861   ux_utility_memory_byte_pool_search.o
        52          0          0          0          0        829   ux_utility_memory_copy.o
       236          8          0          0          0       1521   ux_utility_memory_free.o
        44          0          0          0          0        776   ux_utility_memory_set.o
        34          0          0          0          0        763   ux_utility_short_get.o
       108          0          0          0          0        914   ux_utility_string_length_check.o

    ----------------------------------------------------------------------
     19902        626        340         56       4872     325696   Object Totals
         0          0         32          0          0          0   (incl. Generated)
        26          0          3          4          8          0   (incl. Padding)

    ----------------------------------------------------------------------

      Code (inc. data)   RO Data    RW Data    ZI Data      Debug   Library Member Name

         8          0          0          0          0         68   __main.o
         0          0          0          0          0          0   __rtentry.o
        12          0          0          0          0          0   __rtentry2.o
         6          0          0          0          0          0   __rtentry4.o
        86         10          0          0          0          0   __scatter.o
        26          0          0          0          0          0   __scatter_copy.o
        28          0          0          0          0          0   __scatter_zi.o
       364          4          0          0          0         92   aeabi_sdiv.o
        16          0          0          0          0         68   exit.o
         6          0          0          0          0        136   heapauxi.o
         0          0          0          0          0          0   indicate_semi.o
         2          0          0          0          0          0   libinit.o
         2          0          0          0          0          0   libinit2.o
         2          0          0          0          0          0   libshutdown.o
         2          0          0          0          0          0   libshutdown2.o
         8          4          0          0         96         68   libspace.o
         2          0          0          0          0          0   rtexit.o
        10          0          0          0          0          0   rtexit2.o
        68          6          0          0          0         72   strlen.o
        12          4          0          0          0         60   sys_exit.o
        62          0          0          0          0         80   sys_stackheap_outer.o
         2          0          0          0          0         68   use_no_semi.o
        46          0          0          0          0         60   cmpret.o
        26          0          0          0          0         68   fcmp.o
       100          4          0          0          0         68   fcmpin.o
       352         10         64          0          0         92   fdiv.o
        76          0          0          0          0         68   ffixi.o
        94          0          0          0          0         92   fflti.o
        84          4          0          0          0         76   flef.o
       176          4          0          0          0         80   fmul.o
        16          6          0          0          0         68   fnan2.o
        94          0          0          0          0         68   retnan.o
         0          0          0          0          0          0   usenofp.o

    ----------------------------------------------------------------------
      1802         56         64          0         96       1452   Library Totals
        14          0          0          0          0          0   (incl. Padding)

    ----------------------------------------------------------------------

      Code (inc. data)   RO Data    RW Data    ZI Data      Debug   Library Name

       724         28          0          0         96        712   c_p.l
      1064         28         64          0          0        740   fz_ps.l

    ----------------------------------------------------------------------
      1802         56         64          0         96       1452   Library Totals

    ----------------------------------------------------------------------

==============================================================================


      Code (inc. data)   RO Data    RW Data    ZI Data      Debug   

     21704        682        404         56       4968     325572   Grand Totals
     21704        682        404         56       4968     325572   ELF Image Totals
     21704        682        404         56          0          0   ROM Totals

==============================================================================

    Total RO  Size (Code + RO Data)                22108 (  21.59kB)
    Total RW  Size (RW Data + ZI Data)              5024 (   4.91kB)
    Total ROM Size (Code + RO Data + RW Data)      22164 (  21.64kB)

==============================================================================

