Component: Arm Compiler for Embedded 6.24 Tool: armlink [5f371500]

==============================================================================

Section Cross References

    startup_stm32c071xx.o(STACK) refers (Special) to heapauxi.o(.text) for __use_two_region_memory
    startup_stm32c071xx.o(HEAP) refers (Special) to heapauxi.o(.text) for __use_two_region_memory
    startup_stm32c071xx.o(RESET) refers (Special) to heapauxi.o(.text) for __use_two_region_memory
    startup_stm32c071xx.o(RESET) refers to startup_stm32c071xx.o(STACK) for __initial_sp
    startup_stm32c071xx.o(RESET) refers to startup_stm32c071xx.o(.text) for Reset_Handler
    startup_stm32c071xx.o(RESET) refers to stm32c0xx_it.o(.text.NMI_Handler) for NMI_Handler
    startup_stm32c071xx.o(RESET) refers to stm32c0xx_it.o(.text.HardFault_Handler) for HardFault_Handler
    startup_stm32c071xx.o(RESET) refers to stm32c0xx_it.o(.text.SVC_Handler) for SVC_Handler
    startup_stm32c071xx.o(RESET) refers to stm32c0xx_it.o(.text.PendSV_Handler) for PendSV_Handler
    startup_stm32c071xx.o(RESET) refers to stm32c0xx_it.o(.text.SysTick_Handler) for SysTick_Handler
    startup_stm32c071xx.o(RESET) refers to stm32c0xx_it.o(.text.TIM1_BRK_UP_TRG_COM_IRQHandler) for TIM1_BRK_UP_TRG_COM_IRQHandler
    startup_stm32c071xx.o(.text) refers (Special) to heapauxi.o(.text) for __use_two_region_memory
    startup_stm32c071xx.o(.text) refers to system_stm32c0xx.o(.text.SystemInit) for SystemInit
    startup_stm32c071xx.o(.text) refers to __main.o(!!!main) for __main
    startup_stm32c071xx.o(.text) refers to startup_stm32c071xx.o(HEAP) for Heap_Mem
    startup_stm32c071xx.o(.text) refers to startup_stm32c071xx.o(STACK) for Stack_Mem
    main.o(.text.main) refers to stm32c0xx_hal.o(.text.HAL_Init) for HAL_Init
    main.o(.text.main) refers to main.o(.text.SystemClock_Config) for SystemClock_Config
    main.o(.text.main) refers to gpio.o(.text.MX_GPIO_Init) for MX_GPIO_Init
    main.o(.text.main) refers to i2c.o(.text.MX_I2C1_Init) for MX_I2C1_Init
    main.o(.text.main) refers to i2c.o(.text.MX_I2C2_Init) for MX_I2C2_Init
    main.o(.text.main) refers to tim.o(.text.MX_TIM1_Init) for MX_TIM1_Init
    main.o(.text.main) refers to usb.o(.text.MX_USB_PCD_Init) for MX_USB_PCD_Init
    main.o(.ARM.exidx.text.main) refers to main.o(.text.main) for [Anonymous Symbol]
    main.o(.text.SystemClock_Config) refers to stm32c0xx_hal_rcc.o(.text.HAL_RCC_OscConfig) for HAL_RCC_OscConfig
    main.o(.text.SystemClock_Config) refers to main.o(.text.Error_Handler) for Error_Handler
    main.o(.text.SystemClock_Config) refers to stm32c0xx_hal_rcc.o(.text.HAL_RCC_ClockConfig) for HAL_RCC_ClockConfig
    main.o(.ARM.exidx.text.SystemClock_Config) refers to main.o(.text.SystemClock_Config) for [Anonymous Symbol]
    main.o(.ARM.exidx.text.Error_Handler) refers to main.o(.text.Error_Handler) for [Anonymous Symbol]
    gpio.o(.ARM.exidx.text.MX_GPIO_Init) refers to gpio.o(.text.MX_GPIO_Init) for [Anonymous Symbol]
    i2c.o(.text.MX_I2C1_Init) refers to stm32c0xx_hal_i2c.o(.text.HAL_I2C_Init) for HAL_I2C_Init
    i2c.o(.text.MX_I2C1_Init) refers to main.o(.text.Error_Handler) for Error_Handler
    i2c.o(.text.MX_I2C1_Init) refers to stm32c0xx_hal_i2c_ex.o(.text.HAL_I2CEx_ConfigAnalogFilter) for HAL_I2CEx_ConfigAnalogFilter
    i2c.o(.text.MX_I2C1_Init) refers to stm32c0xx_hal_i2c_ex.o(.text.HAL_I2CEx_ConfigDigitalFilter) for HAL_I2CEx_ConfigDigitalFilter
    i2c.o(.text.MX_I2C1_Init) refers to i2c.o(.bss.hi2c1) for hi2c1
    i2c.o(.ARM.exidx.text.MX_I2C1_Init) refers to i2c.o(.text.MX_I2C1_Init) for [Anonymous Symbol]
    i2c.o(.text.MX_I2C2_Init) refers to stm32c0xx_hal_i2c.o(.text.HAL_I2C_Init) for HAL_I2C_Init
    i2c.o(.text.MX_I2C2_Init) refers to main.o(.text.Error_Handler) for Error_Handler
    i2c.o(.text.MX_I2C2_Init) refers to stm32c0xx_hal_i2c_ex.o(.text.HAL_I2CEx_ConfigAnalogFilter) for HAL_I2CEx_ConfigAnalogFilter
    i2c.o(.text.MX_I2C2_Init) refers to stm32c0xx_hal_i2c_ex.o(.text.HAL_I2CEx_ConfigDigitalFilter) for HAL_I2CEx_ConfigDigitalFilter
    i2c.o(.text.MX_I2C2_Init) refers to i2c.o(.bss.hi2c2) for hi2c2
    i2c.o(.ARM.exidx.text.MX_I2C2_Init) refers to i2c.o(.text.MX_I2C2_Init) for [Anonymous Symbol]
    i2c.o(.text.HAL_I2C_MspInit) refers to stm32c0xx_hal_rcc_ex.o(.text.HAL_RCCEx_PeriphCLKConfig) for HAL_RCCEx_PeriphCLKConfig
    i2c.o(.text.HAL_I2C_MspInit) refers to main.o(.text.Error_Handler) for Error_Handler
    i2c.o(.text.HAL_I2C_MspInit) refers to stm32c0xx_hal_gpio.o(.text.HAL_GPIO_Init) for HAL_GPIO_Init
    i2c.o(.ARM.exidx.text.HAL_I2C_MspInit) refers to i2c.o(.text.HAL_I2C_MspInit) for [Anonymous Symbol]
    i2c.o(.text.HAL_I2C_MspDeInit) refers to stm32c0xx_hal_gpio.o(.text.HAL_GPIO_DeInit) for HAL_GPIO_DeInit
    i2c.o(.ARM.exidx.text.HAL_I2C_MspDeInit) refers to i2c.o(.text.HAL_I2C_MspDeInit) for [Anonymous Symbol]
    tim.o(.text.MX_TIM1_Init) refers to stm32c0xx_hal_tim.o(.text.HAL_TIM_Base_Init) for HAL_TIM_Base_Init
[...]
    Removing stm32c0xx_hal_tim_ex.o(.ARM.exidx.text.HAL_TIMEx_HallSensor_Start_IT), (8 bytes).
    Removing stm32c0xx_hal_tim_ex.o(.text.HAL_TIMEx_HallSensor_Stop_IT), (120 bytes).
    Removing stm32c0xx_hal_tim_ex.o(.ARM.exidx.text.HAL_TIMEx_HallSensor_Stop_IT), (8 bytes).
    Removing stm32c0xx_hal_tim_ex.o(.text.HAL_TIMEx_HallSensor_Start_DMA), (356 bytes).
    Removing stm32c0xx_hal_tim_ex.o(.ARM.exidx.text.HAL_TIMEx_HallSensor_Start_DMA), (8 bytes).
    Removing stm32c0xx_hal_tim_ex.o(.text.HAL_TIMEx_HallSensor_Stop_DMA), (116 bytes).
    Removing stm32c0xx_hal_tim_ex.o(.ARM.exidx.text.HAL_TIMEx_HallSensor_Stop_DMA), (8 bytes).
    Removing stm32c0xx_hal_tim_ex.o(.text.HAL_TIMEx_OCN_Start), (336 bytes).
    Removing stm32c0xx_hal_tim_ex.o(.ARM.exidx.text.HAL_TIMEx_OCN_Start), (8 bytes).
    Removing stm32c0xx_hal_tim_ex.o(.text.TIM_CCxNChannelCmd), (50 bytes).
    Removing stm32c0xx_hal_tim_ex.o(.ARM.exidx.text.TIM_CCxNChannelCmd), (8 bytes).
    Removing stm32c0xx_hal_tim_ex.o(.text.HAL_TIMEx_OCN_Stop), (212 bytes).
    Removing stm32c0xx_hal_tim_ex.o(.ARM.exidx.text.HAL_TIMEx_OCN_Stop), (8 bytes).
    Removing stm32c0xx_hal_tim_ex.o(.text.HAL_TIMEx_OCN_Start_IT), (440 bytes).
    Removing stm32c0xx_hal_tim_ex.o(.ARM.exidx.text.HAL_TIMEx_OCN_Start_IT), (8 bytes).
    Removing stm32c0xx_hal_tim_ex.o(.text.HAL_TIMEx_OCN_Stop_IT), (344 bytes).
    Removing stm32c0xx_hal_tim_ex.o(.ARM.exidx.text.HAL_TIMEx_OCN_Stop_IT), (8 bytes).
    Removing stm32c0xx_hal_tim_ex.o(.text.HAL_TIMEx_OCN_Start_DMA), (744 bytes).
    Removing stm32c0xx_hal_tim_ex.o(.ARM.exidx.text.HAL_TIMEx_OCN_Start_DMA), (8 bytes).
    Removing stm32c0xx_hal_tim_ex.o(.text.TIM_DMADelayPulseNCplt), (154 bytes).
    Removing stm32c0xx_hal_tim_ex.o(.ARM.exidx.text.TIM_DMADelayPulseNCplt), (8 bytes).
    Removing stm32c0xx_hal_tim_ex.o(.text.TIM_DMAErrorCCxN), (116 bytes).
    Removing stm32c0xx_hal_tim_ex.o(.ARM.exidx.text.TIM_DMAErrorCCxN), (8 bytes).
    Removing stm32c0xx_hal_tim_ex.o(.text.HAL_TIMEx_OCN_Stop_DMA), (340 bytes).
    Removing stm32c0xx_hal_tim_ex.o(.ARM.exidx.text.HAL_TIMEx_OCN_Stop_DMA), (8 bytes).
    Removing stm32c0xx_hal_tim_ex.o(.text.HAL_TIMEx_PWMN_Start), (336 bytes).
    Removing stm32c0xx_hal_tim_ex.o(.ARM.exidx.text.HAL_TIMEx_PWMN_Start), (8 bytes).
    Removing stm32c0xx_hal_tim_ex.o(.text.HAL_TIMEx_PWMN_Stop), (212 bytes).
    Removing stm32c0xx_hal_tim_ex.o(.ARM.exidx.text.HAL_TIMEx_PWMN_Stop), (8 bytes).
    Removing stm32c0xx_hal_tim_ex.o(.text.HAL_TIMEx_PWMN_Start_IT), (440 bytes).
    Removing stm32c0xx_hal_tim_ex.o(.ARM.exidx.text.HAL_TIMEx_PWMN_Start_IT), (8 bytes).
    Removing stm32c0xx_hal_tim_ex.o(.text.HAL_TIMEx_PWMN_Stop_IT), (344 bytes).
    Removing stm32c0xx_hal_tim_ex.o(.ARM.exidx.text.HAL_TIMEx_PWMN_Stop_IT), (8 bytes).
    Removing stm32c0xx_hal_tim_ex.o(.text.HAL_TIMEx_PWMN_Start_DMA), (744 bytes).
    Removing stm32c0xx_hal_tim_ex.o(.ARM.exidx.text.HAL_TIMEx_PWMN_Start_DMA), (8 bytes).
    Removing stm32c0xx_hal_tim_ex.o(.text.HAL_TIMEx_PWMN_Stop_DMA), (340 bytes).
    Removing stm32c0xx_hal_tim_ex.o(.ARM.exidx.text.HAL_TIMEx_PWMN_Stop_DMA), (8 bytes).
    Removing stm32c0xx_hal_tim_ex.o(.text.HAL_TIMEx_OnePulseN_Start), (186 bytes).
    Removing stm32c0xx_hal_tim_ex.o(.ARM.exidx.text.HAL_TIMEx_OnePulseN_Start), (8 bytes).
    Removing stm32c0xx_hal_tim_ex.o(.text.HAL_TIMEx_OnePulseN_Stop), (184 bytes).
    Removing stm32c0xx_hal_tim_ex.o(.ARM.exidx.text.HAL_TIMEx_OnePulseN_Stop), (8 bytes).
    Removing stm32c0xx_hal_tim_ex.o(.text.HAL_TIMEx_OnePulseN_Start_IT), (206 bytes).
    Removing stm32c0xx_hal_tim_ex.o(.ARM.exidx.text.HAL_TIMEx_OnePulseN_Start_IT), (8 bytes).
    Removing stm32c0xx_hal_tim_ex.o(.text.HAL_TIMEx_OnePulseN_Stop_IT), (208 bytes).
    Removing stm32c0xx_hal_tim_ex.o(.ARM.exidx.text.HAL_TIMEx_OnePulseN_Stop_IT), (8 bytes).
    Removing stm32c0xx_hal_tim_ex.o(.text.HAL_TIMEx_ConfigCommutEvent), (208 bytes).
    Removing stm32c0xx_hal_tim_ex.o(.ARM.exidx.text.HAL_TIMEx_ConfigCommutEvent), (8 bytes).
    Removing stm32c0xx_hal_tim_ex.o(.text.HAL_TIMEx_ConfigCommutEvent_IT), (208 bytes).
    Removing stm32c0xx_hal_tim_ex.o(.ARM.exidx.text.HAL_TIMEx_ConfigCommutEvent_IT), (8 bytes).
    Removing stm32c0xx_hal_tim_ex.o(.text.HAL_TIMEx_ConfigCommutEvent_DMA), (244 bytes).
    Removing stm32c0xx_hal_tim_ex.o(.ARM.exidx.text.HAL_TIMEx_ConfigCommutEvent_DMA), (8 bytes).
    Removing stm32c0xx_hal_tim_ex.o(.text.TIMEx_DMACommutationCplt), (30 bytes).
    Removing stm32c0xx_hal_tim_ex.o(.ARM.exidx.text.TIMEx_DMACommutationCplt), (8 bytes).
    Removing stm32c0xx_hal_tim_ex.o(.text.TIMEx_DMACommutationHalfCplt), (30 bytes).
    Removing stm32c0xx_hal_tim_ex.o(.ARM.exidx.text.TIMEx_DMACommutationHalfCplt), (8 bytes).
    Removing stm32c0xx_hal_tim_ex.o(.ARM.exidx.text.HAL_TIMEx_MasterConfigSynchronization), (8 bytes).
    Removing stm32c0xx_hal_tim_ex.o(.text.HAL_TIMEx_ConfigBreakDeadTime), (296 bytes).
    Removing stm32c0xx_hal_tim_ex.o(.ARM.exidx.text.HAL_TIMEx_ConfigBreakDeadTime), (8 bytes).
    Removing stm32c0xx_hal_tim_ex.o(.text.HAL_TIMEx_ConfigBreakInput), (282 bytes).
    Removing stm32c0xx_hal_tim_ex.o(.ARM.exidx.text.HAL_TIMEx_ConfigBreakInput), (8 bytes).
    Removing stm32c0xx_hal_tim_ex.o(.text.HAL_TIMEx_RemapConfig), (90 bytes).
    Removing stm32c0xx_hal_tim_ex.o(.ARM.exidx.text.HAL_TIMEx_RemapConfig), (8 bytes).
    Removing stm32c0xx_hal_tim_ex.o(.text.HAL_TIMEx_TISelection), (180 bytes).
    Removing stm32c0xx_hal_tim_ex.o(.ARM.exidx.text.HAL_TIMEx_TISelection), (8 bytes).
    Removing stm32c0xx_hal_tim_ex.o(.text.HAL_TIMEx_GroupChannel5), (108 bytes).
    Removing stm32c0xx_hal_tim_ex.o(.ARM.exidx.text.HAL_TIMEx_GroupChannel5), (8 bytes).
    Removing stm32c0xx_hal_tim_ex.o(.text.HAL_TIMEx_DisarmBreakInput), (146 bytes).
    Removing stm32c0xx_hal_tim_ex.o(.ARM.exidx.text.HAL_TIMEx_DisarmBreakInput), (8 bytes).
    Removing stm32c0xx_hal_tim_ex.o(.text.HAL_TIMEx_ReArmBreakInput), (216 bytes).
    Removing stm32c0xx_hal_tim_ex.o(.ARM.exidx.text.HAL_TIMEx_ReArmBreakInput), (8 bytes).
    Removing stm32c0xx_hal_tim_ex.o(.ARM.exidx.text.HAL_TIMEx_CommutCallback), (8 bytes).
    Removing stm32c0xx_hal_tim_ex.o(.text.HAL_TIMEx_CommutHalfCpltCallback), (8 bytes).
    Removing stm32c0xx_hal_tim_ex.o(.ARM.exidx.text.HAL_TIMEx_CommutHalfCpltCallback), (8 bytes).
    Removing stm32c0xx_hal_tim_ex.o(.ARM.exidx.text.HAL_TIMEx_BreakCallback), (8 bytes).
    Removing stm32c0xx_hal_tim_ex.o(.ARM.exidx.text.HAL_TIMEx_Break2Callback), (8 bytes).
    Removing stm32c0xx_hal_tim_ex.o(.text.HAL_TIMEx_HallSensor_GetState), (14 bytes).
    Removing stm32c0xx_hal_tim_ex.o(.ARM.exidx.text.HAL_TIMEx_HallSensor_GetState), (8 bytes).
    Removing stm32c0xx_hal_tim_ex.o(.text.HAL_TIMEx_GetChannelNState), (94 bytes).
    Removing stm32c0xx_hal_tim_ex.o(.ARM.exidx.text.HAL_TIMEx_GetChannelNState), (8 bytes).
    Removing stm32c0xx_hal_pcd.o(.text), (0 bytes).
    Removing stm32c0xx_hal_pcd.o(.ARM.exidx.text.HAL_PCD_Init), (8 bytes).
    Removing stm32c0xx_hal_pcd.o(.text.HAL_PCD_MspInit), (8 bytes).
    Removing stm32c0xx_hal_pcd.o(.ARM.exidx.text.HAL_PCD_MspInit), (8 bytes).
    Removing stm32c0xx_hal_pcd.o(.text.HAL_PCD_DeInit), (84 bytes).
    Removing stm32c0xx_hal_pcd.o(.ARM.exidx.text.HAL_PCD_DeInit), (8 bytes).
    Removing stm32c0xx_hal_pcd.o(.text.HAL_PCD_MspDeInit), (8 bytes).
    Removing stm32c0xx_hal_pcd.o(.ARM.exidx.text.HAL_PCD_MspDeInit), (8 bytes).
    Removing stm32c0xx_hal_pcd.o(.text.HAL_PCD_Start), (90 bytes).
    Removing stm32c0xx_hal_pcd.o(.ARM.exidx.text.HAL_PCD_Start), (8 bytes).
    Removing stm32c0xx_hal_pcd.o(.text.HAL_PCD_Stop), (90 bytes).
    Removing stm32c0xx_hal_pcd.o(.ARM.exidx.text.HAL_PCD_Stop), (8 bytes).
    Removing stm32c0xx_hal_pcd.o(.text.HAL_PCD_IRQHandler), (476 bytes).
    Removing stm32c0xx_hal_pcd.o(.ARM.exidx.text.HAL_PCD_IRQHandler), (8 bytes).
    Removing stm32c0xx_hal_pcd.o(.text.PCD_EP_ISR_Handler), (1408 bytes).
    Removing stm32c0xx_hal_pcd.o(.ARM.exidx.text.PCD_EP_ISR_Handler), (8 bytes).
    Removing stm32c0xx_hal_pcd.o(.text.HAL_PCD_ResetCallback), (8 bytes).
    Removing stm32c0xx_hal_pcd.o(.ARM.exidx.text.HAL_PCD_ResetCallback), (8 bytes).
    Removing stm32c0xx_hal_pcd.o(.text.HAL_PCD_SetAddress), (96 bytes).
    Removing stm32c0xx_hal_pcd.o(.ARM.exidx.text.HAL_PCD_SetAddress), (8 bytes).
    Removing stm32c0xx_hal_pcd.o(.text.HAL_PCD_ResumeCallback), (8 bytes).
    Removing stm32c0xx_hal_pcd.o(.ARM.exidx.text.HAL_PCD_ResumeCallback), (8 bytes).
    Removing stm32c0xx_hal_pcd.o(.text.HAL_PCD_SuspendCallback), (8 bytes).
    Removing stm32c0xx_hal_pcd.o(.ARM.exidx.text.HAL_PCD_SuspendCallback), (8 bytes).
    Removing stm32c0xx_hal_pcd.o(.text.HAL_PCD_SOFCallback), (8 bytes).
    Removing stm32c0xx_hal_pcd.o(.ARM.exidx.text.HAL_PCD_SOFCallback), (8 bytes).
    Removing stm32c0xx_hal_pcd.o(.text.HAL_PCD_DataOutStageCallback), (12 bytes).
    Removing stm32c0xx_hal_pcd.o(.ARM.exidx.text.HAL_PCD_DataOutStageCallback), (8 bytes).
    Removing stm32c0xx_hal_pcd.o(.text.HAL_PCD_DataInStageCallback), (12 bytes).
    Removing stm32c0xx_hal_pcd.o(.ARM.exidx.text.HAL_PCD_DataInStageCallback), (8 bytes).
    Removing stm32c0xx_hal_pcd.o(.text.HAL_PCD_SetupStageCallback), (8 bytes).
    Removing stm32c0xx_hal_pcd.o(.ARM.exidx.text.HAL_PCD_SetupStageCallback), (8 bytes).
    Removing stm32c0xx_hal_pcd.o(.text.HAL_PCD_ISOOUTIncompleteCallback), (12 bytes).
    Removing stm32c0xx_hal_pcd.o(.ARM.exidx.text.HAL_PCD_ISOOUTIncompleteCallback), (8 bytes).
    Removing stm32c0xx_hal_pcd.o(.text.HAL_PCD_ISOINIncompleteCallback), (12 bytes).
    Removing stm32c0xx_hal_pcd.o(.ARM.exidx.text.HAL_PCD_ISOINIncompleteCallback), (8 bytes).
    Removing stm32c0xx_hal_pcd.o(.text.HAL_PCD_ConnectCallback), (8 bytes).
    Removing stm32c0xx_hal_pcd.o(.ARM.exidx.text.HAL_PCD_ConnectCallback), (8 bytes).
    Removing stm32c0xx_hal_pcd.o(.text.HAL_PCD_DisconnectCallback), (8 bytes).
    Removing stm32c0xx_hal_pcd.o(.ARM.exidx.text.HAL_PCD_DisconnectCallback), (8 bytes).
    Removing stm32c0xx_hal_pcd.o(.text.HAL_PCD_DevConnect), (82 bytes).
    Removing stm32c0xx_hal_pcd.o(.ARM.exidx.text.HAL_PCD_DevConnect), (8 bytes).
    Removing stm32c0xx_hal_pcd.o(.text.HAL_PCD_DevDisconnect), (82 bytes).
    Removing stm32c0xx_hal_pcd.o(.ARM.exidx.text.HAL_PCD_DevDisconnect), (8 bytes).
    Removing stm32c0xx_hal_pcd.o(.text.HAL_PCD_EP_Open), (224 bytes).
    Removing stm32c0xx_hal_pcd.o(.ARM.exidx.text.HAL_PCD_EP_Open), (8 bytes).
    Removing stm32c0xx_hal_pcd.o(.text.HAL_PCD_EP_Close), (170 bytes).
    Removing stm32c0xx_hal_pcd.o(.ARM.exidx.text.HAL_PCD_EP_Close), (8 bytes).
    Removing stm32c0xx_hal_pcd.o(.text.HAL_PCD_EP_Receive), (84 bytes).
    Removing stm32c0xx_hal_pcd.o(.ARM.exidx.text.HAL_PCD_EP_Receive), (8 bytes).
    Removing stm32c0xx_hal_pcd.o(.text.HAL_PCD_EP_GetRxCount), (38 bytes).
    Removing stm32c0xx_hal_pcd.o(.ARM.exidx.text.HAL_PCD_EP_GetRxCount), (8 bytes).
    Removing stm32c0xx_hal_pcd.o(.text.HAL_PCD_EP_Transmit), (94 bytes).
    Removing stm32c0xx_hal_pcd.o(.ARM.exidx.text.HAL_PCD_EP_Transmit), (8 bytes).
    Removing stm32c0xx_hal_pcd.o(.text.HAL_PCD_EP_SetStall), (198 bytes).
    Removing stm32c0xx_hal_pcd.o(.ARM.exidx.text.HAL_PCD_EP_SetStall), (8 bytes).
    Removing stm32c0xx_hal_pcd.o(.text.HAL_PCD_EP_ClrStall), (202 bytes).
    Removing stm32c0xx_hal_pcd.o(.ARM.exidx.text.HAL_PCD_EP_ClrStall), (8 bytes).
    Removing stm32c0xx_hal_pcd.o(.text.HAL_PCD_EP_Abort), (90 bytes).
    Removing stm32c0xx_hal_pcd.o(.ARM.exidx.text.HAL_PCD_EP_Abort), (8 bytes).
    Removing stm32c0xx_hal_pcd.o(.text.HAL_PCD_EP_Flush), (118 bytes).
    Removing stm32c0xx_hal_pcd.o(.ARM.exidx.text.HAL_PCD_EP_Flush), (8 bytes).
    Removing stm32c0xx_hal_pcd.o(.text.HAL_PCD_ActivateRemoteWakeup), (18 bytes).
    Removing stm32c0xx_hal_pcd.o(.ARM.exidx.text.HAL_PCD_ActivateRemoteWakeup), (8 bytes).
    Removing stm32c0xx_hal_pcd.o(.text.HAL_PCD_DeActivateRemoteWakeup), (18 bytes).
    Removing stm32c0xx_hal_pcd.o(.ARM.exidx.text.HAL_PCD_DeActivateRemoteWakeup), (8 bytes).
    Removing stm32c0xx_hal_pcd.o(.text.HAL_PCD_GetState), (20 bytes).
    Removing stm32c0xx_hal_pcd.o(.ARM.exidx.text.HAL_PCD_GetState), (8 bytes).
    Removing stm32c0xx_hal_pcd.o(.text.PCD_GET_EP_RX_CNT), (60 bytes).
    Removing stm32c0xx_hal_pcd.o(.ARM.exidx.text.PCD_GET_EP_RX_CNT), (8 bytes).
    Removing stm32c0xx_hal_pcd.o(.text.HAL_PCD_EP_DB_Receive), (452 bytes).
    Removing stm32c0xx_hal_pcd.o(.ARM.exidx.text.HAL_PCD_EP_DB_Receive), (8 bytes).
    Removing stm32c0xx_hal_pcd.o(.text.PCD_GET_EP_DBUF0_CNT), (60 bytes).
    Removing stm32c0xx_hal_pcd.o(.ARM.exidx.text.PCD_GET_EP_DBUF0_CNT), (8 bytes).
    Removing stm32c0xx_hal_pcd.o(.text.PCD_GET_EP_DBUF1_CNT), (60 bytes).
    Removing stm32c0xx_hal_pcd.o(.ARM.exidx.text.PCD_GET_EP_DBUF1_CNT), (8 bytes).
    Removing stm32c0xx_hal_pcd.o(.text.HAL_PCD_EP_DB_Transmit), (1756 bytes).
    Removing stm32c0xx_hal_pcd.o(.ARM.exidx.text.HAL_PCD_EP_DB_Transmit), (8 bytes).
    Removing stm32c0xx_hal_pcd_ex.o(.text), (0 bytes).
    Removing stm32c0xx_hal_pcd_ex.o(.text.HAL_PCDEx_PMAConfig), (122 bytes).
    Removing stm32c0xx_hal_pcd_ex.o(.ARM.exidx.text.HAL_PCDEx_PMAConfig), (8 bytes).
    Removing stm32c0xx_hal_pcd_ex.o(.text.HAL_PCDEx_ActivateBCD), (64 bytes).
    Removing stm32c0xx_hal_pcd_ex.o(.ARM.exidx.text.HAL_PCDEx_ActivateBCD), (8 bytes).
    Removing stm32c0xx_hal_pcd_ex.o(.text.HAL_PCDEx_DeActivateBCD), (34 bytes).
    Removing stm32c0xx_hal_pcd_ex.o(.ARM.exidx.text.HAL_PCDEx_DeActivateBCD), (8 bytes).
    Removing stm32c0xx_hal_pcd_ex.o(.text.HAL_PCDEx_BCD_VBUSDetect), (224 bytes).
    Removing stm32c0xx_hal_pcd_ex.o(.ARM.exidx.text.HAL_PCDEx_BCD_VBUSDetect), (8 bytes).
    Removing stm32c0xx_hal_pcd_ex.o(.text.HAL_PCDEx_BCD_Callback), (12 bytes).
    Removing stm32c0xx_hal_pcd_ex.o(.ARM.exidx.text.HAL_PCDEx_BCD_Callback), (8 bytes).
    Removing stm32c0xx_hal_pcd_ex.o(.ARM.exidx.text.HAL_PCDEx_ActivateLPM), (8 bytes).
    Removing stm32c0xx_hal_pcd_ex.o(.text.HAL_PCDEx_DeActivateLPM), (44 bytes).
    Removing stm32c0xx_hal_pcd_ex.o(.ARM.exidx.text.HAL_PCDEx_DeActivateLPM), (8 bytes).
    Removing stm32c0xx_hal_pcd_ex.o(.text.HAL_PCDEx_LPM_Callback), (12 bytes).
    Removing stm32c0xx_hal_pcd_ex.o(.ARM.exidx.text.HAL_PCDEx_LPM_Callback), (8 bytes).
    Removing stm32c0xx_ll_usb.o(.text), (0 bytes).
    Removing stm32c0xx_ll_usb.o(.text.USB_CoreInit), (82 bytes).
    Removing stm32c0xx_ll_usb.o(.ARM.exidx.text.USB_CoreInit), (8 bytes).
    Removing stm32c0xx_ll_usb.o(.text.USB_CoreReset), (30 bytes).
    Removing stm32c0xx_ll_usb.o(.ARM.exidx.text.USB_CoreReset), (8 bytes).
    Removing stm32c0xx_ll_usb.o(.text.USB_EnableGlobalInt), (28 bytes).
    Removing stm32c0xx_ll_usb.o(.ARM.exidx.text.USB_EnableGlobalInt), (8 bytes).
    Removing stm32c0xx_ll_usb.o(.ARM.exidx.text.USB_DisableGlobalInt), (8 bytes).
    Removing stm32c0xx_ll_usb.o(.ARM.exidx.text.USB_SetCurrentMode), (8 bytes).
    Removing stm32c0xx_ll_usb.o(.ARM.exidx.text.USB_DevInit), (8 bytes).
    Removing stm32c0xx_ll_usb.o(.text.USB_FlushTxFifo), (12 bytes).
    Removing stm32c0xx_ll_usb.o(.ARM.exidx.text.USB_FlushTxFifo), (8 bytes).
    Removing stm32c0xx_ll_usb.o(.text.USB_FlushRxFifo), (10 bytes).
    Removing stm32c0xx_ll_usb.o(.ARM.exidx.text.USB_FlushRxFifo), (8 bytes).
    Removing stm32c0xx_ll_usb.o(.text.USB_ActivateEndpoint), (2016 bytes).
    Removing stm32c0xx_ll_usb.o(.ARM.exidx.text.USB_ActivateEndpoint), (8 bytes).
    Removing stm32c0xx_ll_usb.o(.text.USB_DeactivateEndpoint), (764 bytes).
    Removing stm32c0xx_ll_usb.o(.ARM.exidx.text.USB_DeactivateEndpoint), (8 bytes).
    Removing stm32c0xx_ll_usb.o(.text.USB_EPStartXfer), (2440 bytes).
    Removing stm32c0xx_ll_usb.o(.ARM.exidx.text.USB_EPStartXfer), (8 bytes).
    Removing stm32c0xx_ll_usb.o(.text.USB_WritePMA), (224 bytes).
    Removing stm32c0xx_ll_usb.o(.ARM.exidx.text.USB_WritePMA), (8 bytes).
    Removing stm32c0xx_ll_usb.o(.text.USB_EPSetStall), (128 bytes).
    Removing stm32c0xx_ll_usb.o(.ARM.exidx.text.USB_EPSetStall), (8 bytes).
    Removing stm32c0xx_ll_usb.o(.text.USB_EPClearStall), (292 bytes).
    Removing stm32c0xx_ll_usb.o(.ARM.exidx.text.USB_EPClearStall), (8 bytes).
    Removing stm32c0xx_ll_usb.o(.text.USB_EPStopXfer), (252 bytes).
    Removing stm32c0xx_ll_usb.o(.ARM.exidx.text.USB_EPStopXfer), (8 bytes).
    Removing stm32c0xx_ll_usb.o(.text.USB_StopDevice), (26 bytes).
    Removing stm32c0xx_ll_usb.o(.ARM.exidx.text.USB_StopDevice), (8 bytes).
    Removing stm32c0xx_ll_usb.o(.text.USB_SetDevAddress), (30 bytes).
    Removing stm32c0xx_ll_usb.o(.ARM.exidx.text.USB_SetDevAddress), (8 bytes).
    Removing stm32c0xx_ll_usb.o(.text.USB_DevConnect), (22 bytes).
    Removing stm32c0xx_ll_usb.o(.ARM.exidx.text.USB_DevConnect), (8 bytes).
    Removing stm32c0xx_ll_usb.o(.text.USB_DevDisconnect), (22 bytes).
    Removing stm32c0xx_ll_usb.o(.ARM.exidx.text.USB_DevDisconnect), (8 bytes).
    Removing stm32c0xx_ll_usb.o(.text.USB_ReadInterrupts), (16 bytes).
    Removing stm32c0xx_ll_usb.o(.ARM.exidx.text.USB_ReadInterrupts), (8 bytes).
    Removing stm32c0xx_ll_usb.o(.text.USB_ActivateRemoteWakeup), (20 bytes).
    Removing stm32c0xx_ll_usb.o(.ARM.exidx.text.USB_ActivateRemoteWakeup), (8 bytes).
    Removing stm32c0xx_ll_usb.o(.text.USB_DeActivateRemoteWakeup), (20 bytes).
    Removing stm32c0xx_ll_usb.o(.ARM.exidx.text.USB_DeActivateRemoteWakeup), (8 bytes).
    Removing stm32c0xx_ll_usb.o(.text.USB_ReadPMA), (212 bytes).
    Removing stm32c0xx_ll_usb.o(.ARM.exidx.text.USB_ReadPMA), (8 bytes).
    Removing stm32c0xx_ll_usb.o(.text.USB_HostInit), (88 bytes).
    Removing stm32c0xx_ll_usb.o(.ARM.exidx.text.USB_HostInit), (8 bytes).
    Removing stm32c0xx_ll_usb.o(.text.USB_ResetPort), (46 bytes).
    Removing stm32c0xx_ll_usb.o(.ARM.exidx.text.USB_ResetPort), (8 bytes).
    Removing stm32c0xx_ll_usb.o(.text.USB_GetHostSpeed), (34 bytes).
    Removing stm32c0xx_ll_usb.o(.ARM.exidx.text.USB_GetHostSpeed), (8 bytes).
    Removing stm32c0xx_ll_usb.o(.text.USB_GetCurrentFrame), (20 bytes).
    Removing stm32c0xx_ll_usb.o(.ARM.exidx.text.USB_GetCurrentFrame), (8 bytes).
    Removing stm32c0xx_ll_usb.o(.text.USB_HC_DoubleBuffer), (100 bytes).
    Removing stm32c0xx_ll_usb.o(.ARM.exidx.text.USB_HC_DoubleBuffer), (8 bytes).
    Removing stm32c0xx_ll_usb.o(.text.USB_HC_Init), (252 bytes).
    Removing stm32c0xx_ll_usb.o(.ARM.exidx.text.USB_HC_Init), (8 bytes).
    Removing stm32c0xx_ll_usb.o(.text.USB_HC_StartXfer), (1676 bytes).
    Removing stm32c0xx_ll_usb.o(.ARM.exidx.text.USB_HC_StartXfer), (8 bytes).
    Removing stm32c0xx_ll_usb.o(.text.USB_HC_BULK_DB_StartXfer), (428 bytes).
    Removing stm32c0xx_ll_usb.o(.ARM.exidx.text.USB_HC_BULK_DB_StartXfer), (8 bytes).
    Removing stm32c0xx_ll_usb.o(.text.USB_HC_ISO_DB_StartXfer), (148 bytes).
    Removing stm32c0xx_ll_usb.o(.ARM.exidx.text.USB_HC_ISO_DB_StartXfer), (8 bytes).
    Removing stm32c0xx_ll_usb.o(.text.USB_HC_IN_Halt), (56 bytes).
    Removing stm32c0xx_ll_usb.o(.ARM.exidx.text.USB_HC_IN_Halt), (8 bytes).
    Removing stm32c0xx_ll_usb.o(.text.USB_HC_OUT_Halt), (56 bytes).
    Removing stm32c0xx_ll_usb.o(.ARM.exidx.text.USB_HC_OUT_Halt), (8 bytes).
    Removing stm32c0xx_ll_usb.o(.text.USB_StopHost), (44 bytes).
    Removing stm32c0xx_ll_usb.o(.ARM.exidx.text.USB_StopHost), (8 bytes).
    Removing system_stm32c0xx.o(.text), (0 bytes).
    Removing system_stm32c0xx.o(.ARM.exidx.text.SystemInit), (8 bytes).
    Removing system_stm32c0xx.o(.text.SystemCoreClockUpdate), (332 bytes).
    Removing system_stm32c0xx.o(.ARM.exidx.text.SystemCoreClockUpdate), (8 bytes).
    Removing system_stm32c0xx.o(.rodata.APBPrescTable), (32 bytes).

1069 unused section(s) (total 94456 bytes) removed from the image.

==============================================================================

Image Symbol Table

    Local Symbols

    Symbol Name                              Value     Ov Type        Size  Object(Section)

    ../clib/angel/boardlib.s                 0x00000000   Number         0  boardinit1.o ABSOLUTE
    ../clib/angel/boardlib.s                 0x00000000   Number         0  boardinit2.o ABSOLUTE
    ../clib/angel/boardlib.s                 0x00000000   Number         0  boardinit3.o ABSOLUTE
    ../clib/angel/boardlib.s                 0x00000000   Number         0  boardshut.o ABSOLUTE
    ../clib/angel/handlers.s                 0x00000000   Number         0  __scatter_copy.o ABSOLUTE
    ../clib/angel/handlers.s                 0x00000000   Number         0  __scatter_zi.o ABSOLUTE
    ../clib/angel/kernel.s                   0x00000000   Number         0  __rtentry.o ABSOLUTE
    ../clib/angel/kernel.s                   0x00000000   Number         0  __rtentry2.o ABSOLUTE
    ../clib/angel/kernel.s                   0x00000000   Number         0  __rtentry4.o ABSOLUTE
    ../clib/angel/kernel.s                   0x00000000   Number         0  rtexit.o ABSOLUTE
    ../clib/angel/kernel.s                   0x00000000   Number         0  rtexit2.o ABSOLUTE
    ../clib/angel/rt.s                       0x00000000   Number         0  aeabi_idiv0.o ABSOLUTE
    ../clib/angel/rt.s                       0x00000000   Number         0  aeabi_idiv0_sigfpe.o ABSOLUTE
    ../clib/angel/rt.s                       0x00000000   Number         0  rt_div0.o ABSOLUTE
    ../clib/angel/rt.s                       0x00000000   Number         0  rt_raise.o ABSOLUTE
    ../clib/angel/scatterp.s                 0x00000000   Number         0  __scatter.o ABSOLUTE
    ../clib/angel/startup.s                  0x00000000   Number         0  __main.o ABSOLUTE
    ../clib/angel/sys.s                      0x00000000   Number         0  sys_stackheap_outer.o ABSOLUTE
    ../clib/angel/sys.s                      0x00000000   Number         0  libspace.o ABSOLUTE
    ../clib/angel/sys.s                      0x00000000   Number         0  tempstk.o ABSOLUTE
    ../clib/angel/sys.s                      0x00000000   Number         0  use_no_semi.o ABSOLUTE
    ../clib/angel/sys.s                      0x00000000   Number         0  indicate_semi.o ABSOLUTE
    ../clib/angel/sysapp.c                   0x00000000   Number         0  sys_exit.o ABSOLUTE
    ../clib/angel/sysapp.c                   0x00000000   Number         0  sys_exit_hlt.o ABSOLUTE
    ../clib/angel/sysapp.c                   0x00000000   Number         0  sys_wrch.o ABSOLUTE
    ../clib/angel/sysapp.c                   0x00000000   Number         0  sys_wrch_hlt.o ABSOLUTE
    ../clib/angel/sysapp.c                   0x00000000   Number         0  sys_command.o ABSOLUTE
    ../clib/angel/sysapp.c                   0x00000000   Number         0  sys_command_hlt.o ABSOLUTE
    ../clib/armsys.c                         0x00000000   Number         0  argv_veneer.o ABSOLUTE
    ../clib/armsys.c                         0x00000000   Number         0  _get_argv_nomalloc.o ABSOLUTE
    ../clib/armsys.c                         0x00000000   Number         0  no_argv.o ABSOLUTE
    ../clib/division.s                       0x00000000   Number         0  aeabi_sdiv.o ABSOLUTE
    ../clib/division.s                       0x00000000   Number         0  aeabi_sdiv_div0.o ABSOLUTE
    ../clib/heapalloc.c                      0x00000000   Number         0  hrguard.o ABSOLUTE
    ../clib/heapaux.c                        0x00000000   Number         0  heapauxi.o ABSOLUTE
    ../clib/libinit.s                        0x00000000   Number         0  libinit.o ABSOLUTE
    ../clib/libinit.s                        0x00000000   Number         0  libinit2.o ABSOLUTE
    ../clib/libinit.s                        0x00000000   Number         0  libshutdown.o ABSOLUTE
    ../clib/libinit.s                        0x00000000   Number         0  libshutdown2.o ABSOLUTE
    ../clib/signal.c                         0x00000000   Number         0  defsig_fpe_outer.o ABSOLUTE
    ../clib/signal.c                         0x00000000   Number         0  defsig_fpe_formal.o ABSOLUTE
    ../clib/signal.c                         0x00000000   Number         0  defsig_exit.o ABSOLUTE
    ../clib/signal.c                         0x00000000   Number         0  defsig_fpe_inner.o ABSOLUTE
    ../clib/signal.c                         0x00000000   Number         0  __raise.o ABSOLUTE
    ../clib/signal.c                         0x00000000   Number         0  defsig_general.o ABSOLUTE
    ../clib/signal.c                         0x00000000   Number         0  defsig_abrt_inner.o ABSOLUTE
    ../clib/signal.c                         0x00000000   Number         0  defsig_rtred_inner.o ABSOLUTE
    ../clib/signal.c                         0x00000000   Number         0  defsig_rtmem_inner.o ABSOLUTE
    ../clib/signal.c                         0x00000000   Number         0  defsig_rtmem_outer.o ABSOLUTE
    ../clib/signal.c                         0x00000000   Number         0  defsig_rtmem_formal.o ABSOLUTE
    ../clib/signal.c                         0x00000000   Number         0  defsig_stak_inner.o ABSOLUTE
    ../clib/signal.c                         0x00000000   Number         0  defsig_pvfn_inner.o ABSOLUTE
    ../clib/signal.c                         0x00000000   Number         0  defsig_cppl_inner.o ABSOLUTE
    ../clib/signal.c                         0x00000000   Number         0  defsig_segv_inner.o ABSOLUTE
    ../clib/signal.c                         0x00000000   Number         0  defsig_other.o ABSOLUTE
    ../clib/signal.s                         0x00000000   Number         0  defsig.o ABSOLUTE
    ../clib/stdlib.c                         0x00000000   Number         0  exit.o ABSOLUTE
    ../fplib/cfplib/fpinit.c                 0x00000000   Number         0  fpinit.o ABSOLUTE
    dc.s                                     0x00000000   Number         0  dc.o ABSOLUTE
    gpio.c                                   0x00000000   Number         0  gpio.o ABSOLUTE
    i2c.c                                    0x00000000   Number         0  i2c.o ABSOLUTE
    main.c                                   0x00000000   Number         0  main.o ABSOLUTE
    startup_stm32c071xx.s                    0x00000000   Number         0  startup_stm32c071xx.o ABSOLUTE
    stm32c0xx_hal.c                          0x00000000   Number         0  stm32c0xx_hal.o ABSOLUTE
    stm32c0xx_hal_cortex.c                   0x00000000   Number         0  stm32c0xx_hal_cortex.o ABSOLUTE
    stm32c0xx_hal_dma.c                      0x00000000   Number         0  stm32c0xx_hal_dma.o ABSOLUTE
    stm32c0xx_hal_dma_ex.c                   0x00000000   Number         0  stm32c0xx_hal_dma_ex.o ABSOLUTE
    stm32c0xx_hal_exti.c                     0x00000000   Number         0  stm32c0xx_hal_exti.o ABSOLUTE
    stm32c0xx_hal_flash.c                    0x00000000   Number         0  stm32c0xx_hal_flash.o ABSOLUTE
    stm32c0xx_hal_flash_ex.c                 0x00000000   Number         0  stm32c0xx_hal_flash_ex.o ABSOLUTE
    stm32c0xx_hal_gpio.c                     0x00000000   Number         0  stm32c0xx_hal_gpio.o ABSOLUTE
    stm32c0xx_hal_i2c.c                      0x00000000   Number         0  stm32c0xx_hal_i2c.o ABSOLUTE
    stm32c0xx_hal_i2c_ex.c                   0x00000000   Number         0  stm32c0xx_hal_i2c_ex.o ABSOLUTE
    stm32c0xx_hal_msp.c                      0x00000000   Number         0  stm32c0xx_hal_msp.o ABSOLUTE
    stm32c0xx_hal_pcd.c                      0x00000000   Number         0  stm32c0xx_hal_pcd.o ABSOLUTE
    stm32c0xx_hal_pcd_ex.c                   0x00000000   Number         0  stm32c0xx_hal_pcd_ex.o ABSOLUTE
    stm32c0xx_hal_pwr.c                      0x00000000   Number         0  stm32c0xx_hal_pwr.o ABSOLUTE
    stm32c0xx_hal_pwr_ex.c                   0x00000000   Number         0  stm32c0xx_hal_pwr_ex.o ABSOLUTE
    stm32c0xx_hal_rcc.c                      0x00000000   Number         0  stm32c0xx_hal_rcc.o ABSOLUTE
    stm32c0xx_hal_rcc_ex.c                   0x00000000   Number         0  stm32c0xx_hal_rcc_ex.o ABSOLUTE
    stm32c0xx_hal_tim.c                      0x00000000   Number         0  stm32c0xx_hal_tim.o ABSOLUTE
    stm32c0xx_hal_tim_ex.c                   0x00000000   Number         0  stm32c0xx_hal_tim_ex.o ABSOLUTE
    stm32c0xx_it.c                           0x00000000   Number         0  stm32c0xx_it.o ABSOLUTE
    stm32c0xx_ll_usb.c                       0x00000000   Number         0  stm32c0xx_ll_usb.o ABSOLUTE
    system_stm32c0xx.c                       0x00000000   Number         0  system_stm32c0xx.o ABSOLUTE
    tim.c                                    0x00000000   Number         0  tim.o ABSOLUTE
    usb.c                                    0x00000000   Number         0  usb.o ABSOLUTE
    RESET                                    0x08000000   Section      192  startup_stm32c071xx.o(RESET)
    !!!main                                  0x080000c0   Section        8  __main.o(!!!main)
    !!!scatter                               0x080000c8   Section       84  __scatter.o(!!!scatter)
    !!handler_copy                           0x0800011c   Section       26  __scatter_copy.o(!!handler_copy)
    !!handler_null                           0x08000138   Section        2  __scatter.o(!!handler_null)
    !!handler_zi                             0x0800013c   Section       28  __scatter_zi.o(!!handler_zi)
    .ARM.Collect$$libinit$$00000000          0x08000158   Section        2  libinit.o(.ARM.Collect$$libinit$$00000000)
    .ARM.Collect$$libinit$$00000002          0x0800015a   Section        0  libinit2.o(.ARM.Collect$$libinit$$00000002)
    .ARM.Collect$$libinit$$00000004          0x0800015a   Section        0  libinit2.o(.ARM.Collect$$libinit$$00000004)
    .ARM.Collect$$libinit$$00000006          0x0800015a   Section        0  libinit2.o(.ARM.Collect$$libinit$$00000006)
    .ARM.Collect$$libinit$$0000000C          0x0800015a   Section        0  libinit2.o(.ARM.Collect$$libinit$$0000000C)
    .ARM.Collect$$libinit$$0000000E          0x0800015a   Section        0  libinit2.o(.ARM.Collect$$libinit$$0000000E)
    .ARM.Collect$$libinit$$00000010          0x0800015a   Section        0  libinit2.o(.ARM.Collect$$libinit$$00000010)
    .ARM.Collect$$libinit$$00000013          0x0800015a   Section        0  libinit2.o(.ARM.Collect$$libinit$$00000013)
    .ARM.Collect$$libinit$$00000015          0x0800015a   Section        0  libinit2.o(.ARM.Collect$$libinit$$00000015)
    .ARM.Collect$$libinit$$00000017          0x0800015a   Section        0  libinit2.o(.ARM.Collect$$libinit$$00000017)
    .ARM.Collect$$libinit$$00000019          0x0800015a   Section        0  libinit2.o(.ARM.Collect$$libinit$$00000019)
    .ARM.Collect$$libinit$$0000001B          0x0800015a   Section        0  libinit2.o(.ARM.Collect$$libinit$$0000001B)
    .ARM.Collect$$libinit$$0000001D          0x0800015a   Section        0  libinit2.o(.ARM.Collect$$libinit$$0000001D)
    .ARM.Collect$$libinit$$0000001F          0x0800015a   Section        0  libinit2.o(.ARM.Collect$$libinit$$0000001F)
    .ARM.Collect$$libinit$$00000021          0x0800015a   Section        0  libinit2.o(.ARM.Collect$$libinit$$00000021)
    .ARM.Collect$$libinit$$00000023          0x0800015a   Section        0  libinit2.o(.ARM.Collect$$libinit$$00000023)
    .ARM.Collect$$libinit$$00000025          0x0800015a   Section        0  libinit2.o(.ARM.Collect$$libinit$$00000025)
    .ARM.Collect$$libinit$$00000027          0x0800015a   Section        0  libinit2.o(.ARM.Collect$$libinit$$00000027)
    .ARM.Collect$$libinit$$0000002E          0x0800015a   Section        0  libinit2.o(.ARM.Collect$$libinit$$0000002E)
    .ARM.Collect$$libinit$$00000030          0x0800015a   Section        0  libinit2.o(.ARM.Collect$$libinit$$00000030)
    .ARM.Collect$$libinit$$00000032          0x0800015a   Section        0  libinit2.o(.ARM.Collect$$libinit$$00000032)
    .ARM.Collect$$libinit$$00000034          0x0800015a   Section        0  libinit2.o(.ARM.Collect$$libinit$$00000034)
    .ARM.Collect$$libinit$$00000035          0x0800015a   Section        2  libinit2.o(.ARM.Collect$$libinit$$00000035)
    .ARM.Collect$$libshutdown$$00000000      0x0800015c   Section        2  libshutdown.o(.ARM.Collect$$libshutdown$$00000000)
    .ARM.Collect$$libshutdown$$00000002      0x0800015e   Section        0  libshutdown2.o(.ARM.Collect$$libshutdown$$00000002)
    .ARM.Collect$$libshutdown$$00000004      0x0800015e   Section        0  libshutdown2.o(.ARM.Collect$$libshutdown$$00000004)
    .ARM.Collect$$libshutdown$$00000007      0x0800015e   Section        0  libshutdown2.o(.ARM.Collect$$libshutdown$$00000007)
    .ARM.Collect$$libshutdown$$0000000A      0x0800015e   Section        0  libshutdown2.o(.ARM.Collect$$libshutdown$$0000000A)
    .ARM.Collect$$libshutdown$$0000000C      0x0800015e   Section        0  libshutdown2.o(.ARM.Collect$$libshutdown$$0000000C)
    .ARM.Collect$$libshutdown$$0000000F      0x0800015e   Section        0  libshutdown2.o(.ARM.Collect$$libshutdown$$0000000F)
    .ARM.Collect$$libshutdown$$00000010      0x0800015e   Section        2  libshutdown2.o(.ARM.Collect$$libshutdown$$00000010)
    .ARM.Collect$$rtentry$$00000000          0x08000160   Section        0  __rtentry.o(.ARM.Collect$$rtentry$$00000000)
    .ARM.Collect$$rtentry$$00000002          0x08000160   Section        0  __rtentry2.o(.ARM.Collect$$rtentry$$00000002)
    .ARM.Collect$$rtentry$$00000004          0x08000160   Section        6  __rtentry4.o(.ARM.Collect$$rtentry$$00000004)
    .ARM.Collect$$rtentry$$00000009          0x08000166   Section        0  __rtentry2.o(.ARM.Collect$$rtentry$$00000009)
    .ARM.Collect$$rtentry$$0000000A          0x08000166   Section        4  __rtentry2.o(.ARM.Collect$$rtentry$$0000000A)
    .ARM.Collect$$rtentry$$0000000C          0x0800016a   Section        0  __rtentry2.o(.ARM.Collect$$rtentry$$0000000C)
    .ARM.Collect$$rtentry$$0000000D          0x0800016a   Section        8  __rtentry2.o(.ARM.Collect$$rtentry$$0000000D)
    .ARM.Collect$$rtexit$$00000000           0x08000172   Section        2  rtexit.o(.ARM.Collect$$rtexit$$00000000)
    .ARM.Collect$$rtexit$$00000002           0x08000174   Section        0  rtexit2.o(.ARM.Collect$$rtexit$$00000002)
    .ARM.Collect$$rtexit$$00000003           0x08000174   Section        4  rtexit2.o(.ARM.Collect$$rtexit$$00000003)
    .ARM.Collect$$rtexit$$00000004           0x08000178   Section        6  rtexit2.o(.ARM.Collect$$rtexit$$00000004)
    .text                                    0x08000180   Section       56  startup_stm32c071xx.o(.text)
    .text                                    0x080001b8   Section      364  aeabi_sdiv.o(.text)
    .text                                    0x08000324   Section        0  heapauxi.o(.text)
    .text                                    0x0800032a   Section       62  sys_stackheap_outer.o(.text)
    .text                                    0x08000368   Section        0  exit.o(.text)
    .text                                    0x08000378   Section        8  libspace.o(.text)
    .text                                    0x08000380   Section        0  sys_exit.o(.text)
    .text                                    0x0800038c   Section        2  use_no_semi.o(.text)
    [Anonymous Symbol]                       0x0800038e   Section        0  main.o(.text.Error_Handler)
    .text                                    0x0800038e   Section        0  indicate_semi.o(.text)
    [Anonymous Symbol]                       0x08000394   Section        0  stm32c0xx_hal_gpio.o(.text.HAL_GPIO_Init)
    __arm_cp.0_0                             0x0800066c   Number         4  stm32c0xx_hal_gpio.o(.text.HAL_GPIO_Init)
    __arm_cp.0_1                             0x08000670   Number         4  stm32c0xx_hal_gpio.o(.text.HAL_GPIO_Init)
    __arm_cp.0_2                             0x08000674   Number         4  stm32c0xx_hal_gpio.o(.text.HAL_GPIO_Init)
    __arm_cp.0_3                             0x08000678   Number         4  stm32c0xx_hal_gpio.o(.text.HAL_GPIO_Init)
    __arm_cp.0_4                             0x0800067c   Number         4  stm32c0xx_hal_gpio.o(.text.HAL_GPIO_Init)
    __arm_cp.0_5                             0x08000680   Number         4  stm32c0xx_hal_gpio.o(.text.HAL_GPIO_Init)
    __arm_cp.0_6                             0x08000684   Number         4  stm32c0xx_hal_gpio.o(.text.HAL_GPIO_Init)
    __arm_cp.0_7                             0x08000688   Number         4  stm32c0xx_hal_gpio.o(.text.HAL_GPIO_Init)
    __arm_cp.0_8                             0x0800068c   Number         4  stm32c0xx_hal_gpio.o(.text.HAL_GPIO_Init)
    [Anonymous Symbol]                       0x08000690   Section        0  stm32c0xx_hal.o(.text.HAL_GetTick)
    [Anonymous Symbol]                       0x08000698   Section        0  stm32c0xx_hal_i2c_ex.o(.text.HAL_I2CEx_ConfigAnalogFilter)
    [Anonymous Symbol]                       0x0800072e   Section        0  stm32c0xx_hal_i2c_ex.o(.text.HAL_I2CEx_ConfigDigitalFilter)
    [Anonymous Symbol]                       0x080007d0   Section        0  stm32c0xx_hal_i2c.o(.text.HAL_I2C_Init)
    __arm_cp.0_0                             0x080008ec   Number         4  stm32c0xx_hal_i2c.o(.text.HAL_I2C_Init)
    [Anonymous Symbol]                       0x080008f0   Section        0  i2c.o(.text.HAL_I2C_MspInit)
    __arm_cp.2_0                             0x080009e4   Number         4  i2c.o(.text.HAL_I2C_MspInit)
    __arm_cp.2_1                             0x080009e8   Number         4  i2c.o(.text.HAL_I2C_MspInit)
    __arm_cp.2_2                             0x080009ec   Number         4  i2c.o(.text.HAL_I2C_MspInit)
    __arm_cp.2_4                             0x080009f0   Number         4  i2c.o(.text.HAL_I2C_MspInit)
    [Anonymous Symbol]                       0x080009f4   Section        0  stm32c0xx_hal.o(.text.HAL_IncTick)
    __arm_cp.5_1                             0x08000a04   Number         4  stm32c0xx_hal.o(.text.HAL_IncTick)
    [Anonymous Symbol]                       0x08000a08   Section        0  stm32c0xx_hal.o(.text.HAL_Init)
    [Anonymous Symbol]                       0x08000a34   Section        0  stm32c0xx_hal.o(.text.HAL_InitTick)
    __arm_cp.1_0                             0x08000aac   Number         4  stm32c0xx_hal.o(.text.HAL_InitTick)
    __arm_cp.1_1                             0x08000ab0   Number         4  stm32c0xx_hal.o(.text.HAL_InitTick)
    __arm_cp.1_2                             0x08000ab4   Number         4  stm32c0xx_hal.o(.text.HAL_InitTick)
    [Anonymous Symbol]                       0x08000ab8   Section        0  stm32c0xx_hal_msp.o(.text.HAL_MspInit)
    __arm_cp.0_0                             0x08000aec   Number         4  stm32c0xx_hal_msp.o(.text.HAL_MspInit)
    [Anonymous Symbol]                       0x08000af0   Section        0  stm32c0xx_hal_cortex.o(.text.HAL_NVIC_EnableIRQ)
    [Anonymous Symbol]                       0x08000b06   Section        0  stm32c0xx_hal_cortex.o(.text.HAL_NVIC_SetPriority)
    [Anonymous Symbol]                       0x08000b22   Section        0  stm32c0xx_hal_pcd_ex.o(.text.HAL_PCDEx_ActivateLPM)
    [Anonymous Symbol]                       0x08000b58   Section        0  stm32c0xx_hal_pcd.o(.text.HAL_PCD_Init)
    __arm_cp.0_0                             0x08000ce8   Number         4  stm32c0xx_hal_pcd.o(.text.HAL_PCD_Init)
    [Anonymous Symbol]                       0x08000cec   Section        0  usb.o(.text.HAL_PCD_MspInit)
    __arm_cp.1_0                             0x08000d4c   Number         4  usb.o(.text.HAL_PCD_MspInit)
    __arm_cp.1_1                             0x08000d50   Number         4  usb.o(.text.HAL_PCD_MspInit)
    [Anonymous Symbol]                       0x08000d54   Section        0  stm32c0xx_hal_rcc_ex.o(.text.HAL_RCCEx_PeriphCLKConfig)
    __arm_cp.0_0                             0x08000f24   Number         4  stm32c0xx_hal_rcc_ex.o(.text.HAL_RCCEx_PeriphCLKConfig)
    __arm_cp.0_3                             0x08000f28   Number         4  stm32c0xx_hal_rcc_ex.o(.text.HAL_RCCEx_PeriphCLKConfig)
    __arm_cp.0_4                             0x08000f2c   Number         4  stm32c0xx_hal_rcc_ex.o(.text.HAL_RCCEx_PeriphCLKConfig)
    [Anonymous Symbol]                       0x08000f30   Section        0  stm32c0xx_hal_rcc.o(.text.HAL_RCC_ClockConfig)
    __arm_cp.2_0                             0x08001180   Number         4  stm32c0xx_hal_rcc.o(.text.HAL_RCC_ClockConfig)
    __arm_cp.2_3                             0x08001184   Number         4  stm32c0xx_hal_rcc.o(.text.HAL_RCC_ClockConfig)
    __arm_cp.2_4                             0x08001188   Number         4  stm32c0xx_hal_rcc.o(.text.HAL_RCC_ClockConfig)
    __arm_cp.2_5                             0x0800118c   Number         4  stm32c0xx_hal_rcc.o(.text.HAL_RCC_ClockConfig)
    __arm_cp.2_6                             0x08001190   Number         4  stm32c0xx_hal_rcc.o(.text.HAL_RCC_ClockConfig)
    __arm_cp.2_7                             0x08001194   Number         4  stm32c0xx_hal_rcc.o(.text.HAL_RCC_ClockConfig)
    __arm_cp.2_8                             0x08001198   Number         4  stm32c0xx_hal_rcc.o(.text.HAL_RCC_ClockConfig)
    [Anonymous Symbol]                       0x0800119c   Section        0  stm32c0xx_hal_rcc.o(.text.HAL_RCC_GetSysClockFreq)
    __arm_cp.3_0                             0x0800124c   Number         4  stm32c0xx_hal_rcc.o(.text.HAL_RCC_GetSysClockFreq)
    __arm_cp.3_1                             0x08001250   Number         4  stm32c0xx_hal_rcc.o(.text.HAL_RCC_GetSysClockFreq)
    __arm_cp.3_2                             0x08001254   Number         4  stm32c0xx_hal_rcc.o(.text.HAL_RCC_GetSysClockFreq)
    __arm_cp.3_3                             0x08001258   Number         4  stm32c0xx_hal_rcc.o(.text.HAL_RCC_GetSysClockFreq)
    [Anonymous Symbol]                       0x0800125c   Section        0  stm32c0xx_hal_rcc.o(.text.HAL_RCC_OscConfig)
    __arm_cp.1_0                             0x080016f4   Number         4  stm32c0xx_hal_rcc.o(.text.HAL_RCC_OscConfig)
    __arm_cp.1_1                             0x080016f8   Number         4  stm32c0xx_hal_rcc.o(.text.HAL_RCC_OscConfig)
    __arm_cp.1_2                             0x080016fc   Number         4  stm32c0xx_hal_rcc.o(.text.HAL_RCC_OscConfig)
    __arm_cp.1_3                             0x08001700   Number         4  stm32c0xx_hal_rcc.o(.text.HAL_RCC_OscConfig)
    __arm_cp.1_4                             0x08001704   Number         4  stm32c0xx_hal_rcc.o(.text.HAL_RCC_OscConfig)
    __arm_cp.1_5                             0x08001708   Number         4  stm32c0xx_hal_rcc.o(.text.HAL_RCC_OscConfig)
    __arm_cp.1_6                             0x0800170c   Number         4  stm32c0xx_hal_rcc.o(.text.HAL_RCC_OscConfig)
    __arm_cp.1_7                             0x08001710   Number         4  stm32c0xx_hal_rcc.o(.text.HAL_RCC_OscConfig)
    __arm_cp.1_8                             0x08001714   Number         4  stm32c0xx_hal_rcc.o(.text.HAL_RCC_OscConfig)
    __arm_cp.1_9                             0x08001718   Number         4  stm32c0xx_hal_rcc.o(.text.HAL_RCC_OscConfig)
    [Anonymous Symbol]                       0x0800171c   Section        0  stm32c0xx_hal_cortex.o(.text.HAL_SYSTICK_Config)
    [Anonymous Symbol]                       0x0800172c   Section        0  stm32c0xx_hal_tim_ex.o(.text.HAL_TIMEx_Break2Callback)
    [Anonymous Symbol]                       0x08001734   Section        0  stm32c0xx_hal_tim_ex.o(.text.HAL_TIMEx_BreakCallback)
    [Anonymous Symbol]                       0x0800173c   Section        0  stm32c0xx_hal_tim_ex.o(.text.HAL_TIMEx_CommutCallback)
    [Anonymous Symbol]                       0x08001744   Section        0  stm32c0xx_hal_tim_ex.o(.text.HAL_TIMEx_MasterConfigSynchronization)
    __arm_cp.34_1                            0x08001828   Number         4  stm32c0xx_hal_tim_ex.o(.text.HAL_TIMEx_MasterConfigSynchronization)
    [Anonymous Symbol]                       0x0800182c   Section        0  stm32c0xx_hal_tim.o(.text.HAL_TIM_Base_Init)
    [Anonymous Symbol]                       0x080018d8   Section        0  tim.o(.text.HAL_TIM_Base_MspInit)
    __arm_cp.1_0                             0x0800191c   Number         4  tim.o(.text.HAL_TIM_Base_MspInit)
    __arm_cp.1_1                             0x08001920   Number         4  tim.o(.text.HAL_TIM_Base_MspInit)
    [Anonymous Symbol]                       0x08001924   Section        0  stm32c0xx_hal_tim.o(.text.HAL_TIM_ConfigClockSource)
    __arm_cp.98_0                            0x08001ab0   Number         4  stm32c0xx_hal_tim.o(.text.HAL_TIM_ConfigClockSource)
    [Anonymous Symbol]                       0x08001ab4   Section        0  stm32c0xx_hal_tim.o(.text.HAL_TIM_IC_CaptureCallback)
    [Anonymous Symbol]                       0x08001abc   Section        0  stm32c0xx_hal_tim.o(.text.HAL_TIM_IRQHandler)
    __arm_cp.67_0                            0x08001d18   Number         4  stm32c0xx_hal_tim.o(.text.HAL_TIM_IRQHandler)
    __arm_cp.67_1                            0x08001d1c   Number         4  stm32c0xx_hal_tim.o(.text.HAL_TIM_IRQHandler)
    [Anonymous Symbol]                       0x08001d20   Section        0  stm32c0xx_hal_tim.o(.text.HAL_TIM_OC_DelayElapsedCallback)
    [Anonymous Symbol]                       0x08001d28   Section        0  stm32c0xx_hal_tim.o(.text.HAL_TIM_PWM_PulseFinishedCallback)
    [Anonymous Symbol]                       0x08001d30   Section        0  stm32c0xx_hal_tim.o(.text.HAL_TIM_PeriodElapsedCallback)
    [Anonymous Symbol]                       0x08001d38   Section        0  stm32c0xx_hal_tim.o(.text.HAL_TIM_TriggerCallback)
    [Anonymous Symbol]                       0x08001d40   Section        0  stm32c0xx_it.o(.text.HardFault_Handler)
    [Anonymous Symbol]                       0x08001d44   Section        0  gpio.o(.text.MX_GPIO_Init)
    __arm_cp.0_0                             0x08001d78   Number         4  gpio.o(.text.MX_GPIO_Init)
    [Anonymous Symbol]                       0x08001d7c   Section        0  i2c.o(.text.MX_I2C1_Init)
    __arm_cp.0_0                             0x08001ddc   Number         4  i2c.o(.text.MX_I2C1_Init)
    __arm_cp.0_1                             0x08001de0   Number         4  i2c.o(.text.MX_I2C1_Init)
    [Anonymous Symbol]                       0x08001de4   Section        0  i2c.o(.text.MX_I2C2_Init)
    __arm_cp.1_0                             0x08001e44   Number         4  i2c.o(.text.MX_I2C2_Init)
    __arm_cp.1_1                             0x08001e48   Number         4  i2c.o(.text.MX_I2C2_Init)
    __arm_cp.1_2                             0x08001e4c   Number         4  i2c.o(.text.MX_I2C2_Init)
    [Anonymous Symbol]                       0x08001e50   Section        0  tim.o(.text.MX_TIM1_Init)
    __arm_cp.0_2                             0x08001ec8   Number         4  tim.o(.text.MX_TIM1_Init)
    [Anonymous Symbol]                       0x08001ecc   Section        0  usb.o(.text.MX_USB_PCD_Init)
    __arm_cp.0_0                             0x08001f08   Number         4  usb.o(.text.MX_USB_PCD_Init)
    __arm_cp.0_1                             0x08001f0c   Number         4  usb.o(.text.MX_USB_PCD_Init)
    [Anonymous Symbol]                       0x08001f10   Section        0  stm32c0xx_it.o(.text.NMI_Handler)
    [Anonymous Symbol]                       0x08001f14   Section        0  stm32c0xx_it.o(.text.PendSV_Handler)
    [Anonymous Symbol]                       0x08001f16   Section        0  stm32c0xx_it.o(.text.SVC_Handler)
    SysTick_Config                           0x08001f19   Thumb Code    68  stm32c0xx_hal_cortex.o(.text.SysTick_Config)
    [Anonymous Symbol]                       0x08001f18   Section        0  stm32c0xx_hal_cortex.o(.text.SysTick_Config)
    __arm_cp.9_0                             0x08001f5c   Number         4  stm32c0xx_hal_cortex.o(.text.SysTick_Config)
    __arm_cp.9_1                             0x08001f60   Number         4  stm32c0xx_hal_cortex.o(.text.SysTick_Config)
    __arm_cp.9_2                             0x08001f64   Number         4  stm32c0xx_hal_cortex.o(.text.SysTick_Config)
    [Anonymous Symbol]                       0x08001f68   Section        0  stm32c0xx_it.o(.text.SysTick_Handler)
    [Anonymous Symbol]                       0x08001f70   Section        0  main.o(.text.SystemClock_Config)
    __arm_cp.1_0                             0x08001fec   Number         4  main.o(.text.SystemClock_Config)
    [Anonymous Symbol]                       0x08001ff0   Section        0  system_stm32c0xx.o(.text.SystemInit)
    __arm_cp.0_0                             0x08001ffc   Number         4  system_stm32c0xx.o(.text.SystemInit)
    [Anonymous Symbol]                       0x08002000   Section        0  stm32c0xx_it.o(.text.TIM1_BRK_UP_TRG_COM_IRQHandler)
    __arm_cp.5_0                             0x0800200c   Number         4  stm32c0xx_it.o(.text.TIM1_BRK_UP_TRG_COM_IRQHandler)
    [Anonymous Symbol]                       0x08002010   Section        0  stm32c0xx_hal_tim.o(.text.TIM_Base_SetConfig)
    __arm_cp.2_0                             0x08002104   Number         4  stm32c0xx_hal_tim.o(.text.TIM_Base_SetConfig)
    __arm_cp.2_1                             0x08002108   Number         4  stm32c0xx_hal_tim.o(.text.TIM_Base_SetConfig)
    __arm_cp.2_2                             0x0800210c   Number         4  stm32c0xx_hal_tim.o(.text.TIM_Base_SetConfig)
    __arm_cp.2_3                             0x08002110   Number         4  stm32c0xx_hal_tim.o(.text.TIM_Base_SetConfig)
    __arm_cp.2_4                             0x08002114   Number         4  stm32c0xx_hal_tim.o(.text.TIM_Base_SetConfig)
    [Anonymous Symbol]                       0x08002118   Section        0  stm32c0xx_hal_tim.o(.text.TIM_ETR_SetConfig)
    TIM_ITRx_SetConfig                       0x08002151   Thumb Code    44  stm32c0xx_hal_tim.o(.text.TIM_ITRx_SetConfig)
    [Anonymous Symbol]                       0x08002150   Section        0  stm32c0xx_hal_tim.o(.text.TIM_ITRx_SetConfig)
    __arm_cp.100_0                           0x0800217c   Number         4  stm32c0xx_hal_tim.o(.text.TIM_ITRx_SetConfig)
    TIM_TI1_ConfigInputStage                 0x08002181   Thumb Code    80  stm32c0xx_hal_tim.o(.text.TIM_TI1_ConfigInputStage)
    [Anonymous Symbol]                       0x08002180   Section        0  stm32c0xx_hal_tim.o(.text.TIM_TI1_ConfigInputStage)
    TIM_TI2_ConfigInputStage                 0x080021d1   Thumb Code    84  stm32c0xx_hal_tim.o(.text.TIM_TI2_ConfigInputStage)
    [Anonymous Symbol]                       0x080021d0   Section        0  stm32c0xx_hal_tim.o(.text.TIM_TI2_ConfigInputStage)
    [Anonymous Symbol]                       0x08002224   Section        0  stm32c0xx_ll_usb.o(.text.USB_DevInit)
    [Anonymous Symbol]                       0x08002270   Section        0  stm32c0xx_ll_usb.o(.text.USB_DisableGlobalInt)
    __arm_cp.3_0                             0x08002288   Number         4  stm32c0xx_ll_usb.o(.text.USB_DisableGlobalInt)
    [Anonymous Symbol]                       0x0800228c   Section        0  stm32c0xx_ll_usb.o(.text.USB_SetCurrentMode)
    __NVIC_EnableIRQ                         0x080022dd   Thumb Code    40  stm32c0xx_hal_cortex.o(.text.__NVIC_EnableIRQ)
    [Anonymous Symbol]                       0x080022dc   Section        0  stm32c0xx_hal_cortex.o(.text.__NVIC_EnableIRQ)
    __arm_cp.3_0                             0x08002304   Number         4  stm32c0xx_hal_cortex.o(.text.__NVIC_EnableIRQ)
    __NVIC_SetPriority                       0x08002309   Thumb Code   124  stm32c0xx_hal_cortex.o(.text.__NVIC_SetPriority)
    [Anonymous Symbol]                       0x08002308   Section        0  stm32c0xx_hal_cortex.o(.text.__NVIC_SetPriority)
    __arm_cp.1_0                             0x08002384   Number         4  stm32c0xx_hal_cortex.o(.text.__NVIC_SetPriority)
    __arm_cp.1_1                             0x08002388   Number         4  stm32c0xx_hal_cortex.o(.text.__NVIC_SetPriority)
    [Anonymous Symbol]                       0x0800238c   Section        0  main.o(.text.main)
    .bss                                     0x20000010   Section       96  libspace.o(.bss)
    Heap_Mem                                 0x20000448   Data         512  startup_stm32c071xx.o(HEAP)
    HEAP                                     0x20000448   Section      512  startup_stm32c071xx.o(HEAP)
    Stack_Mem                                0x20000648   Data        1024  startup_stm32c071xx.o(STACK)
    STACK                                    0x20000648   Section     1024  startup_stm32c071xx.o(STACK)
    __initial_sp                             0x20000a48   Data           0  startup_stm32c071xx.o(STACK)

    Global Symbols

    Symbol Name                              Value     Ov Type        Size  Object(Section)

    BuildAttributes$$THM_ISAv3M$S$PE$A:L22$X:L11$S22$IEEE1$IW$~IW$USESV6$~STKCKD$USESV7$~SHL$OSPACE$ROPI$EBA8$UX$STANDARDLIB$REQ8$PRES8$EABIv2 0x00000000   Number         0  anon$$obj.o ABSOLUTE
    __ARM_exceptions_init                     - Undefined Weak Reference
    __alloca_initialize                       - Undefined Weak Reference
    __arm_preinit_                            - Undefined Weak Reference
    __arm_relocate_pie_                       - Undefined Weak Reference
    __cpp_initialize__aeabi_                  - Undefined Weak Reference
    __cxa_finalize                            - Undefined Weak Reference
    __rt_locale                               - Undefined Weak Reference
    __sigvec_lookup                           - Undefined Weak Reference
    _atexit_init                              - Undefined Weak Reference
    _call_atexit_fns                          - Undefined Weak Reference
    _clock_init                               - Undefined Weak Reference
    _fp_trap_init                             - Undefined Weak Reference
    _fp_trap_shutdown                         - Undefined Weak Reference
    _get_lc_collate                           - Undefined Weak Reference
    _get_lc_ctype                             - Undefined Weak Reference
    _get_lc_monetary                          - Undefined Weak Reference
    _get_lc_numeric                           - Undefined Weak Reference
    _get_lc_time                              - Undefined Weak Reference
    _getenv_init                              - Undefined Weak Reference
    _handle_redirection                       - Undefined Weak Reference
    _init_alloc                               - Undefined Weak Reference
    _init_user_alloc                          - Undefined Weak Reference
    _initio                                   - Undefined Weak Reference
    _rand_init                                - Undefined Weak Reference
    _signal_finish                            - Undefined Weak Reference
    _signal_init                              - Undefined Weak Reference
    _terminate_alloc                          - Undefined Weak Reference
    _terminate_user_alloc                     - Undefined Weak Reference
    _terminateio                              - Undefined Weak Reference
    __Vectors_Size                           0x000000c0   Number         0  startup_stm32c071xx.o ABSOLUTE
    __Vectors                                0x08000000   Data           4  startup_stm32c071xx.o(RESET)
    __Vectors_End                            0x080000c0   Data           0  startup_stm32c071xx.o(RESET)
    __main                                   0x080000c1   Thumb Code     8  __main.o(!!!main)
    __scatterload                            0x080000c9   Thumb Code     0  __scatter.o(!!!scatter)
    __scatterload_rt2                        0x080000c9   Thumb Code    74  __scatter.o(!!!scatter)
    __scatterload_rt2_thumb_only             0x080000c9   Thumb Code     0  __scatter.o(!!!scatter)
    __scatterload_loop                       0x080000d3   Thumb Code     0  __scatter.o(!!!scatter)
    __scatterload_copy                       0x0800011d   Thumb Code    26  __scatter_copy.o(!!handler_copy)
    __scatterload_null                       0x08000139   Thumb Code     2  __scatter.o(!!handler_null)
    __scatterload_zeroinit                   0x0800013d   Thumb Code    28  __scatter_zi.o(!!handler_zi)
    __rt_lib_init                            0x08000159   Thumb Code     0  libinit.o(.ARM.Collect$$libinit$$00000000)
    __rt_lib_init_alloca_1                   0x0800015b   Thumb Code     0  libinit2.o(.ARM.Collect$$libinit$$00000030)
    __rt_lib_init_argv_1                     0x0800015b   Thumb Code     0  libinit2.o(.ARM.Collect$$libinit$$0000002E)
    __rt_lib_init_atexit_1                   0x0800015b   Thumb Code     0  libinit2.o(.ARM.Collect$$libinit$$0000001D)
    __rt_lib_init_clock_1                    0x0800015b   Thumb Code     0  libinit2.o(.ARM.Collect$$libinit$$00000023)
    __rt_lib_init_cpp_1                      0x0800015b   Thumb Code     0  libinit2.o(.ARM.Collect$$libinit$$00000034)
    __rt_lib_init_exceptions_1               0x0800015b   Thumb Code     0  libinit2.o(.ARM.Collect$$libinit$$00000032)
    __rt_lib_init_fp_1                       0x0800015b   Thumb Code     0  libinit2.o(.ARM.Collect$$libinit$$00000002)
    __rt_lib_init_fp_trap_1                  0x0800015b   Thumb Code     0  libinit2.o(.ARM.Collect$$libinit$$00000021)
    __rt_lib_init_getenv_1                   0x0800015b   Thumb Code     0  libinit2.o(.ARM.Collect$$libinit$$00000025)
    __rt_lib_init_heap_1                     0x0800015b   Thumb Code     0  libinit2.o(.ARM.Collect$$libinit$$0000000C)
    __rt_lib_init_lc_collate_1               0x0800015b   Thumb Code     0  libinit2.o(.ARM.Collect$$libinit$$00000013)
    __rt_lib_init_lc_ctype_1                 0x0800015b   Thumb Code     0  libinit2.o(.ARM.Collect$$libinit$$00000015)
    __rt_lib_init_lc_monetary_1              0x0800015b   Thumb Code     0  libinit2.o(.ARM.Collect$$libinit$$00000017)
    __rt_lib_init_lc_numeric_1               0x0800015b   Thumb Code     0  libinit2.o(.ARM.Collect$$libinit$$00000019)
    __rt_lib_init_lc_time_1                  0x0800015b   Thumb Code     0  libinit2.o(.ARM.Collect$$libinit$$0000001B)
    __rt_lib_init_preinit_1                  0x0800015b   Thumb Code     0  libinit2.o(.ARM.Collect$$libinit$$00000006)
    __rt_lib_init_rand_1                     0x0800015b   Thumb Code     0  libinit2.o(.ARM.Collect$$libinit$$00000010)
    __rt_lib_init_relocate_pie_1             0x0800015b   Thumb Code     0  libinit2.o(.ARM.Collect$$libinit$$00000004)
    __rt_lib_init_return                     0x0800015b   Thumb Code     0  libinit2.o(.ARM.Collect$$libinit$$00000035)
    __rt_lib_init_signal_1                   0x0800015b   Thumb Code     0  libinit2.o(.ARM.Collect$$libinit$$0000001F)
    __rt_lib_init_stdio_1                    0x0800015b   Thumb Code     0  libinit2.o(.ARM.Collect$$libinit$$00000027)
    __rt_lib_init_user_alloc_1               0x0800015b   Thumb Code     0  libinit2.o(.ARM.Collect$$libinit$$0000000E)
    __rt_lib_shutdown                        0x0800015d   Thumb Code     0  libshutdown.o(.ARM.Collect$$libshutdown$$00000000)
    __rt_lib_shutdown_cpp_1                  0x0800015f   Thumb Code     0  libshutdown2.o(.ARM.Collect$$libshutdown$$00000002)
    __rt_lib_shutdown_fp_trap_1              0x0800015f   Thumb Code     0  libshutdown2.o(.ARM.Collect$$libshutdown$$00000007)
    __rt_lib_shutdown_heap_1                 0x0800015f   Thumb Code     0  libshutdown2.o(.ARM.Collect$$libshutdown$$0000000F)
    __rt_lib_shutdown_return                 0x0800015f   Thumb Code     0  libshutdown2.o(.ARM.Collect$$libshutdown$$00000010)
    __rt_lib_shutdown_signal_1               0x0800015f   Thumb Code     0  libshutdown2.o(.ARM.Collect$$libshutdown$$0000000A)
    __rt_lib_shutdown_stdio_1                0x0800015f   Thumb Code     0  libshutdown2.o(.ARM.Collect$$libshutdown$$00000004)
    __rt_lib_shutdown_user_alloc_1           0x0800015f   Thumb Code     0  libshutdown2.o(.ARM.Collect$$libshutdown$$0000000C)
    __rt_entry                               0x08000161   Thumb Code     0  __rtentry.o(.ARM.Collect$$rtentry$$00000000)
    __rt_entry_presh_1                       0x08000161   Thumb Code     0  __rtentry2.o(.ARM.Collect$$rtentry$$00000002)
    __rt_entry_sh                            0x08000161   Thumb Code     0  __rtentry4.o(.ARM.Collect$$rtentry$$00000004)
    __rt_entry_li                            0x08000167   Thumb Code     0  __rtentry2.o(.ARM.Collect$$rtentry$$0000000A)
    __rt_entry_postsh_1                      0x08000167   Thumb Code     0  __rtentry2.o(.ARM.Collect$$rtentry$$00000009)
    __rt_entry_main                          0x0800016b   Thumb Code     0  __rtentry2.o(.ARM.Collect$$rtentry$$0000000D)
    __rt_entry_postli_1                      0x0800016b   Thumb Code     0  __rtentry2.o(.ARM.Collect$$rtentry$$0000000C)
    __rt_exit                                0x08000173   Thumb Code     0  rtexit.o(.ARM.Collect$$rtexit$$00000000)
    __rt_exit_ls                             0x08000175   Thumb Code     0  rtexit2.o(.ARM.Collect$$rtexit$$00000003)
    __rt_exit_prels_1                        0x08000175   Thumb Code     0  rtexit2.o(.ARM.Collect$$rtexit$$00000002)
    __rt_exit_exit                           0x08000179   Thumb Code     0  rtexit2.o(.ARM.Collect$$rtexit$$00000004)
    Reset_Handler                            0x08000181   Thumb Code     8  startup_stm32c071xx.o(.text)
    ADC1_IRQHandler                          0x08000193   Thumb Code     0  startup_stm32c071xx.o(.text)
    DMA1_Channel1_IRQHandler                 0x08000193   Thumb Code     0  startup_stm32c071xx.o(.text)
    DMA1_Channel2_3_IRQHandler               0x08000193   Thumb Code     0  startup_stm32c071xx.o(.text)
    DMAMUX1_DMA1_CH4_5_IRQHandler            0x08000193   Thumb Code     0  startup_stm32c071xx.o(.text)
    EXTI0_1_IRQHandler                       0x08000193   Thumb Code     0  startup_stm32c071xx.o(.text)
    EXTI2_3_IRQHandler                       0x08000193   Thumb Code     0  startup_stm32c071xx.o(.text)
    EXTI4_15_IRQHandler                      0x08000193   Thumb Code     0  startup_stm32c071xx.o(.text)
    FLASH_IRQHandler                         0x08000193   Thumb Code     0  startup_stm32c071xx.o(.text)
    I2C1_IRQHandler                          0x08000193   Thumb Code     0  startup_stm32c071xx.o(.text)
    I2C2_IRQHandler                          0x08000193   Thumb Code     0  startup_stm32c071xx.o(.text)
    PVD_VDDIO2_IRQHandler                    0x08000193   Thumb Code     0  startup_stm32c071xx.o(.text)
    RCC_CRS_IRQHandler                       0x08000193   Thumb Code     0  startup_stm32c071xx.o(.text)
    RTC_IRQHandler                           0x08000193   Thumb Code     0  startup_stm32c071xx.o(.text)
    SPI1_IRQHandler                          0x08000193   Thumb Code     0  startup_stm32c071xx.o(.text)
    SPI2_IRQHandler                          0x08000193   Thumb Code     0  startup_stm32c071xx.o(.text)
    TIM14_IRQHandler                         0x08000193   Thumb Code     0  startup_stm32c071xx.o(.text)
    TIM16_IRQHandler                         0x08000193   Thumb Code     0  startup_stm32c071xx.o(.text)
    TIM17_IRQHandler                         0x08000193   Thumb Code     0  startup_stm32c071xx.o(.text)
    TIM1_CC_IRQHandler                       0x08000193   Thumb Code     0  startup_stm32c071xx.o(.text)
    TIM2_IRQHandler                          0x08000193   Thumb Code     0  startup_stm32c071xx.o(.text)
    TIM3_IRQHandler                          0x08000193   Thumb Code     0  startup_stm32c071xx.o(.text)
    USART1_IRQHandler                        0x08000193   Thumb Code     0  startup_stm32c071xx.o(.text)
    USART2_IRQHandler                        0x08000193   Thumb Code     0  startup_stm32c071xx.o(.text)
    USB_DRD_FS_IRQHandler                    0x08000193   Thumb Code     0  startup_stm32c071xx.o(.text)
    WWDG_IRQHandler                          0x08000193   Thumb Code     0  startup_stm32c071xx.o(.text)
    __user_initial_stackheap                 0x08000195   Thumb Code     0  startup_stm32c071xx.o(.text)
    __aeabi_uidiv                            0x080001b9   Thumb Code     0  aeabi_sdiv.o(.text)
    __aeabi_uidivmod                         0x080001b9   Thumb Code    20  aeabi_sdiv.o(.text)
    __aeabi_idiv                             0x080001cd   Thumb Code     0  aeabi_sdiv.o(.text)
    __aeabi_idivmod                          0x080001cd   Thumb Code   338  aeabi_sdiv.o(.text)
    __use_two_region_memory                  0x08000325   Thumb Code     2  heapauxi.o(.text)
    __rt_heap_escrow$2region                 0x08000327   Thumb Code     2  heapauxi.o(.text)
    __rt_heap_expand$2region                 0x08000329   Thumb Code     2  heapauxi.o(.text)
    __user_setup_stackheap                   0x0800032b   Thumb Code    62  sys_stackheap_outer.o(.text)
    exit                                     0x08000369   Thumb Code    16  exit.o(.text)
    __user_libspace                          0x08000379   Thumb Code     8  libspace.o(.text)
    __user_perproc_libspace                  0x08000379   Thumb Code     0  libspace.o(.text)
    __user_perthread_libspace                0x08000379   Thumb Code     0  libspace.o(.text)
    _sys_exit                                0x08000381   Thumb Code     8  sys_exit.o(.text)
    __I$use$semihosting                      0x0800038d   Thumb Code     0  use_no_semi.o(.text)
    __use_no_semihosting_swi                 0x0800038d   Thumb Code     2  use_no_semi.o(.text)
    Error_Handler                            0x0800038f   Thumb Code     6  main.o(.text.Error_Handler)
    __semihosting_library_function           0x0800038f   Thumb Code     0  indicate_semi.o(.text)
    HAL_GPIO_Init                            0x08000395   Thumb Code   728  stm32c0xx_hal_gpio.o(.text.HAL_GPIO_Init)
    HAL_GetTick                              0x08000691   Thumb Code     8  stm32c0xx_hal.o(.text.HAL_GetTick)
    HAL_I2CEx_ConfigAnalogFilter             0x08000699   Thumb Code   150  stm32c0xx_hal_i2c_ex.o(.text.HAL_I2CEx_ConfigAnalogFilter)
    HAL_I2CEx_ConfigDigitalFilter            0x0800072f   Thumb Code   160  stm32c0xx_hal_i2c_ex.o(.text.HAL_I2CEx_ConfigDigitalFilter)
    HAL_I2C_Init                             0x080007d1   Thumb Code   284  stm32c0xx_hal_i2c.o(.text.HAL_I2C_Init)
    HAL_I2C_MspInit                          0x080008f1   Thumb Code   244  i2c.o(.text.HAL_I2C_MspInit)
    HAL_IncTick                              0x080009f5   Thumb Code    16  stm32c0xx_hal.o(.text.HAL_IncTick)
    HAL_Init                                 0x08000a09   Thumb Code    44  stm32c0xx_hal.o(.text.HAL_Init)
    HAL_InitTick                             0x08000a35   Thumb Code   120  stm32c0xx_hal.o(.text.HAL_InitTick)
    HAL_MspInit                              0x08000ab9   Thumb Code    52  stm32c0xx_hal_msp.o(.text.HAL_MspInit)
    HAL_NVIC_EnableIRQ                       0x08000af1   Thumb Code    22  stm32c0xx_hal_cortex.o(.text.HAL_NVIC_EnableIRQ)
    HAL_NVIC_SetPriority                     0x08000b07   Thumb Code    28  stm32c0xx_hal_cortex.o(.text.HAL_NVIC_SetPriority)
    HAL_PCDEx_ActivateLPM                    0x08000b23   Thumb Code    52  stm32c0xx_hal_pcd_ex.o(.text.HAL_PCDEx_ActivateLPM)
    HAL_PCD_Init                             0x08000b59   Thumb Code   400  stm32c0xx_hal_pcd.o(.text.HAL_PCD_Init)
    HAL_PCD_MspInit                          0x08000ced   Thumb Code    96  usb.o(.text.HAL_PCD_MspInit)
    HAL_RCCEx_PeriphCLKConfig                0x08000d55   Thumb Code   464  stm32c0xx_hal_rcc_ex.o(.text.HAL_RCCEx_PeriphCLKConfig)
    HAL_RCC_ClockConfig                      0x08000f31   Thumb Code   592  stm32c0xx_hal_rcc.o(.text.HAL_RCC_ClockConfig)
    HAL_RCC_GetSysClockFreq                  0x0800119d   Thumb Code   176  stm32c0xx_hal_rcc.o(.text.HAL_RCC_GetSysClockFreq)
    HAL_RCC_OscConfig                        0x0800125d   Thumb Code  1176  stm32c0xx_hal_rcc.o(.text.HAL_RCC_OscConfig)
    HAL_SYSTICK_Config                       0x0800171d   Thumb Code    16  stm32c0xx_hal_cortex.o(.text.HAL_SYSTICK_Config)
    HAL_TIMEx_Break2Callback                 0x0800172d   Thumb Code     8  stm32c0xx_hal_tim_ex.o(.text.HAL_TIMEx_Break2Callback)
    HAL_TIMEx_BreakCallback                  0x08001735   Thumb Code     8  stm32c0xx_hal_tim_ex.o(.text.HAL_TIMEx_BreakCallback)
    HAL_TIMEx_CommutCallback                 0x0800173d   Thumb Code     8  stm32c0xx_hal_tim_ex.o(.text.HAL_TIMEx_CommutCallback)
    HAL_TIMEx_MasterConfigSynchronization    0x08001745   Thumb Code   228  stm32c0xx_hal_tim_ex.o(.text.HAL_TIMEx_MasterConfigSynchronization)
    HAL_TIM_Base_Init                        0x0800182d   Thumb Code   170  stm32c0xx_hal_tim.o(.text.HAL_TIM_Base_Init)
    HAL_TIM_Base_MspInit                     0x080018d9   Thumb Code    68  tim.o(.text.HAL_TIM_Base_MspInit)
    HAL_TIM_ConfigClockSource                0x08001925   Thumb Code   396  stm32c0xx_hal_tim.o(.text.HAL_TIM_ConfigClockSource)
    HAL_TIM_IC_CaptureCallback               0x08001ab5   Thumb Code     8  stm32c0xx_hal_tim.o(.text.HAL_TIM_IC_CaptureCallback)
    HAL_TIM_IRQHandler                       0x08001abd   Thumb Code   604  stm32c0xx_hal_tim.o(.text.HAL_TIM_IRQHandler)
    HAL_TIM_OC_DelayElapsedCallback          0x08001d21   Thumb Code     8  stm32c0xx_hal_tim.o(.text.HAL_TIM_OC_DelayElapsedCallback)
    HAL_TIM_PWM_PulseFinishedCallback        0x08001d29   Thumb Code     8  stm32c0xx_hal_tim.o(.text.HAL_TIM_PWM_PulseFinishedCallback)
    HAL_TIM_PeriodElapsedCallback            0x08001d31   Thumb Code     8  stm32c0xx_hal_tim.o(.text.HAL_TIM_PeriodElapsedCallback)
    HAL_TIM_TriggerCallback                  0x08001d39   Thumb Code     8  stm32c0xx_hal_tim.o(.text.HAL_TIM_TriggerCallback)
    HardFault_Handler                        0x08001d41   Thumb Code     4  stm32c0xx_it.o(.text.HardFault_Handler)
    MX_GPIO_Init                             0x08001d45   Thumb Code    52  gpio.o(.text.MX_GPIO_Init)
    MX_I2C1_Init                             0x08001d7d   Thumb Code    96  i2c.o(.text.MX_I2C1_Init)
    MX_I2C2_Init                             0x08001de5   Thumb Code    96  i2c.o(.text.MX_I2C2_Init)
    MX_TIM1_Init                             0x08001e51   Thumb Code   120  tim.o(.text.MX_TIM1_Init)
    MX_USB_PCD_Init                          0x08001ecd   Thumb Code    60  usb.o(.text.MX_USB_PCD_Init)
    NMI_Handler                              0x08001f11   Thumb Code     4  stm32c0xx_it.o(.text.NMI_Handler)
    PendSV_Handler                           0x08001f15   Thumb Code     2  stm32c0xx_it.o(.text.PendSV_Handler)
    SVC_Handler                              0x08001f17   Thumb Code     2  stm32c0xx_it.o(.text.SVC_Handler)
    SysTick_Handler                          0x08001f69   Thumb Code     8  stm32c0xx_it.o(.text.SysTick_Handler)
    SystemClock_Config                       0x08001f71   Thumb Code   124  main.o(.text.SystemClock_Config)
    SystemInit                               0x08001ff1   Thumb Code    12  system_stm32c0xx.o(.text.SystemInit)
    TIM1_BRK_UP_TRG_COM_IRQHandler           0x08002001   Thumb Code    12  stm32c0xx_it.o(.text.TIM1_BRK_UP_TRG_COM_IRQHandler)
    TIM_Base_SetConfig                       0x08002011   Thumb Code   244  stm32c0xx_hal_tim.o(.text.TIM_Base_SetConfig)
    TIM_ETR_SetConfig                        0x08002119   Thumb Code    54  stm32c0xx_hal_tim.o(.text.TIM_ETR_SetConfig)
    USB_DevInit                              0x08002225   Thumb Code    76  stm32c0xx_ll_usb.o(.text.USB_DevInit)
    USB_DisableGlobalInt                     0x08002271   Thumb Code    24  stm32c0xx_ll_usb.o(.text.USB_DisableGlobalInt)
    USB_SetCurrentMode                       0x0800228d   Thumb Code    80  stm32c0xx_ll_usb.o(.text.USB_SetCurrentMode)
    main                                     0x0800238d   Thumb Code    40  main.o(.text.main)
    AHBPrescTable                            0x080023b4   Data          64  system_stm32c0xx.o(.rodata.AHBPrescTable)
    Region$$Table$$Base                      0x080023f4   Number         0  anon$$obj.o(Region$$Table)
    Region$$Table$$Limit                     0x08002414   Number         0  anon$$obj.o(Region$$Table)
    SystemCoreClock                          0x20000000   Data           4  system_stm32c0xx.o(.data.SystemCoreClock)
    uwTickFreq                               0x20000004   Data           1  stm32c0xx_hal.o(.data.uwTickFreq)
    uwTickPrio                               0x20000008   Data           4  stm32c0xx_hal.o(.data.uwTickPrio)
    __libspace_start                         0x20000010   Data          96  libspace.o(.bss)
    __temporary_stack_top$libspace           0x20000070   Data           0  libspace.o(.bss)
    hi2c1                                    0x20000070   Data          84  i2c.o(.bss.hi2c1)
    hi2c2                                    0x200000c4   Data          84  i2c.o(.bss.hi2c2)
    hpcd_USB_DRD_FS                          0x20000118   Data         736  usb.o(.bss.hpcd_USB_DRD_FS)
    htim1                                    0x200003f8   Data          76  tim.o(.bss.htim1)
    uwTick                                   0x20000444   Data           4  stm32c0xx_hal.o(.bss.uwTick)



==============================================================================

Memory Map of the image

  Image Entry point : 0x080000c1

  Load Region LR_IROM1 (Base: 0x08000000, Size: 0x00002428, Max: 0x00010000, ABSOLUTE)

    Execution Region ER_IROM1 (Exec base: 0x08000000, Load base: 0x08000000, Size: 0x00002414, Max: 0x00010000, ABSOLUTE)

    Exec Addr    Load Addr    Size         Type   Attr      Idx    E Section Name        Object

    0x08000000   0x08000000   0x000000c0   Data   RO            3    RESET               startup_stm32c071xx.o
    0x080000c0   0x080000c0   0x00000008   Code   RO         1315  * !!!main             c_p.l(__main.o)
    0x080000c8   0x080000c8   0x00000054   Code   RO         1492    !!!scatter          c_p.l(__scatter.o)
    0x0800011c   0x0800011c   0x0000001a   Code   RO         1496    !!handler_copy      c_p.l(__scatter_copy.o)
    0x08000136   0x08000136   0x00000002   PAD
    0x08000138   0x08000138   0x00000002   Code   RO         1493    !!handler_null      c_p.l(__scatter.o)
    0x0800013a   0x0800013a   0x00000002   PAD
    0x0800013c   0x0800013c   0x0000001c   Code   RO         1498    !!handler_zi        c_p.l(__scatter_zi.o)
    0x08000158   0x08000158   0x00000002   Code   RO         1353    .ARM.Collect$$libinit$$00000000  c_p.l(libinit.o)
    0x0800015a   0x0800015a   0x00000000   Code   RO         1367    .ARM.Collect$$libinit$$00000002  c_p.l(libinit2.o)
    0x0800015a   0x0800015a   0x00000000   Code   RO         1369    .ARM.Collect$$libinit$$00000004  c_p.l(libinit2.o)
    0x0800015a   0x0800015a   0x00000000   Code   RO         1371    .ARM.Collect$$libinit$$00000006  c_p.l(libinit2.o)
    0x0800015a   0x0800015a   0x00000000   Code   RO         1374    .ARM.Collect$$libinit$$0000000C  c_p.l(libinit2.o)
    0x0800015a   0x0800015a   0x00000000   Code   RO         1376    .ARM.Collect$$libinit$$0000000E  c_p.l(libinit2.o)
    0x0800015a   0x0800015a   0x00000000   Code   RO         1378    .ARM.Collect$$libinit$$00000010  c_p.l(libinit2.o)
    0x0800015a   0x0800015a   0x00000000   Code   RO         1381    .ARM.Collect$$libinit$$00000013  c_p.l(libinit2.o)
    0x0800015a   0x0800015a   0x00000000   Code   RO         1383    .ARM.Collect$$libinit$$00000015  c_p.l(libinit2.o)
    0x0800015a   0x0800015a   0x00000000   Code   RO         1385    .ARM.Collect$$libinit$$00000017  c_p.l(libinit2.o)
    0x0800015a   0x0800015a   0x00000000   Code   RO         1387    .ARM.Collect$$libinit$$00000019  c_p.l(libinit2.o)
    0x0800015a   0x0800015a   0x00000000   Code   RO         1389    .ARM.Collect$$libinit$$0000001B  c_p.l(libinit2.o)
    0x0800015a   0x0800015a   0x00000000   Code   RO         1391    .ARM.Collect$$libinit$$0000001D  c_p.l(libinit2.o)
    0x0800015a   0x0800015a   0x00000000   Code   RO         1393    .ARM.Collect$$libinit$$0000001F  c_p.l(libinit2.o)
    0x0800015a   0x0800015a   0x00000000   Code   RO         1395    .ARM.Collect$$libinit$$00000021  c_p.l(libinit2.o)
    0x0800015a   0x0800015a   0x00000000   Code   RO         1397    .ARM.Collect$$libinit$$00000023  c_p.l(libinit2.o)
    0x0800015a   0x0800015a   0x00000000   Code   RO         1399    .ARM.Collect$$libinit$$00000025  c_p.l(libinit2.o)
    0x0800015a   0x0800015a   0x00000000   Code   RO         1401    .ARM.Collect$$libinit$$00000027  c_p.l(libinit2.o)
    0x0800015a   0x0800015a   0x00000000   Code   RO         1405    .ARM.Collect$$libinit$$0000002E  c_p.l(libinit2.o)
    0x0800015a   0x0800015a   0x00000000   Code   RO         1407    .ARM.Collect$$libinit$$00000030  c_p.l(libinit2.o)
    0x0800015a   0x0800015a   0x00000000   Code   RO         1409    .ARM.Collect$$libinit$$00000032  c_p.l(libinit2.o)
    0x0800015a   0x0800015a   0x00000000   Code   RO         1411    .ARM.Collect$$libinit$$00000034  c_p.l(libinit2.o)
    0x0800015a   0x0800015a   0x00000002   Code   RO         1412    .ARM.Collect$$libinit$$00000035  c_p.l(libinit2.o)
    0x0800015c   0x0800015c   0x00000002   Code   RO         1447    .ARM.Collect$$libshutdown$$00000000  c_p.l(libshutdown.o)
    0x0800015e   0x0800015e   0x00000000   Code   RO         1475    .ARM.Collect$$libshutdown$$00000002  c_p.l(libshutdown2.o)
    0x0800015e   0x0800015e   0x00000000   Code   RO         1477    .ARM.Collect$$libshutdown$$00000004  c_p.l(libshutdown2.o)
    0x0800015e   0x0800015e   0x00000000   Code   RO         1480    .ARM.Collect$$libshutdown$$00000007  c_p.l(libshutdown2.o)
    0x0800015e   0x0800015e   0x00000000   Code   RO         1483    .ARM.Collect$$libshutdown$$0000000A  c_p.l(libshutdown2.o)
    0x0800015e   0x0800015e   0x00000000   Code   RO         1485    .ARM.Collect$$libshutdown$$0000000C  c_p.l(libshutdown2.o)
    0x0800015e   0x0800015e   0x00000000   Code   RO         1488    .ARM.Collect$$libshutdown$$0000000F  c_p.l(libshutdown2.o)
    0x0800015e   0x0800015e   0x00000002   Code   RO         1489    .ARM.Collect$$libshutdown$$00000010  c_p.l(libshutdown2.o)
    0x08000160   0x08000160   0x00000000   Code   RO         1317    .ARM.Collect$$rtentry$$00000000  c_p.l(__rtentry.o)
    0x08000160   0x08000160   0x00000000   Code   RO         1323    .ARM.Collect$$rtentry$$00000002  c_p.l(__rtentry2.o)
    0x08000160   0x08000160   0x00000006   Code   RO         1335    .ARM.Collect$$rtentry$$00000004  c_p.l(__rtentry4.o)
    0x08000166   0x08000166   0x00000000   Code   RO         1325    .ARM.Collect$$rtentry$$00000009  c_p.l(__rtentry2.o)
    0x08000166   0x08000166   0x00000004   Code   RO         1326    .ARM.Collect$$rtentry$$0000000A  c_p.l(__rtentry2.o)
    0x0800016a   0x0800016a   0x00000000   Code   RO         1328    .ARM.Collect$$rtentry$$0000000C  c_p.l(__rtentry2.o)
    0x0800016a   0x0800016a   0x00000008   Code   RO         1329    .ARM.Collect$$rtentry$$0000000D  c_p.l(__rtentry2.o)
    0x08000172   0x08000172   0x00000002   Code   RO         1358    .ARM.Collect$$rtexit$$00000000  c_p.l(rtexit.o)
    0x08000174   0x08000174   0x00000000   Code   RO         1418    .ARM.Collect$$rtexit$$00000002  c_p.l(rtexit2.o)
    0x08000174   0x08000174   0x00000004   Code   RO         1419    .ARM.Collect$$rtexit$$00000003  c_p.l(rtexit2.o)
    0x08000178   0x08000178   0x00000006   Code   RO         1420    .ARM.Collect$$rtexit$$00000004  c_p.l(rtexit2.o)
    0x0800017e   0x0800017e   0x00000002   PAD
    0x08000180   0x08000180   0x00000038   Code   RO            4    .text               startup_stm32c071xx.o
    0x080001b8   0x080001b8   0x0000016c   Code   RO         1309    .text               c_p.l(aeabi_sdiv.o)
    0x08000324   0x08000324   0x00000006   Code   RO         1313    .text               c_p.l(heapauxi.o)
    0x0800032a   0x0800032a   0x0000003e   Code   RO         1339    .text               c_p.l(sys_stackheap_outer.o)
    0x08000368   0x08000368   0x00000010   Code   RO         1342    .text               c_p.l(exit.o)
    0x08000378   0x08000378   0x00000008   Code   RO         1354    .text               c_p.l(libspace.o)
    0x08000380   0x08000380   0x0000000c   Code   RO         1413    .text               c_p.l(sys_exit.o)
    0x0800038c   0x0800038c   0x00000002   Code   RO         1436    .text               c_p.l(use_no_semi.o)
    0x0800038e   0x0800038e   0x00000000   Code   RO         1438    .text               c_p.l(indicate_semi.o)
    0x0800038e   0x0800038e   0x00000006   Code   RO           15    .text.Error_Handler  main.o
    0x08000394   0x08000394   0x000002fc   Code   RO          397    .text.HAL_GPIO_Init  stm32c0xx_hal_gpio.o
    0x08000690   0x08000690   0x00000008   Code   RO          117    .text.HAL_GetTick   stm32c0xx_hal.o
    0x08000698   0x08000698   0x00000096   Code   RO          738    .text.HAL_I2CEx_ConfigAnalogFilter  stm32c0xx_hal_i2c_ex.o
    0x0800072e   0x0800072e   0x000000a0   Code   RO          740    .text.HAL_I2CEx_ConfigDigitalFilter  stm32c0xx_hal_i2c_ex.o
    0x080007ce   0x080007ce   0x00000002   PAD
    0x080007d0   0x080007d0   0x00000120   Code   RO          569    .text.HAL_I2C_Init  stm32c0xx_hal_i2c.o
    0x080008f0   0x080008f0   0x00000104   Code   RO           37    .text.HAL_I2C_MspInit  i2c.o
    0x080009f4   0x080009f4   0x00000014   Code   RO          115    .text.HAL_IncTick   stm32c0xx_hal.o
    0x08000a08   0x08000a08   0x0000002c   Code   RO          105    .text.HAL_Init      stm32c0xx_hal.o
    0x08000a34   0x08000a34   0x00000084   Code   RO          107    .text.HAL_InitTick  stm32c0xx_hal.o
    0x08000ab8   0x08000ab8   0x00000038   Code   RO           97    .text.HAL_MspInit   stm32c0xx_hal_msp.o
    0x08000af0   0x08000af0   0x00000016   Code   RO          177    .text.HAL_NVIC_EnableIRQ  stm32c0xx_hal_cortex.o
    0x08000b06   0x08000b06   0x0000001c   Code   RO          173    .text.HAL_NVIC_SetPriority  stm32c0xx_hal_cortex.o
    0x08000b22   0x08000b22   0x00000034   Code   RO         1204    .text.HAL_PCDEx_ActivateLPM  stm32c0xx_hal_pcd_ex.o
    0x08000b56   0x08000b56   0x00000002   PAD
    0x08000b58   0x08000b58   0x00000194   Code   RO         1109    .text.HAL_PCD_Init  stm32c0xx_hal_pcd.o
    0x08000cec   0x08000cec   0x00000068   Code   RO           66    .text.HAL_PCD_MspInit  usb.o
    0x08000d54   0x08000d54   0x000001dc   Code   RO          273    .text.HAL_RCCEx_PeriphCLKConfig  stm32c0xx_hal_rcc_ex.o
    0x08000f30   0x08000f30   0x0000026c   Code   RO          236    .text.HAL_RCC_ClockConfig  stm32c0xx_hal_rcc.o
    0x0800119c   0x0800119c   0x000000c0   Code   RO          238    .text.HAL_RCC_GetSysClockFreq  stm32c0xx_hal_rcc.o
    0x0800125c   0x0800125c   0x000004c0   Code   RO          234    .text.HAL_RCC_OscConfig  stm32c0xx_hal_rcc.o
    0x0800171c   0x0800171c   0x00000010   Code   RO          189    .text.HAL_SYSTICK_Config  stm32c0xx_hal_cortex.o
    0x0800172c   0x0800172c   0x00000008   Code   RO         1096    .text.HAL_TIMEx_Break2Callback  stm32c0xx_hal_tim_ex.o
    0x08001734   0x08001734   0x00000008   Code   RO         1094    .text.HAL_TIMEx_BreakCallback  stm32c0xx_hal_tim_ex.o
    0x0800173c   0x0800173c   0x00000008   Code   RO         1090    .text.HAL_TIMEx_CommutCallback  stm32c0xx_hal_tim_ex.o
    0x08001744   0x08001744   0x000000e8   Code   RO         1074    .text.HAL_TIMEx_MasterConfigSynchronization  stm32c0xx_hal_tim_ex.o
    0x0800182c   0x0800182c   0x000000aa   Code   RO          757    .text.HAL_TIM_Base_Init  stm32c0xx_hal_tim.o
    0x080018d6   0x080018d6   0x00000002   PAD
    0x080018d8   0x080018d8   0x0000004c   Code   RO           52    .text.HAL_TIM_Base_MspInit  tim.o
    0x08001924   0x08001924   0x00000190   Code   RO          953    .text.HAL_TIM_ConfigClockSource  stm32c0xx_hal_tim.o
    0x08001ab4   0x08001ab4   0x00000008   Code   RO          893    .text.HAL_TIM_IC_CaptureCallback  stm32c0xx_hal_tim.o
    0x08001abc   0x08001abc   0x00000264   Code   RO          891    .text.HAL_TIM_IRQHandler  stm32c0xx_hal_tim.o
    0x08001d20   0x08001d20   0x00000008   Code   RO          895    .text.HAL_TIM_OC_DelayElapsedCallback  stm32c0xx_hal_tim.o
    0x08001d28   0x08001d28   0x00000008   Code   RO          897    .text.HAL_TIM_PWM_PulseFinishedCallback  stm32c0xx_hal_tim.o
    0x08001d30   0x08001d30   0x00000008   Code   RO          899    .text.HAL_TIM_PeriodElapsedCallback  stm32c0xx_hal_tim.o
    0x08001d38   0x08001d38   0x00000008   Code   RO          901    .text.HAL_TIM_TriggerCallback  stm32c0xx_hal_tim.o
    0x08001d40   0x08001d40   0x00000004   Code   RO           80    .text.HardFault_Handler  stm32c0xx_it.o
    0x08001d44   0x08001d44   0x00000038   Code   RO           25    .text.MX_GPIO_Init  gpio.o
    0x08001d7c   0x08001d7c   0x00000068   Code   RO           33    .text.MX_I2C1_Init  i2c.o
    0x08001de4   0x08001de4   0x0000006c   Code   RO           35    .text.MX_I2C2_Init  i2c.o
    0x08001e50   0x08001e50   0x0000007c   Code   RO           50    .text.MX_TIM1_Init  tim.o
    0x08001ecc   0x08001ecc   0x00000044   Code   RO           64    .text.MX_USB_PCD_Init  usb.o
    0x08001f10   0x08001f10   0x00000004   Code   RO           78    .text.NMI_Handler   stm32c0xx_it.o
    0x08001f14   0x08001f14   0x00000002   Code   RO           84    .text.PendSV_Handler  stm32c0xx_it.o
    0x08001f16   0x08001f16   0x00000002   Code   RO           82    .text.SVC_Handler   stm32c0xx_it.o
    0x08001f18   0x08001f18   0x00000050   Code   RO          191    .text.SysTick_Config  stm32c0xx_hal_cortex.o
    0x08001f68   0x08001f68   0x00000008   Code   RO           86    .text.SysTick_Handler  stm32c0xx_it.o
    0x08001f70   0x08001f70   0x00000080   Code   RO           13    .text.SystemClock_Config  main.o
    0x08001ff0   0x08001ff0   0x00000010   Code   RO         1294    .text.SystemInit    system_stm32c0xx.o
    0x08002000   0x08002000   0x00000010   Code   RO           88    .text.TIM1_BRK_UP_TRG_COM_IRQHandler  stm32c0xx_it.o
    0x08002010   0x08002010   0x00000108   Code   RO          761    .text.TIM_Base_SetConfig  stm32c0xx_hal_tim.o
    0x08002118   0x08002118   0x00000036   Code   RO          951    .text.TIM_ETR_SetConfig  stm32c0xx_hal_tim.o
    0x0800214e   0x0800214e   0x00000002   PAD
    0x08002150   0x08002150   0x00000030   Code   RO          957    .text.TIM_ITRx_SetConfig  stm32c0xx_hal_tim.o
    0x08002180   0x08002180   0x00000050   Code   RO          955    .text.TIM_TI1_ConfigInputStage  stm32c0xx_hal_tim.o
    0x080021d0   0x080021d0   0x00000054   Code   RO          959    .text.TIM_TI2_ConfigInputStage  stm32c0xx_hal_tim.o
    0x08002224   0x08002224   0x0000004c   Code   RO         1227    .text.USB_DevInit   stm32c0xx_ll_usb.o
    0x08002270   0x08002270   0x0000001c   Code   RO         1223    .text.USB_DisableGlobalInt  stm32c0xx_ll_usb.o
    0x0800228c   0x0800228c   0x00000050   Code   RO         1225    .text.USB_SetCurrentMode  stm32c0xx_ll_usb.o
    0x080022dc   0x080022dc   0x0000002c   Code   RO          179    .text.__NVIC_EnableIRQ  stm32c0xx_hal_cortex.o
    0x08002308   0x08002308   0x00000084   Code   RO          175    .text.__NVIC_SetPriority  stm32c0xx_hal_cortex.o
    0x0800238c   0x0800238c   0x00000028   Code   RO           11    .text.main          main.o
    0x080023b4   0x080023b4   0x00000040   Data   RO         1299    .rodata.AHBPrescTable  system_stm32c0xx.o
    0x080023f4   0x080023f4   0x00000020   Data   RO         1491    Region$$Table       anon$$obj.o


    Execution Region RW_IRAM1 (Exec base: 0x20000000, Load base: 0x08002418, Size: 0x00000a48, Max: 0x00006000, ABSOLUTE)

    Exec Addr    Load Addr    Size         Type   Attr      Idx    E Section Name        Object

    0x20000000   0x08002418   0x00000004   Data   RW         1298    .data.SystemCoreClock  system_stm32c0xx.o
    0x20000004   0x0800241c   0x00000001   Data   RW          164    .data.uwTickFreq    stm32c0xx_hal.o
    0x20000005   0x0800241d   0x00000003   PAD
    0x20000008   0x08002420   0x00000004   Data   RW          163    .data.uwTickPrio    stm32c0xx_hal.o
    0x2000000c   0x08002424   0x00000004   PAD
    0x20000010        -       0x00000060   Zero   RW         1355    .bss                c_p.l(libspace.o)
    0x20000070        -       0x00000054   Zero   RW           41    .bss.hi2c1          i2c.o
    0x200000c4        -       0x00000054   Zero   RW           42    .bss.hi2c2          i2c.o
    0x20000118        -       0x000002e0   Zero   RW           70    .bss.hpcd_USB_DRD_FS  usb.o
    0x200003f8        -       0x0000004c   Zero   RW           56    .bss.htim1          tim.o
    0x20000444        -       0x00000004   Zero   RW          165    .bss.uwTick         stm32c0xx_hal.o
    0x20000448        -       0x00000200   Zero   RW            2    HEAP                startup_stm32c071xx.o
    0x20000648        -       0x00000400   Zero   RW            1    STACK               startup_stm32c071xx.o


==============================================================================

Image component sizes


      Code (inc. data)   RO Data    RW Data    ZI Data      Debug   Object Name

        56          4          0          0          0       1291   gpio.o
       472         36          0          0        168       5962   i2c.o
       174          4          0          0          0       2170   main.o
        56         26        192          0       1536        612   startup_stm32c071xx.o
       204         16          0          5          4       6401   stm32c0xx_hal.o
       322         24          0          0          0       6408   stm32c0xx_hal_cortex.o
       764         36          0          0          0       4779   stm32c0xx_hal_gpio.o
       288          4          0          0          0      38532   stm32c0xx_hal_i2c.o
       310          0          0          0          0       5919   stm32c0xx_hal_i2c_ex.o
        56          4          0          0          0       1319   stm32c0xx_hal_msp.o
       404          4          0          0          0      14073   stm32c0xx_hal_pcd.o
        52          0          0          0          0       5019   stm32c0xx_hal_pcd_ex.o
      2028         92          0          0          0       7812   stm32c0xx_hal_rcc.o
       476         12          0          0          0       6689   stm32c0xx_hal_rcc_ex.o
      1752         36          0          0          0      38796   stm32c0xx_hal_tim.o
       256          4          0          0          0      18383   stm32c0xx_hal_tim_ex.o
        36          4          0          0          0        800   stm32c0xx_it.o
       184          4          0          0          0      15064   stm32c0xx_ll_usb.o
        16          4         64          4          0       2004   system_stm32c0xx.o
       200         12          0          0         76       6065   tim.o
       172         16          0          0        736       4384   usb.o

    ----------------------------------------------------------------------
      8286        342        288         12       2524     192482   Object Totals
         0          0         32          0          0          0   (incl. Generated)
         8          0          0          3          4          0   (incl. Padding)

    ----------------------------------------------------------------------

      Code (inc. data)   RO Data    RW Data    ZI Data      Debug   Library Member Name

         8          0          0          0          0         68   __main.o
         0          0          0          0          0          0   __rtentry.o
        12          0          0          0          0          0   __rtentry2.o
         6          0          0          0          0          0   __rtentry4.o
        86         10          0          0          0          0   __scatter.o
        26          0          0          0          0          0   __scatter_copy.o
        28          0          0          0          0          0   __scatter_zi.o
       364          4          0          0          0         92   aeabi_sdiv.o
        16          0          0          0          0         68   exit.o
         6          0          0          0          0        136   heapauxi.o
         0          0          0          0          0          0   indicate_semi.o
         2          0          0          0          0          0   libinit.o
         2          0          0          0          0          0   libinit2.o
         2          0          0          0          0          0   libshutdown.o
         2          0          0          0          0          0   libshutdown2.o
         8          4          0          0         96         68   libspace.o
         2          0          0          0          0          0   rtexit.o
        10          0          0          0          0          0   rtexit2.o
        12          4          0          0          0         60   sys_exit.o
        62          0          0          0          0         80   sys_stackheap_outer.o
         2          0          0          0          0         68   use_no_semi.o

    ----------------------------------------------------------------------
       662         22          0          0         96        640   Library Totals
         6          0          0          0          0          0   (incl. Padding)

    ----------------------------------------------------------------------

      Code (inc. data)   RO Data    RW Data    ZI Data      Debug   Library Name

       656         22          0          0         96        640   c_p.l

    ----------------------------------------------------------------------
       662         22          0          0         96        640   Library Totals

    ----------------------------------------------------------------------

==============================================================================


      Code (inc. data)   RO Data    RW Data    ZI Data      Debug   

      8948        364        288         12       2620     192666   Grand Totals
      8948        364        288         12       2620     192666   ELF Image Totals
      8948        364        288         12          0          0   ROM Totals

==============================================================================

    Total RO  Size (Code + RO Data)                 9236 (   9.02kB)
    Total RW  Size (RW Data + ZI Data)              2632 (   2.57kB)
    Total ROM Size (Code + RO Data + RW Data)       9248 (   9.03kB)

==============================================================================

