<html>
<body>
<pre>
<h1>µVision Build Log</h1>
<h2>Tool Versions:</h2>
IDE-Version: ¦ÌVision V5.43.1.0
Copyright (C) 2025 ARM Ltd and ARM Germany GmbH. All rights reserved.
License Information: Lin 3229629598, SCNU, LIC=1WSKC-73GI7-TLFCD-8RUUF-DJACT-I963A
 
Tool Versions:
Toolchain:       MDK-ARM Professional  Version: 5.43.0.0
Toolchain Path:  G:\Program Files\Keil_v5\ARM\ARMCLANG\Bin
C Compiler:      ArmClang.exe V6.24
Assembler:       Armasm.exe V6.24
Linker/Locator:  ArmLink.exe V6.24
Library Manager: ArmAr.exe V6.24
Hex Converter:   FromElf.exe V6.24
CPU DLL:         SARMCM3.DLL V5.43.0.0
Dialog DLL:      DARMCM1.DLL V1.19.6.0
Target DLL:      STLink\ST-LINKIII-KEIL_SWO.dll V3.3.1.0
Dialog DLL:      TARMCM1.DLL V1.14.6.0
 
<h2>Project:</h2>
D:\Users\3229629598\Desktop\yatao\MDK-ARM\yatao.uvprojx
Project File Date:  05/19/2026

<h2>Output:</h2>
*** Using Compiler 'V6.24', folder: 'G:\Program Files\Keil_v5\ARM\ARMCLANG\Bin'
Build target 'yatao'
assembling startup_stm32c071xx.s...
compiling usb.c...
compiling tim.c...
compiling gpio.c...
compiling stm32c0xx_it.c...
compiling stm32c0xx_hal_rcc_ex.c...
compiling stm32c0xx_hal_msp.c...
compiling main.c...
compiling i2c.c...
compiling stm32c0xx_hal_flash_ex.c...
compiling stm32c0xx_hal_flash.c...
compiling stm32c0xx_hal_gpio.c...
compiling stm32c0xx_hal.c...
compiling stm32c0xx_hal_cortex.c...
compiling stm32c0xx_hal_dma.c...
compiling stm32c0xx_hal_rcc.c...
compiling stm32c0xx_hal_pwr.c...
compiling stm32c0xx_hal_dma_ex.c...
compiling stm32c0xx_hal_exti.c...
compiling stm32c0xx_hal_pwr_ex.c...
compiling stm32c0xx_hal_i2c_ex.c...
compiling system_stm32c0xx.c...
compiling stm32c0xx_hal_pcd_ex.c...
compiling stm32c0xx_hal_pcd.c...
compiling stm32c0xx_hal_tim_ex.c...
compiling stm32c0xx_ll_usb.c...
compiling stm32c0xx_hal_i2c.c...
compiling stm32c0xx_hal_tim.c...
linking...
Program Size: Code=8948 RO-data=288 RW-data=12 ZI-data=2620  
FromELF: creating hex file...
"yatao\yatao.axf" - 0 Error(s), 0 Warning(s).

<h2>Software Packages used:</h2>

Package Vendor: ARM
                https://www.keil.com/pack/ARM.CMSIS.6.3.0.pack
                ARM::CMSIS@6.3.0
                CMSIS (Common Microcontroller Software Interface Standard)
   * Component: CORE Version: 6.2.0

Package Vendor: Keil
                https://www.keil.com/pack/Keil.STM32C0xx_DFP.2.4.0.pack
                Keil::STM32C0xx_DFP@2.4.0
                STMicroelectronics STM32C0 Series Device Support

<h2>Collection of Component include folders:</h2>
  ./RTE/_yatao
  G:/Program Files/Arm/Packs/ARM/CMSIS/6.3.0/CMSIS/Core/Include

<h2>Collection of Component Files used:</h2>

   * Component: ARM::CMSIS:CORE@6.2.0
      Include file:  CMSIS/Core/Include/tz_context.h
Build Time Elapsed:  00:00:01
</pre>
</body>
</html>
