Component: ARM Compiler 5.06 update 7 (build 960) Tool: armlink [4d3601]

==============================================================================

Section Cross References

    startup_stm32wb55xx_cm4.o(RESET) refers to startup_stm32wb55xx_cm4.o(STACK) for __initial_sp
    startup_stm32wb55xx_cm4.o(RESET) refers to startup_stm32wb55xx_cm4.o(.text) for Reset_Handler
    startup_stm32wb55xx_cm4.o(RESET) refers to stm32wbxx_it.o(i.NMI_Handler) for NMI_Handler
    startup_stm32wb55xx_cm4.o(RESET) refers to stm32wbxx_it.o(i.HardFault_Handler) for HardFault_Handler
    startup_stm32wb55xx_cm4.o(RESET) refers to stm32wbxx_it.o(i.MemManage_Handler) for MemManage_Handler
    startup_stm32wb55xx_cm4.o(RESET) refers to stm32wbxx_it.o(i.BusFault_Handler) for BusFault_Handler
    startup_stm32wb55xx_cm4.o(RESET) refers to stm32wbxx_it.o(i.UsageFault_Handler) for UsageFault_Handler
    startup_stm32wb55xx_cm4.o(RESET) refers to stm32wbxx_it.o(i.SVC_Handler) for SVC_Handler
    startup_stm32wb55xx_cm4.o(RESET) refers to stm32wbxx_it.o(i.DebugMon_Handler) for DebugMon_Handler
    startup_stm32wb55xx_cm4.o(RESET) refers to stm32wbxx_it.o(i.PendSV_Handler) for PendSV_Handler
    startup_stm32wb55xx_cm4.o(RESET) refers to stm32wbxx_it.o(i.SysTick_Handler) for SysTick_Handler
    startup_stm32wb55xx_cm4.o(RESET) refers to stm32wbxx_it.o(i.RTC_WKUP_IRQHandler) for RTC_WKUP_IRQHandler
    startup_stm32wb55xx_cm4.o(RESET) refers to stm32wbxx_it.o(i.USB_LP_IRQHandler) for USB_LP_IRQHandler
    startup_stm32wb55xx_cm4.o(RESET) refers to stm32wbxx_it.o(i.IPCC_C1_RX_IRQHandler) for IPCC_C1_RX_IRQHandler
    startup_stm32wb55xx_cm4.o(RESET) refers to stm32wbxx_it.o(i.IPCC_C1_TX_IRQHandler) for IPCC_C1_TX_IRQHandler
    startup_stm32wb55xx_cm4.o(RESET) refers to stm32wbxx_it.o(i.HSEM_IRQHandler) for HSEM_IRQHandler
    startup_stm32wb55xx_cm4.o(.text) refers to system_stm32wbxx.o(i.SystemInit) for SystemInit
    startup_stm32wb55xx_cm4.o(.text) refers to entry.o(.ARM.Collect$$$$00000000) for __main
    main.o(i.PeriphCommonClock_Config) refers to memseta.o(.text) for __aeabi_memclr4
    main.o(i.PeriphCommonClock_Config) refers to stm32wbxx_hal_rcc_ex.o(i.HAL_RCCEx_PeriphCLKConfig) for HAL_RCCEx_PeriphCLKConfig
    main.o(i.PeriphCommonClock_Config) refers to main.o(i.Error_Handler) for Error_Handler
    main.o(i.SystemClock_Config) refers to memseta.o(.text) for __aeabi_memclr4
    main.o(i.SystemClock_Config) refers to stm32wbxx_hal_pwr.o(i.HAL_PWR_EnableBkUpAccess) for HAL_PWR_EnableBkUpAccess
    main.o(i.SystemClock_Config) refers to stm32wbxx_hal_rcc.o(i.HAL_RCC_OscConfig) for HAL_RCC_OscConfig
    main.o(i.SystemClock_Config) refers to main.o(i.Error_Handler) for Error_Handler
    main.o(i.SystemClock_Config) refers to stm32wbxx_hal_rcc.o(i.HAL_RCC_ClockConfig) for HAL_RCC_ClockConfig
    main.o(i.main) refers to stm32wbxx_hal.o(i.HAL_Init) for HAL_Init
    main.o(i.main) refers to app_entry.o(i.MX_APPE_Config) for MX_APPE_Config
    main.o(i.main) refers to main.o(i.SystemClock_Config) for SystemClock_Config
    main.o(i.main) refers to main.o(i.PeriphCommonClock_Config) for PeriphCommonClock_Config
    main.o(i.main) refers to ipcc.o(i.MX_IPCC_Init) for MX_IPCC_Init
    main.o(i.main) refers to gpio.o(i.MX_GPIO_Init) for MX_GPIO_Init
    main.o(i.main) refers to adc.o(i.MX_ADC1_Init) for MX_ADC1_Init
    main.o(i.main) refers to rtc.o(i.MX_RTC_Init) for MX_RTC_Init
    main.o(i.main) refers to usb_device.o(i.MX_USB_Device_Init) for MX_USB_Device_Init
    main.o(i.main) refers to i2c.o(i.MX_I2C1_Init) for MX_I2C1_Init
    main.o(i.main) refers to rf.o(i.MX_RF_Init) for MX_RF_Init
    main.o(i.main) refers to bringup.o(i.bringup_init) for bringup_init
    main.o(i.main) refers to app_entry.o(i.MX_APPE_Init) for MX_APPE_Init
    main.o(i.main) refers to bringup.o(i.main_loop) for main_loop
    main.o(i.main) refers to app_entry.o(i.MX_APPE_Process) for MX_APPE_Process
    gpio.o(i.MX_GPIO_Init) refers to memseta.o(.text) for __aeabi_memclr4
    gpio.o(i.MX_GPIO_Init) refers to gpio.o(i.LL_AHB2_GRP1_EnableClock) for LL_AHB2_GRP1_EnableClock
    gpio.o(i.MX_GPIO_Init) refers to stm32wbxx_hal_gpio.o(i.HAL_GPIO_WritePin) for HAL_GPIO_WritePin
    gpio.o(i.MX_GPIO_Init) refers to stm32wbxx_hal_gpio.o(i.HAL_GPIO_Init) for HAL_GPIO_Init
    adc.o(i.HAL_ADC_MspDeInit) refers to stm32wbxx_hal_gpio.o(i.HAL_GPIO_DeInit) for HAL_GPIO_DeInit
    adc.o(i.HAL_ADC_MspInit) refers to memseta.o(.text) for __aeabi_memclr4
    adc.o(i.HAL_ADC_MspInit) refers to stm32wbxx_hal_rcc_ex.o(i.HAL_RCCEx_PeriphCLKConfig) for HAL_RCCEx_PeriphCLKConfig
    adc.o(i.HAL_ADC_MspInit) refers to main.o(i.Error_Handler) for Error_Handler
    adc.o(i.HAL_ADC_MspInit) refers to adc.o(i.LL_AHB2_GRP1_EnableClock) for LL_AHB2_GRP1_EnableClock
    adc.o(i.HAL_ADC_MspInit) refers to stm32wbxx_hal_gpio.o(i.HAL_GPIO_Init) for HAL_GPIO_Init
    adc.o(i.MX_ADC1_Init) refers to memseta.o(.text) for __aeabi_memclr4
[...]
    HAL_PCD_SuspendCallback                  0x08002839   Thumb Code    30  usbd_conf.o(i.HAL_PCD_SuspendCallback)
    HAL_PWREx_EnableVddUSB                   0x0800285d   Thumb Code    14  stm32wbxx_hal_pwr_ex.o(i.HAL_PWREx_EnableVddUSB)
    HAL_PWREx_GetVoltageRange                0x08002871   Thumb Code    10  stm32wbxx_hal_pwr_ex.o(i.HAL_PWREx_GetVoltageRange)
    HAL_PWR_EnableBkUpAccess                 0x08002881   Thumb Code    14  stm32wbxx_hal_pwr.o(i.HAL_PWR_EnableBkUpAccess)
    HAL_RCCEx_PeriphCLKConfig                0x08002895   Thumb Code   752  stm32wbxx_hal_rcc_ex.o(i.HAL_RCCEx_PeriphCLKConfig)
    HAL_RCC_ClockConfig                      0x08002b89   Thumb Code   632  stm32wbxx_hal_rcc.o(i.HAL_RCC_ClockConfig)
    HAL_RCC_GetHCLKFreq                      0x08002e0d   Thumb Code    30  stm32wbxx_hal_rcc.o(i.HAL_RCC_GetHCLKFreq)
    HAL_RCC_GetSysClockFreq                  0x08002e31   Thumb Code   170  stm32wbxx_hal_rcc.o(i.HAL_RCC_GetSysClockFreq)
    HAL_RCC_OscConfig                        0x08002ee9   Thumb Code  1646  stm32wbxx_hal_rcc.o(i.HAL_RCC_OscConfig)
    HAL_RTCEx_SetWakeUpTimer_IT              0x08003565   Thumb Code   338  stm32wbxx_hal_rtc_ex.o(i.HAL_RTCEx_SetWakeUpTimer_IT)
    HAL_RTC_Init                             0x080036c1   Thumb Code   186  stm32wbxx_hal_rtc.o(i.HAL_RTC_Init)
    HAL_RTC_MspInit                          0x08003781   Thumb Code   108  rtc.o(i.HAL_RTC_MspInit)
    HAL_RTC_WaitForSynchro                   0x080037f5   Thumb Code    52  stm32wbxx_hal_rtc.o(i.HAL_RTC_WaitForSynchro)
    HAL_SYSTICK_Config                       0x0800382d   Thumb Code    52  stm32wbxx_hal_cortex.o(i.HAL_SYSTICK_Config)
    HIDS_Init                                0x08003861   Thumb Code     2  svc_ctl.o(i.HIDS_Init)
    HRS_Init                                 0x08003863   Thumb Code     2  svc_ctl.o(i.HRS_Init)
    HSEM_IRQHandler                          0x08003865   Thumb Code     8  stm32wbxx_it.o(i.HSEM_IRQHandler)
    HTS_Init                                 0x0800386d   Thumb Code     2  svc_ctl.o(i.HTS_Init)
    HW_IPCC_BLE_AclDataAckNot                0x08003871   Thumb Code    18  tl_mbox.o(i.HW_IPCC_BLE_AclDataAckNot)
    HW_IPCC_BLE_Init                         0x080038c1   Thumb Code    26  hw_ipcc.o(i.HW_IPCC_BLE_Init)
    HW_IPCC_BLE_RxEvtNot                     0x080038e1   Thumb Code    66  tl_mbox.o(i.HW_IPCC_BLE_RxEvtNot)
    HW_IPCC_BLE_SendCmd                      0x0800392d   Thumb Code    12  hw_ipcc.o(i.HW_IPCC_BLE_SendCmd)
    HW_IPCC_Enable                           0x0800393d   Thumb Code    86  hw_ipcc.o(i.HW_IPCC_Enable)
    HW_IPCC_Init                             0x080039a1   Thumb Code    76  hw_ipcc.o(i.HW_IPCC_Init)
    HW_IPCC_MM_SendFreeBuf                   0x08003a21   Thumb Code    54  hw_ipcc.o(i.HW_IPCC_MM_SendFreeBuf)
    HW_IPCC_Rx_Handler                       0x08003a61   Thumb Code    86  hw_ipcc.o(i.HW_IPCC_Rx_Handler)
    HW_IPCC_SYS_CmdEvtNot                    0x08003ae1   Thumb Code    28  tl_mbox.o(i.HW_IPCC_SYS_CmdEvtNot)
    HW_IPCC_SYS_EvtNot                       0x08003b19   Thumb Code    40  tl_mbox.o(i.HW_IPCC_SYS_EvtNot)
    HW_IPCC_SYS_Init                         0x08003b49   Thumb Code    26  hw_ipcc.o(i.HW_IPCC_SYS_Init)
    HW_IPCC_SYS_SendCmd                      0x08003b69   Thumb Code    34  hw_ipcc.o(i.HW_IPCC_SYS_SendCmd)
    HW_IPCC_TRACES_EvtNot                    0x08003ba5   Thumb Code    30  tl_mbox.o(i.HW_IPCC_TRACES_EvtNot)
    HW_IPCC_TRACES_Init                      0x08003bc9   Thumb Code    26  hw_ipcc.o(i.HW_IPCC_TRACES_Init)
    HW_IPCC_Tx_Handler                       0x08003be9   Thumb Code    92  hw_ipcc.o(i.HW_IPCC_Tx_Handler)
    HW_TS_Create                             0x08003c49   Thumb Code   124  hw_timerserver.o(i.HW_TS_Create)
    HW_TS_Init                               0x08003cc9   Thumb Code   346  hw_timerserver.o(i.HW_TS_Init)
    HW_TS_RTC_Int_AppNot                     0x08003e51   Thumb Code    12  hw_timerserver.o(i.HW_TS_RTC_Int_AppNot)
    HW_TS_RTC_Wakeup_Handler                 0x08003e5d   Thumb Code   282  hw_timerserver.o(i.HW_TS_RTC_Wakeup_Handler)
    HW_TS_Start                              0x08003f8d   Thumb Code   180  hw_timerserver.o(i.HW_TS_Start)
    HW_TS_Stop                               0x08004051   Thumb Code   202  hw_timerserver.o(i.HW_TS_Stop)
    HardFault_Handler                        0x08004135   Thumb Code     4  stm32wbxx_it.o(i.HardFault_Handler)
    IAS_Init                                 0x080044d5   Thumb Code     2  svc_ctl.o(i.IAS_Init)
    IPCC_C1_RX_IRQHandler                    0x080044d7   Thumb Code     8  stm32wbxx_it.o(i.IPCC_C1_RX_IRQHandler)
    IPCC_C1_TX_IRQHandler                    0x080044df   Thumb Code     8  stm32wbxx_it.o(i.IPCC_C1_TX_IRQHandler)
    IPCC_Reset_Register                      0x080044e7   Thumb Code    16  stm32wbxx_hal_ipcc.o(i.IPCC_Reset_Register)
    IPCC_SetDefaultCallbacks                 0x080044f9   Thumb Code    30  stm32wbxx_hal_ipcc.o(i.IPCC_SetDefaultCallbacks)
    Init_Exti                                0x08004521   Thumb Code    16  app_entry.o(i.Init_Exti)
    Init_Smps                                0x08004565   Thumb Code     2  app_entry.o(i.Init_Smps)
    LLS_Init                                 0x080045a5   Thumb Code     2  svc_ctl.o(i.LLS_Init)
    LST_init_head                            0x080048f1   Thumb Code     6  stm_list.o(i.LST_init_head)
    LST_insert_head                          0x080048f7   Thumb Code    34  stm_list.o(i.LST_insert_head)
    LST_insert_tail                          0x08004919   Thumb Code    34  stm_list.o(i.LST_insert_tail)
    LST_is_empty                             0x0800493b   Thumb Code    34  stm_list.o(i.LST_is_empty)
    LST_remove_head                          0x0800495d   Thumb Code    32  stm_list.o(i.LST_remove_head)
    LST_remove_node                          0x0800497d   Thumb Code    32  stm_list.o(i.LST_remove_node)
    MESH_Init                                0x08004a41   Thumb Code     2  svc_ctl.o(i.MESH_Init)
    MOTENV_STM_Init                          0x08004a43   Thumb Code     2  svc_ctl.o(i.MOTENV_STM_Init)
    MX_ADC1_Init                             0x08004a45   Thumb Code   118  adc.o(i.MX_ADC1_Init)
    MX_APPE_Config                           0x08004ac9   Thumb Code    24  app_entry.o(i.MX_APPE_Config)
    MX_APPE_Init                             0x08004ae5   Thumb Code    24  app_entry.o(i.MX_APPE_Init)
    MX_APPE_Process                          0x08004b01   Thumb Code    12  app_entry.o(i.MX_APPE_Process)
    MX_GPIO_Init                             0x08004b0d   Thumb Code   104  gpio.o(i.MX_GPIO_Init)
    MX_I2C1_Init                             0x08004b79   Thumb Code    74  i2c.o(i.MX_I2C1_Init)
    MX_IPCC_Init                             0x08004bd1   Thumb Code    22  ipcc.o(i.MX_IPCC_Init)
    MX_RF_Init                               0x08004bf1   Thumb Code     2  rf.o(i.MX_RF_Init)
    MX_RTC_Init                              0x08004bf5   Thumb Code    62  rtc.o(i.MX_RTC_Init)
    MX_USB_Device_Init                       0x08004c3d   Thumb Code    60  usb_device.o(i.MX_USB_Device_Init)
    MemManage_Handler                        0x08004c89   Thumb Code     4  stm32wbxx_it.o(i.MemManage_Handler)
    NMI_Handler                              0x08004c8d   Thumb Code     4  stm32wbxx_it.o(i.NMI_Handler)
    OTAS_STM_Init                            0x08004cbd   Thumb Code     2  svc_ctl.o(i.OTAS_STM_Init)
    OTP_Read                                 0x08004cc1   Thumb Code    30  otp.o(i.OTP_Read)
    Osal_MemCpy                              0x08004ce9   Thumb Code    20  osal.o(i.Osal_MemCpy)
    Osal_MemSet                              0x08004cfd   Thumb Code    20  osal.o(i.Osal_MemSet)
    P2PS_APP_Init                            0x08004d99   Thumb Code     2  p2p_server_app.o(i.P2PS_APP_Init)
    P2PS_APP_Notification                    0x08004d9b   Thumb Code    20  p2p_server_app.o(i.P2PS_APP_Notification)
    P2PS_STM_App_Notification                0x08004daf   Thumb Code    26  p2p_server_app.o(i.P2PS_STM_App_Notification)
    P2PS_STM_Init                            0x08004dc9   Thumb Code   400  p2p_stm.o(i.P2PS_STM_Init)
    PendSV_Handler                           0x0800549d   Thumb Code     2  stm32wbxx_it.o(i.PendSV_Handler)
    PeriphCommonClock_Config                 0x0800549f   Thumb Code    48  main.o(i.PeriphCommonClock_Config)
    RTC_EnterInitMode                        0x08005779   Thumb Code    76  stm32wbxx_hal_rtc.o(i.RTC_EnterInitMode)
    RTC_ExitInitMode                         0x080057c5   Thumb Code    48  stm32wbxx_hal_rtc.o(i.RTC_ExitInitMode)
    RTC_WKUP_IRQHandler                      0x080057f5   Thumb Code     8  stm32wbxx_it.o(i.RTC_WKUP_IRQHandler)
    SEQ_BitPosition                          0x080059e9   Thumb Code    14  stm32_seq.o(i.SEQ_BitPosition)
    SHCI_C2_BLE_Init                         0x080059f7   Thumb Code    28  shci.o(i.SHCI_C2_BLE_Init)
    SHCI_C2_Config                           0x08005a13   Thumb Code    26  shci.o(i.SHCI_C2_Config)
    SHCI_C2_DEBUG_Init                       0x08005a2d   Thumb Code    28  shci.o(i.SHCI_C2_DEBUG_Init)
    SHCI_GetWirelessFwInfo                   0x08005a49   Thumb Code   162  shci.o(i.SHCI_GetWirelessFwInfo)
    SVCCTL_App_Notification                  0x08005af9   Thumb Code   266  app_ble.o(i.SVCCTL_App_Notification)
    SVCCTL_Init                              0x08005c0d   Thumb Code    18  svc_ctl.o(i.SVCCTL_Init)
    SVCCTL_InitCustomSvc                     0x08005c29   Thumb Code     2  svc_ctl.o(i.SVCCTL_InitCustomSvc)
    SVCCTL_RegisterSvcHandler                0x08005c2d   Thumb Code    20  svc_ctl.o(i.SVCCTL_RegisterSvcHandler)
    SVCCTL_SvcInit                           0x08005c45   Thumb Code    76  svc_ctl.o(i.SVCCTL_SvcInit)
    SVCCTL_UserEvtRx                         0x08005c91   Thumb Code   136  svc_ctl.o(i.SVCCTL_UserEvtRx)
    SVC_Handler                              0x08005d1d   Thumb Code     2  stm32wbxx_it.o(i.SVC_Handler)
    SysTick_Handler                          0x08005d97   Thumb Code     8  stm32wbxx_it.o(i.SysTick_Handler)
    SystemClock_Config                       0x08005da9   Thumb Code   176  main.o(i.SystemClock_Config)
    SystemInit                               0x08005e61   Thumb Code   102  system_stm32wbxx.o(i.SystemInit)
    TCA9548A_SelectChannel                   0x08005f21   Thumb Code    40  tca9548a.o(i.TCA9548A_SelectChannel)
    TCS34725_GetRGB888                       0x08005f49   Thumb Code   236  tcs34725.o(i.TCS34725_GetRGB888)
    TCS34725_Init                            0x08006039   Thumb Code    36  tcs34725.o(i.TCS34725_Init)
    TL_BLE_Init                              0x080060f5   Thumb Code    52  tl_mbox.o(i.TL_BLE_Init)
    TL_BLE_SendCmd                           0x0800613d   Thumb Code    36  tl_mbox.o(i.TL_BLE_SendCmd)
    TL_Enable                                0x08006165   Thumb Code     8  tl_mbox.o(i.TL_Enable)
    TL_Init                                  0x0800616d   Thumb Code    50  tl_mbox.o(i.TL_Init)
    TL_MM_EvtDone                            0x080061cd   Thumb Code    28  tl_mbox.o(i.TL_MM_EvtDone)
    TL_MM_Init                               0x080061f1   Thumb Code    80  tl_mbox.o(i.TL_MM_Init)
    TL_SYS_Init                              0x08006251   Thumb Code    44  tl_mbox.o(i.TL_SYS_Init)
    TL_SYS_SendCmd                           0x0800628d   Thumb Code    36  tl_mbox.o(i.TL_SYS_SendCmd)
    TL_TRACES_EvtReceived                    0x080062b5   Thumb Code     2  tl_mbox.o(i.TL_TRACES_EvtReceived)
    TL_TRACES_Init                           0x080062b9   Thumb Code    22  tl_mbox.o(i.TL_TRACES_Init)
    TPS_Init                                 0x080062d9   Thumb Code     2  svc_ctl.o(i.TPS_Init)
    USBD_CDC_ConfigStrDescriptor             0x080063cd   Thumb Code    34  usbd_desc.o(i.USBD_CDC_ConfigStrDescriptor)
    USBD_CDC_DeviceDescriptor                0x080065dd   Thumb Code    10  usbd_desc.o(i.USBD_CDC_DeviceDescriptor)
    USBD_CDC_GetDeviceQualifierDescriptor    0x0800663d   Thumb Code    10  usbd_cdc.o(i.USBD_CDC_GetDeviceQualifierDescriptor)
    USBD_CDC_InterfaceStrDescriptor          0x080068bd   Thumb Code    34  usbd_desc.o(i.USBD_CDC_InterfaceStrDescriptor)
    USBD_CDC_LangIDStrDescriptor             0x080068f5   Thumb Code    10  usbd_desc.o(i.USBD_CDC_LangIDStrDescriptor)
    USBD_CDC_ManufacturerStrDescriptor       0x08006905   Thumb Code    20  usbd_desc.o(i.USBD_CDC_ManufacturerStrDescriptor)
    USBD_CDC_ProductStrDescriptor            0x08006931   Thumb Code    34  usbd_desc.o(i.USBD_CDC_ProductStrDescriptor)
    USBD_CDC_ReceivePacket                   0x08006971   Thumb Code    74  usbd_cdc.o(i.USBD_CDC_ReceivePacket)
    USBD_CDC_RegisterInterface               0x080069c1   Thumb Code    24  usbd_cdc.o(i.USBD_CDC_RegisterInterface)
    USBD_CDC_SerialStrDescriptor             0x080069d9   Thumb Code    18  usbd_desc.o(i.USBD_CDC_SerialStrDescriptor)
    USBD_CDC_SetRxBuffer                     0x080069f1   Thumb Code    30  usbd_cdc.o(i.USBD_CDC_SetRxBuffer)
    USBD_CDC_SetTxBuffer                     0x08006a0f   Thumb Code    36  usbd_cdc.o(i.USBD_CDC_SetTxBuffer)
    USBD_ClrClassConfig                      0x08006b73   Thumb Code    28  usbd_core.o(i.USBD_ClrClassConfig)
    USBD_CoreFindEP                          0x08006bcd   Thumb Code     6  usbd_core.o(i.USBD_CoreFindEP)
    USBD_CoreFindIF                          0x08006bd3   Thumb Code     6  usbd_core.o(i.USBD_CoreFindIF)
    USBD_CtlContinueRx                       0x08006bd9   Thumb Code    24  usbd_ioreq.o(i.USBD_CtlContinueRx)
    USBD_CtlContinueSendData                 0x08006bf1   Thumb Code    24  usbd_ioreq.o(i.USBD_CtlContinueSendData)
    USBD_CtlError                            0x08006c09   Thumb Code    24  usbd_ctlreq.o(i.USBD_CtlError)
    USBD_CtlPrepareRx                        0x08006c21   Thumb Code    46  usbd_ioreq.o(i.USBD_CtlPrepareRx)
    USBD_CtlReceiveStatus                    0x08006c4f   Thumb Code    26  usbd_ioreq.o(i.USBD_CtlReceiveStatus)
    USBD_CtlSendData                         0x08006c69   Thumb Code    36  usbd_ioreq.o(i.USBD_CtlSendData)
    USBD_CtlSendStatus                       0x08006c8d   Thumb Code    26  usbd_ioreq.o(i.USBD_CtlSendStatus)
    USBD_GetEpDesc                           0x08006f2f   Thumb Code    80  usbd_core.o(i.USBD_GetEpDesc)
    USBD_GetNextDesc                         0x08006f95   Thumb Code    20  usbd_core.o(i.USBD_GetNextDesc)
    USBD_GetString                           0x08007003   Thumb Code   104  usbd_ctlreq.o(i.USBD_GetString)
    USBD_Init                                0x08007097   Thumb Code    58  usbd_core.o(i.USBD_Init)
    USBD_LL_ClearStallEP                     0x080070d1   Thumb Code    38  usbd_conf.o(i.USBD_LL_ClearStallEP)
    USBD_LL_CloseEP                          0x080070f7   Thumb Code    38  usbd_conf.o(i.USBD_LL_CloseEP)
    USBD_LL_DataInStage                      0x0800711d   Thumb Code   272  usbd_core.o(i.USBD_LL_DataInStage)
    USBD_LL_DataOutStage                     0x0800722d   Thumb Code   266  usbd_core.o(i.USBD_LL_DataOutStage)
    USBD_LL_GetRxDataSize                    0x08007337   Thumb Code    18  usbd_conf.o(i.USBD_LL_GetRxDataSize)
    USBD_LL_Init                             0x08007349   Thumb Code   132  usbd_conf.o(i.USBD_LL_Init)
    USBD_LL_IsStallEP                        0x080073d5   Thumb Code    56  usbd_conf.o(i.USBD_LL_IsStallEP)
    USBD_LL_OpenEP                           0x0800740d   Thumb Code    48  usbd_conf.o(i.USBD_LL_OpenEP)
    USBD_LL_PrepareReceive                   0x0800743d   Thumb Code    48  usbd_conf.o(i.USBD_LL_PrepareReceive)
    USBD_LL_Reset                            0x0800746d   Thumb Code   110  usbd_core.o(i.USBD_LL_Reset)
    USBD_LL_Resume                           0x080074db   Thumb Code    22  usbd_core.o(i.USBD_LL_Resume)
    USBD_LL_SOF                              0x080074f1   Thumb Code    40  usbd_core.o(i.USBD_LL_SOF)
    USBD_LL_SetSpeed                         0x08007519   Thumb Code     8  usbd_core.o(i.USBD_LL_SetSpeed)
    USBD_LL_SetUSBAddress                    0x08007521   Thumb Code    38  usbd_conf.o(i.USBD_LL_SetUSBAddress)
    USBD_LL_SetupStage                       0x08007547   Thumb Code   118  usbd_core.o(i.USBD_LL_SetupStage)
    USBD_LL_StallEP                          0x080075bd   Thumb Code    38  usbd_conf.o(i.USBD_LL_StallEP)
    USBD_LL_Start                            0x080075e3   Thumb Code    30  usbd_conf.o(i.USBD_LL_Start)
    USBD_LL_Suspend                          0x08007601   Thumb Code    28  usbd_core.o(i.USBD_LL_Suspend)
    USBD_LL_Transmit                         0x0800761d   Thumb Code    48  usbd_conf.o(i.USBD_LL_Transmit)
    USBD_ParseSetupRequest                   0x0800764d   Thumb Code    54  usbd_ctlreq.o(i.USBD_ParseSetupRequest)
    USBD_RegisterClass                       0x08007683   Thumb Code    72  usbd_core.o(i.USBD_RegisterClass)
    USBD_RunTestMode                         0x080076cb   Thumb Code     6  usbd_core.o(i.USBD_RunTestMode)
    USBD_SetClassConfig                      0x0800772b   Thumb Code    32  usbd_core.o(i.USBD_SetClassConfig)
    USBD_Start                               0x08007889   Thumb Code    12  usbd_core.o(i.USBD_Start)
    USBD_StdDevReq                           0x08007895   Thumb Code   174  usbd_ctlreq.o(i.USBD_StdDevReq)
    USBD_StdEPReq                            0x08007943   Thumb Code   644  usbd_ctlreq.o(i.USBD_StdEPReq)
    USBD_StdItfReq                           0x08007bc7   Thumb Code   174  usbd_ctlreq.o(i.USBD_StdItfReq)
    USBD_static_free                         0x08007c75   Thumb Code     2  usbd_conf.o(i.USBD_static_free)
    USBD_static_malloc                       0x08007c79   Thumb Code     6  usbd_conf.o(i.USBD_static_malloc)
    USB_ActivateEndpoint                     0x08007c85   Thumb Code  1608  stm32wbxx_ll_usb.o(i.USB_ActivateEndpoint)
    USB_DeactivateEndpoint                   0x080082cd   Thumb Code   636  stm32wbxx_ll_usb.o(i.USB_DeactivateEndpoint)
    USB_DevConnect                           0x08008549   Thumb Code    18  stm32wbxx_ll_usb.o(i.USB_DevConnect)
    USB_DevInit                              0x0800855b   Thumb Code    20  stm32wbxx_ll_usb.o(i.USB_DevInit)
    USB_DisableGlobalInt                     0x0800856f   Thumb Code    20  stm32wbxx_ll_usb.o(i.USB_DisableGlobalInt)
    USB_EPClearStall                         0x08008583   Thumb Code   212  stm32wbxx_ll_usb.o(i.USB_EPClearStall)
    USB_EPSetStall                           0x08008657   Thumb Code    92  stm32wbxx_ll_usb.o(i.USB_EPSetStall)
    USB_EPStartXfer                          0x080086b3   Thumb Code  1766  stm32wbxx_ll_usb.o(i.USB_EPStartXfer)
    USB_EnableGlobalInt                      0x08008d99   Thumb Code    18  stm32wbxx_ll_usb.o(i.USB_EnableGlobalInt)
    USB_LP_IRQHandler                        0x08008dad   Thumb Code    10  stm32wbxx_it.o(i.USB_LP_IRQHandler)
    USB_ReadInterrupts                       0x08008dbd   Thumb Code     8  stm32wbxx_ll_usb.o(i.USB_ReadInterrupts)
    USB_ReadPMA                              0x08008dc5   Thumb Code    70  stm32wbxx_ll_usb.o(i.USB_ReadPMA)
    USB_SetDevAddress                        0x08008e0b   Thumb Code    14  stm32wbxx_ll_usb.o(i.USB_SetDevAddress)
    USB_WritePMA                             0x08008e19   Thumb Code    60  stm32wbxx_ll_usb.o(i.USB_WritePMA)
    UTIL_LPM_Init                            0x08008e55   Thumb Code    12  stm32_lpm.o(i.UTIL_LPM_Init)
    UTIL_LPM_SetOffMode                      0x08008e69   Thumb Code    56  stm32_lpm.o(i.UTIL_LPM_SetOffMode)
    UTIL_SEQ_CatchWarning                    0x08008ea5   Thumb Code     2  stm32_seq.o(i.UTIL_SEQ_CatchWarning)
    UTIL_SEQ_EvtIdle                         0x08008ea7   Thumb Code    14  stm32_seq.o(i.UTIL_SEQ_EvtIdle)
    UTIL_SEQ_Idle                            0x08008eb5   Thumb Code     2  app_entry.o(i.UTIL_SEQ_Idle)
    UTIL_SEQ_PauseTask                       0x08008eb9   Thumb Code    30  stm32_seq.o(i.UTIL_SEQ_PauseTask)
    UTIL_SEQ_PostIdle                        0x08008edd   Thumb Code     2  stm32_seq.o(i.UTIL_SEQ_PostIdle)
    UTIL_SEQ_PostTask                        0x08008edf   Thumb Code     2  stm32_seq.o(i.UTIL_SEQ_PostTask)
    UTIL_SEQ_PreIdle                         0x08008ee1   Thumb Code     2  stm32_seq.o(i.UTIL_SEQ_PreIdle)
    UTIL_SEQ_PreTask                         0x08008ee3   Thumb Code     2  stm32_seq.o(i.UTIL_SEQ_PreTask)
    UTIL_SEQ_RegTask                         0x08008ee5   Thumb Code    40  stm32_seq.o(i.UTIL_SEQ_RegTask)
    UTIL_SEQ_ResumeTask                      0x08008f11   Thumb Code    30  stm32_seq.o(i.UTIL_SEQ_ResumeTask)
    UTIL_SEQ_Run                             0x08008f35   Thumb Code   544  stm32_seq.o(i.UTIL_SEQ_Run)
    UTIL_SEQ_SetEvt                          0x08009179   Thumb Code    30  stm32_seq.o(i.UTIL_SEQ_SetEvt)
    UTIL_SEQ_SetTask                         0x0800919d   Thumb Code    46  stm32_seq.o(i.UTIL_SEQ_SetTask)
    UTIL_SEQ_WaitEvt                         0x080091d5   Thumb Code    94  stm32_seq.o(i.UTIL_SEQ_WaitEvt)
    UsageFault_Handler                       0x080092dd   Thumb Code     4  stm32wbxx_it.o(i.UsageFault_Handler)
    ZDD_STM_Init                             0x080092e1   Thumb Code     2  svc_ctl.o(i.ZDD_STM_Init)
    __scatterload_copy                       0x0800933b   Thumb Code    14  handlers.o(i.__scatterload_copy)
    __scatterload_null                       0x08009349   Thumb Code     2  handlers.o(i.__scatterload_null)
    __scatterload_zeroinit                   0x0800934b   Thumb Code    14  handlers.o(i.__scatterload_zeroinit)
    aci_gap_configure_filter_accept_list     0x08009377   Thumb Code    62  ble_gap_aci.o(i.aci_gap_configure_filter_accept_list)
    aci_gap_init                             0x080093b5   Thumb Code   146  ble_gap_aci.o(i.aci_gap_init)
    aci_gap_set_authentication_requirement   0x08009447   Thumb Code   144  ble_gap_aci.o(i.aci_gap_set_authentication_requirement)
    aci_gap_set_discoverable                 0x080094d7   Thumb Code   188  ble_gap_aci.o(i.aci_gap_set_discoverable)
    aci_gap_set_io_capability                0x08009593   Thumb Code    78  ble_gap_aci.o(i.aci_gap_set_io_capability)
    aci_gap_set_non_discoverable             0x080095e1   Thumb Code    62  ble_gap_aci.o(i.aci_gap_set_non_discoverable)
    aci_gap_update_adv_data                  0x0800961f   Thumb Code    92  ble_gap_aci.o(i.aci_gap_update_adv_data)
    aci_gatt_add_char                        0x0800967b   Thumb Code   222  ble_gatt_aci.o(i.aci_gatt_add_char)
    aci_gatt_add_service                     0x08009759   Thumb Code   194  ble_gatt_aci.o(i.aci_gatt_add_service)
    aci_gatt_confirm_indication              0x0800981b   Thumb Code    80  ble_gatt_aci.o(i.aci_gatt_confirm_indication)
    aci_gatt_init                            0x0800986b   Thumb Code    64  ble_gatt_aci.o(i.aci_gatt_init)
    aci_gatt_update_char_value               0x080098ab   Thumb Code   122  ble_gatt_aci.o(i.aci_gatt_update_char_value)
    aci_hal_set_radio_activity_mask          0x08009925   Thumb Code    78  ble_hal_aci.o(i.aci_hal_set_radio_activity_mask)
    aci_hal_set_tx_power_level               0x08009973   Thumb Code    84  ble_hal_aci.o(i.aci_hal_set_tx_power_level)
    aci_hal_write_config_data                0x080099c7   Thumb Code   102  ble_hal_aci.o(i.aci_hal_write_config_data)
    bringup_init                             0x08009a8d   Thumb Code     8  bringup.o(i.bringup_init)
    hci_cmd_resp_release                     0x08009a95   Thumb Code    12  app_ble.o(i.hci_cmd_resp_release)
    hci_cmd_resp_wait                        0x08009aa1   Thumb Code    12  app_ble.o(i.hci_cmd_resp_wait)
    hci_init                                 0x08009aad   Thumb Code    28  hci_tl.o(i.hci_init)
    hci_le_read_phy                          0x08009ad1   Thumb Code   118  ble_hci_le.o(i.hci_le_read_phy)
    hci_le_set_default_phy                   0x08009b47   Thumb Code    96  ble_hci_le.o(i.hci_le_set_default_phy)
    hci_notify_asynch_evt                    0x08009ba7   Thumb Code    14  app_ble.o(i.hci_notify_asynch_evt)
    hci_register_io_bus                      0x08009bb5   Thumb Code    10  hci_tl_if.o(i.hci_register_io_bus)
    hci_reset                                0x08009bc9   Thumb Code    60  ble_hci_le.o(i.hci_reset)
    hci_send_req                             0x08009c05   Thumb Code   184  hci_tl.o(i.hci_send_req)
    hci_user_evt_proc                        0x08009cc5   Thumb Code   108  hci_tl.o(i.hci_user_evt_proc)
    i2c_my_init                              0x08009d3d   Thumb Code    42  tca9548a.o(i.i2c_my_init)
    i2c_rgb_update                           0x08009d6d   Thumb Code    36  tca9548a.o(i.i2c_rgb_update)
    main                                     0x08009e81   Thumb Code    94  main.o(i.main)
    main_loop                                0x08009ee9   Thumb Code    30  bringup.o(i.main_loop)
    shci_cmd_resp_release                    0x08009f0d   Thumb Code    12  app_entry.o(i.shci_cmd_resp_release)
    shci_cmd_resp_wait                       0x08009f19   Thumb Code    12  app_entry.o(i.shci_cmd_resp_wait)
    shci_init                                0x08009f25   Thumb Code    28  shci_tl.o(i.shci_init)
    shci_notify_asynch_evt                   0x08009f49   Thumb Code    14  app_entry.o(i.shci_notify_asynch_evt)
    shci_register_io_bus                     0x08009f59   Thumb Code    10  shci_tl_if.o(i.shci_register_io_bus)
    shci_send                                0x08009f6d   Thumb Code   100  shci_tl.o(i.shci_send)
    shci_user_evt_proc                       0x08009fdd   Thumb Code   108  shci_tl.o(i.shci_user_evt_proc)
    AHBPrescTable                            0x0800a240   Data          64  system_stm32wbxx.o(.constdata)
    APBPrescTable                            0x0800a280   Data          32  system_stm32wbxx.o(.constdata)
    MSIRangeTable                            0x0800a2a0   Data          64  system_stm32wbxx.o(.constdata)
    SmpsPrescalerTable                       0x0800a2e0   Data          96  system_stm32wbxx.o(.constdata)
    Region$$Table$$Base                      0x0800a340   Number         0  anon$$obj.o(Region$$Table)
    Region$$Table$$Limit                     0x0800a370   Number         0  anon$$obj.o(Region$$Table)
    CDC_Desc                                 0x20000018   Data          32  usbd_desc.o(.data)
    USBD_CDC_DeviceDesc                      0x20000038   Data          18  usbd_desc.o(.data)
    USBD_LangIDDesc                          0x2000004c   Data           4  usbd_desc.o(.data)
    USBD_StringSerial                        0x20000050   Data          26  usbd_desc.o(.data)
    USBD_Interface_fops_FS                   0x2000006c   Data          20  usbd_cdc_if.o(.data)
    HandleNotification                       0x2000008a   Data           4  app_ble.o(.data)
    a_ManufData                              0x2000008e   Data          14  app_ble.o(.data)
    uwTick                                   0x200000a0   Data           4  stm32wbxx_hal.o(.data)
    uwTickPrio                               0x200000a4   Data           4  stm32wbxx_hal.o(.data)
    uwTickFreq                               0x200000a8   Data           1  stm32wbxx_hal.o(.data)
    SystemCoreClock                          0x200000ac   Data           4  system_stm32wbxx.o(.data)
    USBD_CDC                                 0x200000c0   Data          56  usbd_cdc.o(.data)
    last_time1                               0x2000016c   Data           4  bringup.o(.data)
    last_time2                               0x20000170   Data           4  bringup.o(.data)
    UserEventFlow                            0x200001bc   Data           1  hci_tl.o(BLE_DRIVER_CONTEXT)
    SVCCTL_EvtHandler                        0x200001c0   Data          32  svc_ctl.o(BLE_DRIVER_CONTEXT)
    SVCCTL_CltHandler                        0x200001e0   Data           1  svc_ctl.o(BLE_DRIVER_CONTEXT)
    SHCI_TL_UserEventFlow                    0x200001f4   Data           1  shci_tl.o(SYSTEM_DRIVER_CONTEXT)
    hadc1                                    0x200001f8   Data         100  adc.o(.bss)
    hi2c1                                    0x2000025c   Data          84  i2c.o(.bss)
    hipcc                                    0x200002b0   Data          60  ipcc.o(.bss)
    hrtc                                     0x200002ec   Data          36  rtc.o(.bss)
    hpcd_USB_FS                              0x200003a0   Data         732  usbd_conf.o(.bss)
    hUsbDeviceFS                             0x2000089c   Data         732  usb_device.o(.bss)
    USBD_StrDesc                             0x20000b78   Data         512  usbd_desc.o(.bss)
    UserRxBufferFS                           0x20000d78   Data        2048  usbd_cdc_if.o(.bss)
    UserTxBufferFS                           0x20001578   Data        2048  usbd_cdc_if.o(.bss)
    rgbdata                                  0x20001e70   Data          12  tcs34725.o(.bss)
    __initial_sp                             0x200022c0   Data           0  startup_stm32wb55xx_cm4.o(STACK)



==============================================================================

Memory Map of the image

  Image Entry point : 0x0800013d

  Load Region LR_IROM1 (Base: 0x08000000, Size: 0x0000afc8, Max: 0x00080000, ABSOLUTE, COMPRESSED[0x0000a450])

    Execution Region ER_IROM1 (Exec base: 0x08000000, Load base: 0x08000000, Size: 0x0000a370, Max: 0x00080000, ABSOLUTE)

    Exec Addr    Load Addr    Size         Type   Attr      Idx    E Section Name        Object

    0x08000000   0x08000000   0x0000013c   Data   RO            3    RESET               startup_stm32wb55xx_cm4.o
    0x0800013c   0x0800013c   0x00000000   Code   RO         9578  * .ARM.Collect$$$$00000000  mc_w.l(entry.o)
    0x0800013c   0x0800013c   0x00000004   Code   RO         9860    .ARM.Collect$$$$00000001  mc_w.l(entry2.o)
    0x08000140   0x08000140   0x00000004   Code   RO         9863    .ARM.Collect$$$$00000004  mc_w.l(entry5.o)
    0x08000144   0x08000144   0x00000000   Code   RO         9865    .ARM.Collect$$$$00000008  mc_w.l(entry7b.o)
    0x08000144   0x08000144   0x00000000   Code   RO         9867    .ARM.Collect$$$$0000000A  mc_w.l(entry8b.o)
    0x08000144   0x08000144   0x00000008   Code   RO         9868    .ARM.Collect$$$$0000000B  mc_w.l(entry9a.o)
    0x0800014c   0x0800014c   0x00000004   Code   RO         9875    .ARM.Collect$$$$0000000E  mc_w.l(entry12b.o)
    0x08000150   0x08000150   0x00000000   Code   RO         9870    .ARM.Collect$$$$0000000F  mc_w.l(entry10a.o)
    0x08000150   0x08000150   0x00000000   Code   RO         9872    .ARM.Collect$$$$00000011  mc_w.l(entry11a.o)
    0x08000150   0x08000150   0x00000004   Code   RO         9861    .ARM.Collect$$$$00002712  mc_w.l(entry2.o)
    0x08000154   0x08000154   0x00000024   Code   RO            4    .text               startup_stm32wb55xx_cm4.o
    0x08000178   0x08000178   0x00000028   Code   RO         9581    .text               mc_w.l(memcpy.o)
    0x080001a0   0x080001a0   0x00000024   Code   RO         9587    .text               mc_w.l(memseta.o)
    0x080001c4   0x080001c4   0x0000000e   Code   RO         9589    .text               mc_w.l(strlen.o)
    0x080001d2   0x080001d2   0x00000002   PAD
    0x080001d4   0x080001d4   0x00000024   Code   RO         9894    .text               mc_w.l(init.o)
    0x080001f8   0x080001f8   0x00000056   Code   RO         9914    .text               mc_w.l(__dczerorl2.o)
    0x0800024e   0x0800024e   0x00000002   PAD
    0x08000250   0x08000250   0x00000020   Code   RO          866    i.APPD_EnableCPU2   app_debug.o
    0x08000270   0x08000270   0x0000000a   Code   RO          547    i.APPE_SysEvtError  app_entry.o
    0x0800027a   0x0800027a   0x00000002   PAD
    0x0800027c   0x0800027c   0x00000078   Code   RO          548    i.APPE_SysEvtReadyProcessing  app_entry.o
    0x080002f4   0x080002f4   0x00000002   Code   RO          549    i.APPE_SysStatusNot  app_entry.o
    0x080002f6   0x080002f6   0x00000046   Code   RO          550    i.APPE_SysUserEvtRx  app_entry.o
    0x0800033c   0x0800033c   0x000000bc   Code   RO         1723    i.APP_BLE_Init      app_ble.o
    0x080003f8   0x080003f8   0x00000024   Code   RO         1724    i.Adv_Cancel        app_ble.o
    0x0800041c   0x0800041c   0x0000000c   Code   RO         1725    i.Adv_Cancel_Req    app_ble.o
    0x08000428   0x08000428   0x000000b0   Code   RO         1726    i.Adv_Request       app_ble.o
    0x080004d8   0x080004d8   0x00000002   Code   RO         9422    i.BAS_Init          svc_ctl.o
    0x080004da   0x080004da   0x00000026   Code   RO         1727    i.BLE_StatusNot     app_ble.o
    0x08000500   0x08000500   0x00000020   Code   RO         1728    i.BLE_UserEvtRx     app_ble.o
    0x08000520   0x08000520   0x00000002   Code   RO         9423    i.BLS_Init          svc_ctl.o
    0x08000522   0x08000522   0x00000002   Code   RO         9424    i.BVOPUS_STM_Init   svc_ctl.o
    0x08000524   0x08000524   0x00000070   Code   RO         1729    i.BleGetBdAddress   app_ble.o
    0x08000594   0x08000594   0x0000013c   Code   RO         1730    i.Ble_Hci_Gap_Gatt_Init  app_ble.o
    0x080006d0   0x080006d0   0x00000020   Code   RO         1731    i.Ble_Tl_Init       app_ble.o
    0x080006f0   0x080006f0   0x00000004   Code   RO         1166    i.BusFault_Handler  stm32wbxx_it.o
    0x080006f4   0x080006f4   0x00000044   Code   RO         1665    i.CDC_Control_FS    usbd_cdc_if.o
    0x08000738   0x08000738   0x00000004   Code   RO         1666    i.CDC_DeInit_FS     usbd_cdc_if.o
    0x0800073c   0x0800073c   0x00000024   Code   RO         1667    i.CDC_Init_FS       usbd_cdc_if.o
    0x08000760   0x08000760   0x0000001c   Code   RO         1668    i.CDC_Receive_FS    usbd_cdc_if.o
    0x0800077c   0x0800077c   0x0000000c   Code   RO         1669    i.CDC_TransmitCplt_FS  usbd_cdc_if.o
    0x08000788   0x08000788   0x00000002   Code   RO         9425    i.CRS_STM_Init      svc_ctl.o
    0x0800078a   0x0800078a   0x00000002   PAD
    0x0800078c   0x0800078c   0x0000003c   Code   RO         9316    i.Cmd_SetStatus     shci_tl.o
    0x080007c8   0x080007c8   0x00000034   Code   RO          551    i.Config_HSE        app_entry.o
    0x080007fc   0x080007fc   0x00000002   Code   RO         9426    i.DIS_Init          svc_ctl.o
    0x080007fe   0x080007fe   0x00000002   Code   RO         1167    i.DebugMon_Handler  stm32wbxx_it.o
    0x08000800   0x08000800   0x00000002   Code   RO         9427    i.EDS_STM_Init      svc_ctl.o
    0x08000802   0x08000802   0x00000006   Code   RO           13    i.Error_Handler     main.o
    0x08000808   0x08000808   0x00000034   Code   RO         1575    i.Get_SerialNum     usbd_desc.o
    0x0800083c   0x0800083c   0x000004ac   Code   RO         4781    i.HAL_ADC_ConfigChannel  stm32wbxx_hal_adc.o
    0x08000ce8   0x08000ce8   0x00000204   Code   RO         4790    i.HAL_ADC_Init      stm32wbxx_hal_adc.o
    0x08000eec   0x08000eec   0x00000060   Code   RO          336    i.HAL_ADC_MspInit   adc.o
    0x08000f4c   0x08000f4c   0x00000040   Code   RO          552    i.HAL_Delay         app_entry.o
    0x08000f8c   0x08000f8c   0x0000019c   Code   RO         3517    i.HAL_GPIO_Init     stm32wbxx_hal_gpio.o
    0x08001128   0x08001128   0x0000000a   Code   RO         3522    i.HAL_GPIO_WritePin  stm32wbxx_hal_gpio.o
    0x08001132   0x08001132   0x00000002   PAD
    0x08001134   0x08001134   0x0000000c   Code   RO         4443    i.HAL_GetTick       stm32wbxx_hal.o
    0x08001140   0x08001140   0x0000000c   Code   RO         4444    i.HAL_GetTickFreq   stm32wbxx_hal.o
    0x0800114c   0x0800114c   0x0000000c   Code   RO         4445    i.HAL_GetTickPrio   stm32wbxx_hal.o
    0x08001158   0x08001158   0x00000002   Code   RO         3589    i.HAL_HSEM_FreeCallback  stm32wbxx_hal_hsem.o
    0x0800115a   0x0800115a   0x00000002   PAD
    0x0800115c   0x0800115c   0x00000024   Code   RO         3591    i.HAL_HSEM_IRQHandler  stm32wbxx_hal_hsem.o
    0x08001180   0x08001180   0x0000006a   Code   RO         5706    i.HAL_I2CEx_ConfigAnalogFilter  stm32wbxx_hal_i2c_ex.o
    0x080011ea   0x080011ea   0x00000068   Code   RO         5707    i.HAL_I2CEx_ConfigDigitalFilter  stm32wbxx_hal_i2c_ex.o
    0x08001252   0x08001252   0x00000002   PAD
    0x08001254   0x08001254   0x000000d8   Code   RO         5245    i.HAL_I2C_Init      stm32wbxx_hal_i2c.o
    0x0800132c   0x0800132c   0x00000164   Code   RO         5251    i.HAL_I2C_Master_Receive  stm32wbxx_hal_i2c.o
    0x08001490   0x08001490   0x00000190   Code   RO         5258    i.HAL_I2C_Master_Transmit  stm32wbxx_hal_i2c.o
    0x08001620   0x08001620   0x00000098   Code   RO          386    i.HAL_I2C_MspInit   i2c.o
    0x080016b8   0x080016b8   0x00000040   Code   RO         5765    i.HAL_IPCC_Init     stm32wbxx_hal_ipcc.o
    0x080016f8   0x080016f8   0x00000050   Code   RO          431    i.HAL_IPCC_MspInit  ipcc.o
    0x08001748   0x08001748   0x00000002   Code   RO         5770    i.HAL_IPCC_RxCallback  stm32wbxx_hal_ipcc.o
    0x0800174a   0x0800174a   0x00000002   Code   RO         5772    i.HAL_IPCC_TxCallback  stm32wbxx_hal_ipcc.o
    0x0800174c   0x0800174c   0x00000018   Code   RO         4449    i.HAL_IncTick       stm32wbxx_hal.o
    0x08001764   0x08001764   0x00000030   Code   RO         4450    i.HAL_Init          stm32wbxx_hal.o
    0x08001794   0x08001794   0x00000054   Code   RO         4451    i.HAL_InitTick      stm32wbxx_hal.o
    0x080017e8   0x080017e8   0x00000032   Code   RO         1272    i.HAL_MspInit       stm32wbxx_hal_msp.o
    0x0800181a   0x0800181a   0x00000002   PAD
    0x0800181c   0x0800181c   0x00000024   Code   RO         4291    i.HAL_NVIC_ClearPendingIRQ  stm32wbxx_hal_cortex.o
    0x08001840   0x08001840   0x00000044   Code   RO         4292    i.HAL_NVIC_DisableIRQ  stm32wbxx_hal_cortex.o
    0x08001884   0x08001884   0x00000028   Code   RO         4293    i.HAL_NVIC_EnableIRQ  stm32wbxx_hal_cortex.o
    0x080018ac   0x080018ac   0x00000024   Code   RO         4297    i.HAL_NVIC_SetPendingIRQ  stm32wbxx_hal_cortex.o
    0x080018d0   0x080018d0   0x0000007a   Code   RO         4298    i.HAL_NVIC_SetPriority  stm32wbxx_hal_cortex.o
    0x0800194a   0x0800194a   0x00000002   PAD
    0x0800194c   0x0800194c   0x00000028   Code   RO         4299    i.HAL_NVIC_SetPriorityGrouping  stm32wbxx_hal_cortex.o
    0x08001974   0x08001974   0x00000028   Code   RO         2395    i.HAL_PCDEx_ActivateLPM  stm32wbxx_hal_pcd_ex.o
    0x0800199c   0x0800199c   0x00000050   Code   RO         1299    i.HAL_PCDEx_LPM_Callback  usbd_conf.o
    0x080019ec   0x080019ec   0x00000044   Code   RO         2401    i.HAL_PCDEx_PMAConfig  stm32wbxx_hal_pcd_ex.o
    0x08001a30   0x08001a30   0x00000020   Code   RO         1301    i.HAL_PCD_DataInStageCallback  usbd_conf.o
    0x08001a50   0x08001a50   0x00000020   Code   RO         1302    i.HAL_PCD_DataOutStageCallback  usbd_conf.o
    0x08001a70   0x08001a70   0x0000006a   Code   RO         2173    i.HAL_PCD_EP_Close  stm32wbxx_hal_pcd.o
    0x08001ada   0x08001ada   0x0000007c   Code   RO         2174    i.HAL_PCD_EP_ClrStall  stm32wbxx_hal_pcd.o
    0x08001b56   0x08001b56   0x00000154   Code   RO         2175    i.HAL_PCD_EP_DB_Receive  stm32wbxx_hal_pcd.o
    0x08001caa   0x08001caa   0x0000058c   Code   RO         2176    i.HAL_PCD_EP_DB_Transmit  stm32wbxx_hal_pcd.o
    0x08002236   0x08002236   0x00000016   Code   RO         2178    i.HAL_PCD_EP_GetRxCount  stm32wbxx_hal_pcd.o
    0x0800224c   0x0800224c   0x00000086   Code   RO         2179    i.HAL_PCD_EP_Open   stm32wbxx_hal_pcd.o
    0x080022d2   0x080022d2   0x0000003c   Code   RO         2180    i.HAL_PCD_EP_Receive  stm32wbxx_hal_pcd.o
    0x0800230e   0x0800230e   0x00000078   Code   RO         2181    i.HAL_PCD_EP_SetStall  stm32wbxx_hal_pcd.o
    0x08002386   0x08002386   0x00000046   Code   RO         2182    i.HAL_PCD_EP_Transmit  stm32wbxx_hal_pcd.o
    0x080023cc   0x080023cc   0x000001d6   Code   RO         2184    i.HAL_PCD_IRQHandler  stm32wbxx_hal_pcd.o
    0x080025a2   0x080025a2   0x0000010a   Code   RO         2187    i.HAL_PCD_Init      stm32wbxx_hal_pcd.o
    0x080026ac   0x080026ac   0x000000b8   Code   RO         1307    i.HAL_PCD_MspInit   usbd_conf.o
    0x08002764   0x08002764   0x00000024   Code   RO         1308    i.HAL_PCD_ResetCallback  usbd_conf.o
    0x08002788   0x08002788   0x00000028   Code   RO         1309    i.HAL_PCD_ResumeCallback  usbd_conf.o
    0x080027b0   0x080027b0   0x0000000e   Code   RO         1310    i.HAL_PCD_SOFCallback  usbd_conf.o
    0x080027be   0x080027be   0x00000034   Code   RO         2193    i.HAL_PCD_SetAddress  stm32wbxx_hal_pcd.o
    0x080027f2   0x080027f2   0x00000012   Code   RO         1311    i.HAL_PCD_SetupStageCallback  usbd_conf.o
    0x08002804   0x08002804   0x00000034   Code   RO         2195    i.HAL_PCD_Start     stm32wbxx_hal_pcd.o
    0x08002838   0x08002838   0x00000024   Code   RO         1312    i.HAL_PCD_SuspendCallback  usbd_conf.o
    0x0800285c   0x0800285c   0x00000014   Code   RO         3975    i.HAL_PWREx_EnableVddUSB  stm32wbxx_hal_pwr_ex.o
    0x08002870   0x08002870   0x00000010   Code   RO         3982    i.HAL_PWREx_GetVoltageRange  stm32wbxx_hal_pwr_ex.o
    0x08002880   0x08002880   0x00000014   Code   RO         3830    i.HAL_PWR_EnableBkUpAccess  stm32wbxx_hal_pwr.o
    0x08002894   0x08002894   0x000002f4   Code   RO         2885    i.HAL_RCCEx_PeriphCLKConfig  stm32wbxx_hal_rcc_ex.o
    0x08002b88   0x08002b88   0x00000284   Code   RO         2611    i.HAL_RCC_ClockConfig  stm32wbxx_hal_rcc.o
    0x08002e0c   0x08002e0c   0x00000024   Code   RO         2617    i.HAL_RCC_GetHCLKFreq  stm32wbxx_hal_rcc.o
    0x08002e30   0x08002e30   0x000000b8   Code   RO         2622    i.HAL_RCC_GetSysClockFreq  stm32wbxx_hal_rcc.o
    0x08002ee8   0x08002ee8   0x0000067c   Code   RO         2625    i.HAL_RCC_OscConfig  stm32wbxx_hal_rcc.o
    0x08003564   0x08003564   0x0000015c   Code   RO         6083    i.HAL_RTCEx_SetWakeUpTimer_IT  stm32wbxx_hal_rtc_ex.o
    0x080036c0   0x080036c0   0x000000c0   Code   RO         5893    i.HAL_RTC_Init      stm32wbxx_hal_rtc.o
    0x08003780   0x08003780   0x00000074   Code   RO          500    i.HAL_RTC_MspInit   rtc.o
    0x080037f4   0x080037f4   0x00000038   Code   RO         5901    i.HAL_RTC_WaitForSynchro  stm32wbxx_hal_rtc.o
    0x0800382c   0x0800382c   0x00000034   Code   RO         4303    i.HAL_SYSTICK_Config  stm32wbxx_hal_cortex.o
    0x08003860   0x08003860   0x00000002   Code   RO         9428    i.HIDS_Init         svc_ctl.o
    0x08003862   0x08003862   0x00000002   Code   RO         9429    i.HRS_Init          svc_ctl.o
    0x08003864   0x08003864   0x00000008   Code   RO         1168    i.HSEM_IRQHandler   stm32wbxx_it.o
    0x0800386c   0x0800386c   0x00000002   Code   RO         9430    i.HTS_Init          svc_ctl.o
    0x0800386e   0x0800386e   0x00000002   PAD
    0x08003870   0x08003870   0x00000018   Code   RO         7165    i.HW_IPCC_BLE_AclDataAckNot  tl_mbox.o
    0x08003888   0x08003888   0x00000024   Code   RO         1958    i.HW_IPCC_BLE_AclDataEvtHandler  hw_ipcc.o
    0x080038ac   0x080038ac   0x00000014   Code   RO         1959    i.HW_IPCC_BLE_EvtHandler  hw_ipcc.o
    0x080038c0   0x080038c0   0x00000020   Code   RO         1960    i.HW_IPCC_BLE_Init  hw_ipcc.o
    0x080038e0   0x080038e0   0x0000004c   Code   RO         7166    i.HW_IPCC_BLE_RxEvtNot  tl_mbox.o
    0x0800392c   0x0800392c   0x00000010   Code   RO         1963    i.HW_IPCC_BLE_SendCmd  hw_ipcc.o
    0x0800393c   0x0800393c   0x00000064   Code   RO         1964    i.HW_IPCC_Enable    hw_ipcc.o
    0x080039a0   0x080039a0   0x00000050   Code   RO         1965    i.HW_IPCC_Init      hw_ipcc.o
    0x080039f0   0x080039f0   0x00000030   Code   RO         1966    i.HW_IPCC_MM_FreeBufHandler  hw_ipcc.o
    0x08003a20   0x08003a20   0x00000040   Code   RO         1967    i.HW_IPCC_MM_SendFreeBuf  hw_ipcc.o
    0x08003a60   0x08003a60   0x0000005c   Code   RO         1968    i.HW_IPCC_Rx_Handler  hw_ipcc.o
    0x08003abc   0x08003abc   0x00000024   Code   RO         1969    i.HW_IPCC_SYS_CmdEvtHandler  hw_ipcc.o
    0x08003ae0   0x08003ae0   0x00000024   Code   RO         7167    i.HW_IPCC_SYS_CmdEvtNot  tl_mbox.o
    0x08003b04   0x08003b04   0x00000014   Code   RO         1971    i.HW_IPCC_SYS_EvtHandler  hw_ipcc.o
    0x08003b18   0x08003b18   0x00000030   Code   RO         7168    i.HW_IPCC_SYS_EvtNot  tl_mbox.o
    0x08003b48   0x08003b48   0x00000020   Code   RO         1973    i.HW_IPCC_SYS_Init  hw_ipcc.o
    0x08003b68   0x08003b68   0x00000028   Code   RO         1974    i.HW_IPCC_SYS_SendCmd  hw_ipcc.o
    0x08003b90   0x08003b90   0x00000014   Code   RO         1975    i.HW_IPCC_TRACES_EvtHandler  hw_ipcc.o
    0x08003ba4   0x08003ba4   0x00000024   Code   RO         7169    i.HW_IPCC_TRACES_EvtNot  tl_mbox.o
    0x08003bc8   0x08003bc8   0x00000020   Code   RO         1977    i.HW_IPCC_TRACES_Init  hw_ipcc.o
    0x08003be8   0x08003be8   0x00000060   Code   RO         1978    i.HW_IPCC_Tx_Handler  hw_ipcc.o
    0x08003c48   0x08003c48   0x00000080   Code   RO          930    i.HW_TS_Create      hw_timerserver.o
    0x08003cc8   0x08003cc8   0x00000188   Code   RO          932    i.HW_TS_Init        hw_timerserver.o
    0x08003e50   0x08003e50   0x0000000c   Code   RO          933    i.HW_TS_RTC_Int_AppNot  hw_timerserver.o
    0x08003e5c   0x08003e5c   0x00000130   Code   RO          935    i.HW_TS_RTC_Wakeup_Handler  hw_timerserver.o
    0x08003f8c   0x08003f8c   0x000000c4   Code   RO          936    i.HW_TS_Start       hw_timerserver.o
    0x08004050   0x08004050   0x000000e4   Code   RO          937    i.HW_TS_Stop        hw_timerserver.o
    0x08004134   0x08004134   0x00000004   Code   RO         1169    i.HardFault_Handler  stm32wbxx_it.o
    0x08004138   0x08004138   0x00000028   Code   RO         5292    i.I2C_Flush_TXDR    stm32wbxx_hal_i2c.o
    0x08004160   0x08004160   0x00000130   Code   RO         5300    i.I2C_IsErrorOccurred  stm32wbxx_hal_i2c.o
    0x08004290   0x08004290   0x00000038   Code   RO         5309    i.I2C_TransferConfig  stm32wbxx_hal_i2c.o
    0x080042c8   0x080042c8   0x00000082   Code   RO         5311    i.I2C_WaitOnFlagUntilTimeout  stm32wbxx_hal_i2c.o
    0x0800434a   0x0800434a   0x00000002   PAD
    0x0800434c   0x0800434c   0x000000c4   Code   RO         5312    i.I2C_WaitOnRXNEFlagUntilTimeout  stm32wbxx_hal_i2c.o
    0x08004410   0x08004410   0x00000060   Code   RO         5313    i.I2C_WaitOnSTOPFlagUntilTimeout  stm32wbxx_hal_i2c.o
    0x08004470   0x08004470   0x00000064   Code   RO         5314    i.I2C_WaitOnTXISFlagUntilTimeout  stm32wbxx_hal_i2c.o
    0x080044d4   0x080044d4   0x00000002   Code   RO         9431    i.IAS_Init          svc_ctl.o
    0x080044d6   0x080044d6   0x00000008   Code   RO         1170    i.IPCC_C1_RX_IRQHandler  stm32wbxx_it.o
    0x080044de   0x080044de   0x00000008   Code   RO         1171    i.IPCC_C1_TX_IRQHandler  stm32wbxx_it.o
    0x080044e6   0x080044e6   0x00000010   Code   RO         5774    i.IPCC_Reset_Register  stm32wbxx_hal_ipcc.o
    0x080044f6   0x080044f6   0x00000002   PAD
    0x080044f8   0x080044f8   0x00000028   Code   RO         5775    i.IPCC_SetDefaultCallbacks  stm32wbxx_hal_ipcc.o
    0x08004520   0x08004520   0x00000014   Code   RO          553    i.Init_Exti         app_entry.o
    0x08004534   0x08004534   0x00000030   Code   RO          554    i.Init_Rtc          app_entry.o
    0x08004564   0x08004564   0x00000002   Code   RO          555    i.Init_Smps         app_entry.o
    0x08004566   0x08004566   0x0000003e   Code   RO         1576    i.IntToUnicode      usbd_desc.o
    0x080045a4   0x080045a4   0x00000002   Code   RO         9432    i.LLS_Init          svc_ctl.o
    0x080045a6   0x080045a6   0x00000012   Code   RO         4804    i.LL_ADC_GetOffsetChannel  stm32wbxx_hal_adc.o
    0x080045b8   0x080045b8   0x0000000a   Code   RO         4805    i.LL_ADC_INJ_IsConversionOngoing  stm32wbxx_hal_adc.o
    0x080045c2   0x080045c2   0x0000000a   Code   RO         4807    i.LL_ADC_IsEnabled  stm32wbxx_hal_adc.o
    0x080045cc   0x080045cc   0x0000000a   Code   RO         4808    i.LL_ADC_IsInternalRegulatorEnabled  stm32wbxx_hal_adc.o
    0x080045d6   0x080045d6   0x0000000a   Code   RO         4809    i.LL_ADC_REG_IsConversionOngoing  stm32wbxx_hal_adc.o
    0x080045e0   0x080045e0   0x00000028   Code   RO         4813    i.LL_ADC_SetChannelSamplingTime  stm32wbxx_hal_adc.o
    0x08004608   0x08004608   0x0000000c   Code   RO         4814    i.LL_ADC_SetCommonPathInternalCh  stm32wbxx_hal_adc.o
    0x08004614   0x08004614   0x00000016   Code   RO         4815    i.LL_ADC_SetOffsetState  stm32wbxx_hal_adc.o
    0x0800462a   0x0800462a   0x0000001c   Code   RO          297    i.LL_AHB2_GRP1_EnableClock  gpio.o
    0x08004646   0x08004646   0x0000001c   Code   RO          337    i.LL_AHB2_GRP1_EnableClock  adc.o
    0x08004662   0x08004662   0x00000004   Code   RO         1979    i.LL_C1_IPCC_ClearFlag_CHx  hw_ipcc.o
    0x08004666   0x08004666   0x0000000a   Code   RO         1980    i.LL_C1_IPCC_DisableTransmitChannel  hw_ipcc.o
    0x08004670   0x08004670   0x00000008   Code   RO         1981    i.LL_C1_IPCC_EnableReceiveChannel  hw_ipcc.o
    0x08004678   0x08004678   0x0000000a   Code   RO         1982    i.LL_C1_IPCC_EnableTransmitChannel  hw_ipcc.o
    0x08004682   0x08004682   0x00000012   Code   RO         1983    i.LL_C1_IPCC_IsActiveFlag_CHx  hw_ipcc.o
    0x08004694   0x08004694   0x00000006   Code   RO         1984    i.LL_C1_IPCC_SetFlag_CHx  hw_ipcc.o
    0x0800469a   0x0800469a   0x00000012   Code   RO         1985    i.LL_C2_IPCC_IsActiveFlag_CHx  hw_ipcc.o
    0x080046ac   0x080046ac   0x00000010   Code   RO         2627    i.LL_RCC_GetAHB4Prescaler  stm32wbxx_hal_rcc.o
    0x080046bc   0x080046bc   0x0000000c   Code   RO         2628    i.LL_RCC_GetSysClkSource  stm32wbxx_hal_rcc.o
    0x080046c8   0x080046c8   0x0000000c   Code   RO         2629    i.LL_RCC_HSE_IsEnabledDiv2  stm32wbxx_hal_rcc.o
    0x080046d4   0x080046d4   0x0000000c   Code   RO         2630    i.LL_RCC_HSE_IsReady  stm32wbxx_hal_rcc.o
    0x080046e0   0x080046e0   0x00000010   Code   RO         2631    i.LL_RCC_HSI48_IsReady  stm32wbxx_hal_rcc.o
    0x080046f0   0x080046f0   0x0000000c   Code   RO         2632    i.LL_RCC_HSI_IsReady  stm32wbxx_hal_rcc.o
    0x080046fc   0x080046fc   0x00000016   Code   RO         2633    i.LL_RCC_HSI_SetCalibTrimming  stm32wbxx_hal_rcc.o
    0x08004712   0x08004712   0x00000002   PAD
    0x08004714   0x08004714   0x00000018   Code   RO         2634    i.LL_RCC_LSE_Enable  stm32wbxx_hal_rcc.o
    0x0800472c   0x0800472c   0x00000010   Code   RO         2635    i.LL_RCC_LSE_IsReady  stm32wbxx_hal_rcc.o
    0x0800473c   0x0800473c   0x00000010   Code   RO         2903    i.LL_RCC_LSE_IsReady  stm32wbxx_hal_rcc_ex.o
    0x0800474c   0x0800474c   0x00000018   Code   RO         2636    i.LL_RCC_LSI1_Disable  stm32wbxx_hal_rcc.o
    0x08004764   0x08004764   0x00000018   Code   RO         2637    i.LL_RCC_LSI1_Enable  stm32wbxx_hal_rcc.o
    0x0800477c   0x0800477c   0x00000010   Code   RO         2638    i.LL_RCC_LSI1_IsReady  stm32wbxx_hal_rcc.o
    0x0800478c   0x0800478c   0x00000018   Code   RO         2639    i.LL_RCC_LSI2_Disable  stm32wbxx_hal_rcc.o
    0x080047a4   0x080047a4   0x00000010   Code   RO         2640    i.LL_RCC_LSI2_IsReady  stm32wbxx_hal_rcc.o
    0x080047b4   0x080047b4   0x00000012   Code   RO         2641    i.LL_RCC_MSI_Enable  stm32wbxx_hal_rcc.o
    0x080047c6   0x080047c6   0x00000012   Code   RO         2642    i.LL_RCC_MSI_GetRange  stm32wbxx_hal_rcc.o
    0x080047d8   0x080047d8   0x0000000c   Code   RO         2643    i.LL_RCC_MSI_IsReady  stm32wbxx_hal_rcc.o
    0x080047e4   0x080047e4   0x00000016   Code   RO         2644    i.LL_RCC_MSI_SetCalibTrimming  stm32wbxx_hal_rcc.o
    0x080047fa   0x080047fa   0x00000014   Code   RO         2645    i.LL_RCC_MSI_SetRange  stm32wbxx_hal_rcc.o
    0x0800480e   0x0800480e   0x00000012   Code   RO         2908    i.LL_RCC_PLLSAI1_Disable  stm32wbxx_hal_rcc_ex.o
    0x08004820   0x08004820   0x00000012   Code   RO         2909    i.LL_RCC_PLLSAI1_Enable  stm32wbxx_hal_rcc_ex.o
    0x08004832   0x08004832   0x0000000c   Code   RO         2911    i.LL_RCC_PLLSAI1_IsReady  stm32wbxx_hal_rcc_ex.o
    0x0800483e   0x0800483e   0x00000012   Code   RO         2646    i.LL_RCC_PLL_Disable  stm32wbxx_hal_rcc.o
    0x08004850   0x08004850   0x00000012   Code   RO         2647    i.LL_RCC_PLL_Enable  stm32wbxx_hal_rcc.o
    0x08004862   0x08004862   0x0000000c   Code   RO         2648    i.LL_RCC_PLL_GetMainSource  stm32wbxx_hal_rcc.o
    0x0800486e   0x0800486e   0x0000000c   Code   RO         2649    i.LL_RCC_PLL_IsReady  stm32wbxx_hal_rcc.o
    0x0800487a   0x0800487a   0x00000002   PAD
    0x0800487c   0x0800487c   0x00000018   Code   RO         2916    i.LL_RCC_SetCLK48ClockSource  stm32wbxx_hal_rcc_ex.o
    0x08004894   0x08004894   0x00000028   Code   RO         2917    i.LL_RCC_SetI2CClockSource  stm32wbxx_hal_rcc_ex.o
    0x080048bc   0x080048bc   0x0000001c   Code   RO         2918    i.LL_RCC_SetLPTIMClockSource  stm32wbxx_hal_rcc_ex.o
    0x080048d8   0x080048d8   0x00000018   Code   RO         2919    i.LL_RCC_SetRNGClockSource  stm32wbxx_hal_rcc_ex.o
    0x080048f0   0x080048f0   0x00000006   Code   RO         7595    i.LST_init_head     stm_list.o
    0x080048f6   0x080048f6   0x00000022   Code   RO         7596    i.LST_insert_head   stm_list.o
    0x08004918   0x08004918   0x00000022   Code   RO         7599    i.LST_insert_tail   stm_list.o
    0x0800493a   0x0800493a   0x00000022   Code   RO         7600    i.LST_is_empty      stm_list.o
    0x0800495c   0x0800495c   0x00000020   Code   RO         7601    i.LST_remove_head   stm_list.o
    0x0800497c   0x0800497c   0x00000020   Code   RO         7602    i.LST_remove_node   stm_list.o
    0x0800499c   0x0800499c   0x00000044   Code   RO          938    i.LinkTimerAfter    hw_timerserver.o
    0x080049e0   0x080049e0   0x00000060   Code   RO          939    i.LinkTimerBefore   hw_timerserver.o
    0x08004a40   0x08004a40   0x00000002   Code   RO         9433    i.MESH_Init         svc_ctl.o
    0x08004a42   0x08004a42   0x00000002   Code   RO         9434    i.MOTENV_STM_Init   svc_ctl.o
    0x08004a44   0x08004a44   0x00000084   Code   RO          338    i.MX_ADC1_Init      adc.o
    0x08004ac8   0x08004ac8   0x0000001c   Code   RO          556    i.MX_APPE_Config    app_entry.o
    0x08004ae4   0x08004ae4   0x0000001c   Code   RO          557    i.MX_APPE_Init      app_entry.o
    0x08004b00   0x08004b00   0x0000000c   Code   RO          558    i.MX_APPE_Process   app_entry.o
    0x08004b0c   0x08004b0c   0x0000006c   Code   RO          298    i.MX_GPIO_Init      gpio.o
    0x08004b78   0x08004b78   0x00000058   Code   RO          387    i.MX_I2C1_Init      i2c.o
    0x08004bd0   0x08004bd0   0x00000020   Code   RO          432    i.MX_IPCC_Init      ipcc.o
    0x08004bf0   0x08004bf0   0x00000002   Code   RO          475    i.MX_RF_Init        rf.o
    0x08004bf2   0x08004bf2   0x00000002   PAD
    0x08004bf4   0x08004bf4   0x00000048   Code   RO          501    i.MX_RTC_Init       rtc.o
    0x08004c3c   0x08004c3c   0x0000004c   Code   RO         1529    i.MX_USB_Device_Init  usb_device.o
    0x08004c88   0x08004c88   0x00000004   Code   RO         1172    i.MemManage_Handler  stm32wbxx_it.o
    0x08004c8c   0x08004c8c   0x00000004   Code   RO         1173    i.NMI_Handler       stm32wbxx_it.o
    0x08004c90   0x08004c90   0x0000002c   Code   RO         9210    i.NotifyCmdStatus   hci_tl.o
    0x08004cbc   0x08004cbc   0x00000002   Code   RO         9435    i.OTAS_STM_Init     svc_ctl.o
    0x08004cbe   0x08004cbe   0x00000002   PAD
    0x08004cc0   0x08004cc0   0x00000028   Code   RO         7568    i.OTP_Read          otp.o
    0x08004ce8   0x08004ce8   0x00000014   Code   RO         7759    i.Osal_MemCpy       osal.o
    0x08004cfc   0x08004cfc   0x00000014   Code   RO         7760    i.Osal_MemSet       osal.o
    0x08004d10   0x08004d10   0x00000088   Code   RO         7170    i.OutputDbgTrace    tl_mbox.o
    0x08004d98   0x08004d98   0x00000002   Code   RO         1921    i.P2PS_APP_Init     p2p_server_app.o
    0x08004d9a   0x08004d9a   0x00000014   Code   RO         1922    i.P2PS_APP_Notification  p2p_server_app.o
    0x08004dae   0x08004dae   0x0000001a   Code   RO         1923    i.P2PS_STM_App_Notification  p2p_server_app.o
    0x08004dc8   0x08004dc8   0x00000198   Code   RO         9076    i.P2PS_STM_Init     p2p_stm.o
    0x08004f60   0x08004f60   0x000004aa   Code   RO         2198    i.PCD_EP_ISR_Handler  stm32wbxx_hal_pcd.o
    0x0800540a   0x0800540a   0x00000002   PAD
    0x0800540c   0x0800540c   0x00000090   Code   RO         9077    i.PeerToPeer_Event_Handler  p2p_stm.o
    0x0800549c   0x0800549c   0x00000002   Code   RO         1174    i.PendSV_Handler    stm32wbxx_it.o
    0x0800549e   0x0800549e   0x00000030   Code   RO           14    i.PeriphCommonClock_Config  main.o
    0x080054ce   0x080054ce   0x0000008e   Code   RO         2920    i.RCCEx_PLLSAI1_ConfigNP  stm32wbxx_hal_rcc_ex.o
    0x0800555c   0x0800555c   0x0000008e   Code   RO         2921    i.RCCEx_PLLSAI1_ConfigNQ  stm32wbxx_hal_rcc_ex.o
    0x080055ea   0x080055ea   0x0000008e   Code   RO         2922    i.RCCEx_PLLSAI1_ConfigNR  stm32wbxx_hal_rcc_ex.o
    0x08005678   0x08005678   0x000000b0   Code   RO         2650    i.RCC_SetFlashLatency  stm32wbxx_hal_rcc.o
    0x08005728   0x08005728   0x00000050   Code   RO         2651    i.RCC_SetFlashLatencyFromMSIRange  stm32wbxx_hal_rcc.o
    0x08005778   0x08005778   0x0000004c   Code   RO         5904    i.RTC_EnterInitMode  stm32wbxx_hal_rtc.o
    0x080057c4   0x080057c4   0x00000030   Code   RO         5905    i.RTC_ExitInitMode  stm32wbxx_hal_rtc.o
    0x080057f4   0x080057f4   0x00000008   Code   RO         1175    i.RTC_WKUP_IRQHandler  stm32wbxx_it.o
    0x080057fc   0x080057fc   0x00000020   Code   RO          940    i.ReadRtcSsrValue   hw_timerserver.o
    0x0800581c   0x0800581c   0x000000e0   Code   RO          941    i.RescheduleTimerList  hw_timerserver.o
    0x080058fc   0x080058fc   0x00000002   Code   RO          559    i.Reset_Device      app_entry.o
    0x080058fe   0x080058fe   0x00000002   PAD
    0x08005900   0x08005900   0x00000098   Code   RO          942    i.RestartWakeupCounter  hw_timerserver.o
    0x08005998   0x08005998   0x00000050   Code   RO          943    i.ReturnTimeElapsed  hw_timerserver.o
    0x080059e8   0x080059e8   0x0000000e   Code   RO         6833    i.SEQ_BitPosition   stm32_seq.o
    0x080059f6   0x080059f6   0x0000001c   Code   RO         7304    i.SHCI_C2_BLE_Init  shci.o
    0x08005a12   0x08005a12   0x0000001a   Code   RO         7309    i.SHCI_C2_Config    shci.o
    0x08005a2c   0x08005a2c   0x0000001c   Code   RO         7310    i.SHCI_C2_DEBUG_Init  shci.o
    0x08005a48   0x08005a48   0x000000b0   Code   RO         7335    i.SHCI_GetWirelessFwInfo  shci.o
    0x08005af8   0x08005af8   0x00000114   Code   RO         1732    i.SVCCTL_App_Notification  app_ble.o
    0x08005c0c   0x08005c0c   0x0000001c   Code   RO         9437    i.SVCCTL_Init       svc_ctl.o
    0x08005c28   0x08005c28   0x00000002   Code   RO         9438    i.SVCCTL_InitCustomSvc  svc_ctl.o
    0x08005c2a   0x08005c2a   0x00000002   PAD
    0x08005c2c   0x08005c2c   0x00000018   Code   RO         9440    i.SVCCTL_RegisterSvcHandler  svc_ctl.o
    0x08005c44   0x08005c44   0x0000004c   Code   RO         9441    i.SVCCTL_SvcInit    svc_ctl.o
    0x08005c90   0x08005c90   0x0000008c   Code   RO         9442    i.SVCCTL_UserEvtRx  svc_ctl.o
    0x08005d1c   0x08005d1c   0x00000002   Code   RO         1176    i.SVC_Handler       stm32wbxx_it.o
    0x08005d1e   0x08005d1e   0x00000012   Code   RO         6493    i.SWAPBYTE          usbd_ctlreq.o
    0x08005d30   0x08005d30   0x00000038   Code   RO         9211    i.SendCmd           hci_tl.o
    0x08005d68   0x08005d68   0x0000002c   Code   RO         7171    i.SendFreeBuf       tl_mbox.o
    0x08005d94   0x08005d94   0x00000002   Code   RO         1734    i.Switch_OFF_GPIO   app_ble.o
    0x08005d96   0x08005d96   0x00000008   Code   RO         1177    i.SysTick_Handler   stm32wbxx_it.o
    0x08005d9e   0x08005d9e   0x00000008   Code   RO         1313    i.SystemClockConfig_Resume  usbd_conf.o
    0x08005da6   0x08005da6   0x00000002   PAD
    0x08005da8   0x08005da8   0x000000b8   Code   RO           15    i.SystemClock_Config  main.o
    0x08005e60   0x08005e60   0x00000078   Code   RO         6295    i.SystemInit        system_stm32wbxx.o
    0x08005ed8   0x08005ed8   0x00000038   Code   RO          560    i.SystemPower_Config  app_entry.o
    0x08005f10   0x08005f10   0x00000010   Code   RO          561    i.System_Init       app_entry.o
    0x08005f20   0x08005f20   0x00000028   Code   RO         7073    i.TCA9548A_SelectChannel  tca9548a.o
    0x08005f48   0x08005f48   0x000000f0   Code   RO         7114    i.TCS34725_GetRGB888  tcs34725.o
    0x08006038   0x08006038   0x00000024   Code   RO         7115    i.TCS34725_Init     tcs34725.o
    0x0800605c   0x0800605c   0x00000072   Code   RO         7116    i.TCS_ReadRGB       tcs34725.o
    0x080060ce   0x080060ce   0x00000026   Code   RO         7118    i.TCS_WriteReg      tcs34725.o
    0x080060f4   0x080060f4   0x00000048   Code   RO         7172    i.TL_BLE_Init       tl_mbox.o
    0x0800613c   0x0800613c   0x00000028   Code   RO         7174    i.TL_BLE_SendCmd    tl_mbox.o
    0x08006164   0x08006164   0x00000008   Code   RO         7175    i.TL_Enable         tl_mbox.o
    0x0800616c   0x0800616c   0x00000060   Code   RO         7176    i.TL_Init           tl_mbox.o
    0x080061cc   0x080061cc   0x00000024   Code   RO         7177    i.TL_MM_EvtDone     tl_mbox.o
    0x080061f0   0x080061f0   0x00000060   Code   RO         7178    i.TL_MM_Init        tl_mbox.o
    0x08006250   0x08006250   0x0000003c   Code   RO         7179    i.TL_SYS_Init       tl_mbox.o
    0x0800628c   0x0800628c   0x00000028   Code   RO         7180    i.TL_SYS_SendCmd    tl_mbox.o
    0x080062b4   0x080062b4   0x00000002   Code   RO         7181    i.TL_TRACES_EvtReceived  tl_mbox.o
    0x080062b6   0x080062b6   0x00000002   PAD
    0x080062b8   0x080062b8   0x00000020   Code   RO         7182    i.TL_TRACES_Init    tl_mbox.o
    0x080062d8   0x080062d8   0x00000002   Code   RO         9443    i.TPS_Init          svc_ctl.o
    0x080062da   0x080062da   0x0000000c   Code   RO         9317    i.TlCmdEvtReceived  shci_tl.o
    0x080062e6   0x080062e6   0x00000002   PAD
    0x080062e8   0x080062e8   0x00000038   Code   RO         9212    i.TlEvtReceived     hci_tl.o
    0x08006320   0x08006320   0x00000048   Code   RO         9213    i.TlInit            hci_tl.o
    0x08006368   0x08006368   0x0000004c   Code   RO         9318    i.TlInit            shci_tl.o
    0x080063b4   0x080063b4   0x00000018   Code   RO         9319    i.TlUserEvtReceived  shci_tl.o
    0x080063cc   0x080063cc   0x00000034   Code   RO         1577    i.USBD_CDC_ConfigStrDescriptor  usbd_desc.o
    0x08006400   0x08006400   0x000000be   Code   RO         6656    i.USBD_CDC_DataIn   usbd_cdc.o
    0x080064be   0x080064be   0x00000048   Code   RO         6657    i.USBD_CDC_DataOut  usbd_cdc.o
    0x08006506   0x08006506   0x00000002   PAD
    0x08006508   0x08006508   0x000000d4   Code   RO         6658    i.USBD_CDC_DeInit   usbd_cdc.o
    0x080065dc   0x080065dc   0x00000010   Code   RO         1578    i.USBD_CDC_DeviceDescriptor  usbd_desc.o
    0x080065ec   0x080065ec   0x00000050   Code   RO         6659    i.USBD_CDC_EP0_RxReady  usbd_cdc.o
    0x0800663c   0x0800663c   0x00000010   Code   RO         6660    i.USBD_CDC_GetDeviceQualifierDescriptor  usbd_cdc.o
    0x0800664c   0x0800664c   0x00000044   Code   RO         6661    i.USBD_CDC_GetFSCfgDesc  usbd_cdc.o
    0x08006690   0x08006690   0x00000048   Code   RO         6662    i.USBD_CDC_GetHSCfgDesc  usbd_cdc.o
    0x080066d8   0x080066d8   0x00000044   Code   RO         6663    i.USBD_CDC_GetOtherSpeedCfgDesc  usbd_cdc.o
    0x0800671c   0x0800671c   0x000001a0   Code   RO         6664    i.USBD_CDC_Init     usbd_cdc.o
    0x080068bc   0x080068bc   0x00000038   Code   RO         1579    i.USBD_CDC_InterfaceStrDescriptor  usbd_desc.o
    0x080068f4   0x080068f4   0x00000010   Code   RO         1580    i.USBD_CDC_LangIDStrDescriptor  usbd_desc.o
    0x08006904   0x08006904   0x0000002c   Code   RO         1581    i.USBD_CDC_ManufacturerStrDescriptor  usbd_desc.o
    0x08006930   0x08006930   0x00000040   Code   RO         1582    i.USBD_CDC_ProductStrDescriptor  usbd_desc.o
    0x08006970   0x08006970   0x00000050   Code   RO         6665    i.USBD_CDC_ReceivePacket  usbd_cdc.o
    0x080069c0   0x080069c0   0x00000018   Code   RO         6666    i.USBD_CDC_RegisterInterface  usbd_cdc.o
    0x080069d8   0x080069d8   0x00000018   Code   RO         1583    i.USBD_CDC_SerialStrDescriptor  usbd_desc.o
    0x080069f0   0x080069f0   0x0000001e   Code   RO         6667    i.USBD_CDC_SetRxBuffer  usbd_cdc.o
    0x08006a0e   0x08006a0e   0x00000024   Code   RO         6668    i.USBD_CDC_SetTxBuffer  usbd_cdc.o
    0x08006a32   0x08006a32   0x00000140   Code   RO         6669    i.USBD_CDC_Setup    usbd_cdc.o
    0x08006b72   0x08006b72   0x0000001c   Code   RO         6331    i.USBD_ClrClassConfig  usbd_core.o
    0x08006b8e   0x08006b8e   0x0000003e   Code   RO         6494    i.USBD_ClrFeature   usbd_ctlreq.o
    0x08006bcc   0x08006bcc   0x00000006   Code   RO         6332    i.USBD_CoreFindEP   usbd_core.o
    0x08006bd2   0x08006bd2   0x00000006   Code   RO         6333    i.USBD_CoreFindIF   usbd_core.o
    0x08006bd8   0x08006bd8   0x00000018   Code   RO         6596    i.USBD_CtlContinueRx  usbd_ioreq.o
    0x08006bf0   0x08006bf0   0x00000018   Code   RO         6597    i.USBD_CtlContinueSendData  usbd_ioreq.o
    0x08006c08   0x08006c08   0x00000018   Code   RO         6495    i.USBD_CtlError     usbd_ctlreq.o
    0x08006c20   0x08006c20   0x0000002e   Code   RO         6598    i.USBD_CtlPrepareRx  usbd_ioreq.o
    0x08006c4e   0x08006c4e   0x0000001a   Code   RO         6599    i.USBD_CtlReceiveStatus  usbd_ioreq.o
    0x08006c68   0x08006c68   0x00000024   Code   RO         6600    i.USBD_CtlSendData  usbd_ioreq.o
    0x08006c8c   0x08006c8c   0x0000001a   Code   RO         6601    i.USBD_CtlSendStatus  usbd_ioreq.o
    0x08006ca6   0x08006ca6   0x00000056   Code   RO         6496    i.USBD_GetConfig    usbd_ctlreq.o
    0x08006cfc   0x08006cfc   0x00000232   Code   RO         6497    i.USBD_GetDescriptor  usbd_ctlreq.o
    0x08006f2e   0x08006f2e   0x00000050   Code   RO         6335    i.USBD_GetEpDesc    usbd_core.o
    0x08006f7e   0x08006f7e   0x00000016   Code   RO         6498    i.USBD_GetLen       usbd_ctlreq.o
    0x08006f94   0x08006f94   0x00000014   Code   RO         6336    i.USBD_GetNextDesc  usbd_core.o
    0x08006fa8   0x08006fa8   0x0000005a   Code   RO         6499    i.USBD_GetStatus    usbd_ctlreq.o
    0x08007002   0x08007002   0x00000068   Code   RO         6500    i.USBD_GetString    usbd_ctlreq.o
    0x0800706a   0x0800706a   0x0000002c   Code   RO         1314    i.USBD_Get_USB_Status  usbd_conf.o
    0x08007096   0x08007096   0x0000003a   Code   RO         6337    i.USBD_Init         usbd_core.o
    0x080070d0   0x080070d0   0x00000026   Code   RO         1315    i.USBD_LL_ClearStallEP  usbd_conf.o
    0x080070f6   0x080070f6   0x00000026   Code   RO         1316    i.USBD_LL_CloseEP   usbd_conf.o
    0x0800711c   0x0800711c   0x00000110   Code   RO         6338    i.USBD_LL_DataInStage  usbd_core.o
    0x0800722c   0x0800722c   0x0000010a   Code   RO         6339    i.USBD_LL_DataOutStage  usbd_core.o
    0x08007336   0x08007336   0x00000012   Code   RO         1320    i.USBD_LL_GetRxDataSize  usbd_conf.o
    0x08007348   0x08007348   0x0000008c   Code   RO         1321    i.USBD_LL_Init      usbd_conf.o
    0x080073d4   0x080073d4   0x00000038   Code   RO         1322    i.USBD_LL_IsStallEP  usbd_conf.o
    0x0800740c   0x0800740c   0x00000030   Code   RO         1323    i.USBD_LL_OpenEP    usbd_conf.o
    0x0800743c   0x0800743c   0x00000030   Code   RO         1324    i.USBD_LL_PrepareReceive  usbd_conf.o
    0x0800746c   0x0800746c   0x0000006e   Code   RO         6344    i.USBD_LL_Reset     usbd_core.o
    0x080074da   0x080074da   0x00000016   Code   RO         6345    i.USBD_LL_Resume    usbd_core.o
    0x080074f0   0x080074f0   0x00000028   Code   RO         6346    i.USBD_LL_SOF       usbd_core.o
    0x08007518   0x08007518   0x00000008   Code   RO         6347    i.USBD_LL_SetSpeed  usbd_core.o
    0x08007520   0x08007520   0x00000026   Code   RO         1325    i.USBD_LL_SetUSBAddress  usbd_conf.o
    0x08007546   0x08007546   0x00000076   Code   RO         6348    i.USBD_LL_SetupStage  usbd_core.o
    0x080075bc   0x080075bc   0x00000026   Code   RO         1326    i.USBD_LL_StallEP   usbd_conf.o
    0x080075e2   0x080075e2   0x0000001e   Code   RO         1327    i.USBD_LL_Start     usbd_conf.o
    0x08007600   0x08007600   0x0000001c   Code   RO         6349    i.USBD_LL_Suspend   usbd_core.o
    0x0800761c   0x0800761c   0x00000030   Code   RO         1329    i.USBD_LL_Transmit  usbd_conf.o
    0x0800764c   0x0800764c   0x00000036   Code   RO         6501    i.USBD_ParseSetupRequest  usbd_ctlreq.o
    0x08007682   0x08007682   0x00000048   Code   RO         6350    i.USBD_RegisterClass  usbd_core.o
    0x080076ca   0x080076ca   0x00000006   Code   RO         6351    i.USBD_RunTestMode  usbd_core.o
    0x080076d0   0x080076d0   0x0000005a   Code   RO         6502    i.USBD_SetAddress   usbd_ctlreq.o
    0x0800772a   0x0800772a   0x00000020   Code   RO         6352    i.USBD_SetClassConfig  usbd_core.o
    0x0800774a   0x0800774a   0x00000002   PAD
    0x0800774c   0x0800774c   0x00000104   Code   RO         6503    i.USBD_SetConfig    usbd_ctlreq.o
    0x08007850   0x08007850   0x00000038   Code   RO         6504    i.USBD_SetFeature   usbd_ctlreq.o
    0x08007888   0x08007888   0x0000000c   Code   RO         6353    i.USBD_Start        usbd_core.o
    0x08007894   0x08007894   0x000000ae   Code   RO         6505    i.USBD_StdDevReq    usbd_ctlreq.o
    0x08007942   0x08007942   0x00000284   Code   RO         6506    i.USBD_StdEPReq     usbd_ctlreq.o
    0x08007bc6   0x08007bc6   0x000000ae   Code   RO         6507    i.USBD_StdItfReq    usbd_ctlreq.o
    0x08007c74   0x08007c74   0x00000002   Code   RO         1330    i.USBD_static_free  usbd_conf.o
    0x08007c76   0x08007c76   0x00000002   PAD
    0x08007c78   0x08007c78   0x0000000c   Code   RO         1331    i.USBD_static_malloc  usbd_conf.o
    0x08007c84   0x08007c84   0x00000648   Code   RO         2460    i.USB_ActivateEndpoint  stm32wbxx_ll_usb.o
    0x080082cc   0x080082cc   0x0000027c   Code   RO         2464    i.USB_DeactivateEndpoint  stm32wbxx_ll_usb.o
    0x08008548   0x08008548   0x00000012   Code   RO         2465    i.USB_DevConnect    stm32wbxx_ll_usb.o
    0x0800855a   0x0800855a   0x00000014   Code   RO         2467    i.USB_DevInit       stm32wbxx_ll_usb.o
    0x0800856e   0x0800856e   0x00000014   Code   RO         2468    i.USB_DisableGlobalInt  stm32wbxx_ll_usb.o
    0x08008582   0x08008582   0x000000d4   Code   RO         2469    i.USB_EPClearStall  stm32wbxx_ll_usb.o
    0x08008656   0x08008656   0x0000005c   Code   RO         2470    i.USB_EPSetStall    stm32wbxx_ll_usb.o
    0x080086b2   0x080086b2   0x000006e6   Code   RO         2471    i.USB_EPStartXfer   stm32wbxx_ll_usb.o
    0x08008d98   0x08008d98   0x00000012   Code   RO         2473    i.USB_EnableGlobalInt  stm32wbxx_ll_usb.o
    0x08008daa   0x08008daa   0x00000002   PAD
    0x08008dac   0x08008dac   0x00000010   Code   RO         1178    i.USB_LP_IRQHandler  stm32wbxx_it.o
    0x08008dbc   0x08008dbc   0x00000008   Code   RO         2476    i.USB_ReadInterrupts  stm32wbxx_ll_usb.o
    0x08008dc4   0x08008dc4   0x00000046   Code   RO         2477    i.USB_ReadPMA       stm32wbxx_ll_usb.o
    0x08008e0a   0x08008e0a   0x0000000e   Code   RO         2479    i.USB_SetDevAddress  stm32wbxx_ll_usb.o
    0x08008e18   0x08008e18   0x0000003c   Code   RO         2481    i.USB_WritePMA      stm32wbxx_ll_usb.o
    0x08008e54   0x08008e54   0x00000014   Code   RO         6764    i.UTIL_LPM_Init     stm32_lpm.o
    0x08008e68   0x08008e68   0x0000003c   Code   RO         6765    i.UTIL_LPM_SetOffMode  stm32_lpm.o
    0x08008ea4   0x08008ea4   0x00000002   Code   RO         6834    i.UTIL_SEQ_CatchWarning  stm32_seq.o
    0x08008ea6   0x08008ea6   0x0000000e   Code   RO         6837    i.UTIL_SEQ_EvtIdle  stm32_seq.o
    0x08008eb4   0x08008eb4   0x00000002   Code   RO          562    i.UTIL_SEQ_Idle     app_entry.o
    0x08008eb6   0x08008eb6   0x00000002   PAD
    0x08008eb8   0x08008eb8   0x00000024   Code   RO         6844    i.UTIL_SEQ_PauseTask  stm32_seq.o
    0x08008edc   0x08008edc   0x00000002   Code   RO         6845    i.UTIL_SEQ_PostIdle  stm32_seq.o
    0x08008ede   0x08008ede   0x00000002   Code   RO         6846    i.UTIL_SEQ_PostTask  stm32_seq.o
    0x08008ee0   0x08008ee0   0x00000002   Code   RO         6847    i.UTIL_SEQ_PreIdle  stm32_seq.o
    0x08008ee2   0x08008ee2   0x00000002   Code   RO         6848    i.UTIL_SEQ_PreTask  stm32_seq.o
    0x08008ee4   0x08008ee4   0x0000002c   Code   RO         6849    i.UTIL_SEQ_RegTask  stm32_seq.o
    0x08008f10   0x08008f10   0x00000024   Code   RO         6850    i.UTIL_SEQ_ResumeTask  stm32_seq.o
    0x08008f34   0x08008f34   0x00000244   Code   RO         6851    i.UTIL_SEQ_Run      stm32_seq.o
    0x08009178   0x08009178   0x00000024   Code   RO         6852    i.UTIL_SEQ_SetEvt   stm32_seq.o
    0x0800919c   0x0800919c   0x00000038   Code   RO         6853    i.UTIL_SEQ_SetTask  stm32_seq.o
    0x080091d4   0x080091d4   0x0000006c   Code   RO         6854    i.UTIL_SEQ_WaitEvt  stm32_seq.o
    0x08009240   0x08009240   0x0000009c   Code   RO          944    i.UnlinkTimer       hw_timerserver.o
    0x080092dc   0x080092dc   0x00000004   Code   RO         1179    i.UsageFault_Handler  stm32wbxx_it.o
    0x080092e0   0x080092e0   0x00000002   Code   RO         9444    i.ZDD_STM_Init      svc_ctl.o
    0x080092e2   0x080092e2   0x00000002   PAD
    0x080092e4   0x080092e4   0x00000010   Code   RO         4305    i.__NVIC_GetPriorityGrouping  stm32wbxx_hal_cortex.o
    0x080092f4   0x080092f4   0x00000028   Code   RO         4306    i.__NVIC_SetPriority  stm32wbxx_hal_cortex.o
    0x0800931c   0x0800931c   0x00000006   Code   RO          945    i.__get_PRIMASK     hw_timerserver.o
    0x08009322   0x08009322   0x00000006   Code   RO         1986    i.__get_PRIMASK     hw_ipcc.o
    0x08009328   0x08009328   0x00000006   Code   RO         6767    i.__get_PRIMASK     stm32_lpm.o
    0x0800932e   0x0800932e   0x00000006   Code   RO         6855    i.__get_PRIMASK     stm32_seq.o
    0x08009334   0x08009334   0x00000006   Code   RO         7604    i.__get_PRIMASK     stm_list.o
    0x0800933a   0x0800933a   0x0000000e   Code   RO         9908    i.__scatterload_copy  mc_w.l(handlers.o)
    0x08009348   0x08009348   0x00000002   Code   RO         9909    i.__scatterload_null  mc_w.l(handlers.o)
    0x0800934a   0x0800934a   0x0000000e   Code   RO         9910    i.__scatterload_zeroinit  mc_w.l(handlers.o)
    0x08009358   0x08009358   0x00000006   Code   RO          946    i.__set_PRIMASK     hw_timerserver.o
    0x0800935e   0x0800935e   0x00000006   Code   RO         1987    i.__set_PRIMASK     hw_ipcc.o
    0x08009364   0x08009364   0x00000006   Code   RO         6768    i.__set_PRIMASK     stm32_lpm.o
    0x0800936a   0x0800936a   0x00000006   Code   RO         6856    i.__set_PRIMASK     stm32_seq.o
    0x08009370   0x08009370   0x00000006   Code   RO         7605    i.__set_PRIMASK     stm_list.o
    0x08009376   0x08009376   0x0000003e   Code   RO         7797    i.aci_gap_configure_filter_accept_list  ble_gap_aci.o
    0x080093b4   0x080093b4   0x00000092   Code   RO         7805    i.aci_gap_init      ble_gap_aci.o
    0x08009446   0x08009446   0x00000090   Code   RO         7813    i.aci_gap_set_authentication_requirement  ble_gap_aci.o
    0x080094d6   0x080094d6   0x000000bc   Code   RO         7817    i.aci_gap_set_discoverable  ble_gap_aci.o
    0x08009592   0x08009592   0x0000004e   Code   RO         7819    i.aci_gap_set_io_capability  ble_gap_aci.o
    0x080095e0   0x080095e0   0x0000003e   Code   RO         7822    i.aci_gap_set_non_discoverable  ble_gap_aci.o
    0x0800961e   0x0800961e   0x0000005c   Code   RO         7834    i.aci_gap_update_adv_data  ble_gap_aci.o
    0x0800967a   0x0800967a   0x000000de   Code   RO         8130    i.aci_gatt_add_char  ble_gatt_aci.o
    0x08009758   0x08009758   0x000000c2   Code   RO         8132    i.aci_gatt_add_service  ble_gatt_aci.o
    0x0800981a   0x0800981a   0x00000050   Code   RO         8133    i.aci_gatt_confirm_indication  ble_gatt_aci.o
    0x0800986a   0x0800986a   0x00000040   Code   RO         8145    i.aci_gatt_init     ble_gatt_aci.o
    0x080098aa   0x080098aa   0x0000007a   Code   RO         8161    i.aci_gatt_update_char_value  ble_gatt_aci.o
    0x08009924   0x08009924   0x0000004e   Code   RO         8415    i.aci_hal_set_radio_activity_mask  ble_hal_aci.o
    0x08009972   0x08009972   0x00000054   Code   RO         8416    i.aci_hal_set_tx_power_level  ble_hal_aci.o
    0x080099c6   0x080099c6   0x00000066   Code   RO         8419    i.aci_hal_write_config_data  ble_hal_aci.o
    0x08009a2c   0x08009a2c   0x00000060   Code   RO          563    i.appe_Tl_Init      app_entry.o
    0x08009a8c   0x08009a8c   0x00000008   Code   RO         6996    i.bringup_init      bringup.o
    0x08009a94   0x08009a94   0x0000000c   Code   RO         1735    i.hci_cmd_resp_release  app_ble.o
    0x08009aa0   0x08009aa0   0x0000000c   Code   RO         1736    i.hci_cmd_resp_wait  app_ble.o
    0x08009aac   0x08009aac   0x00000024   Code   RO         9216    i.hci_init          hci_tl.o
    0x08009ad0   0x08009ad0   0x00000076   Code   RO         8550    i.hci_le_read_phy   ble_hci_le.o
    0x08009b46   0x08009b46   0x00000060   Code   RO         8568    i.hci_le_set_default_phy  ble_hci_le.o
    0x08009ba6   0x08009ba6   0x0000000e   Code   RO         1737    i.hci_notify_asynch_evt  app_ble.o
    0x08009bb4   0x08009bb4   0x00000014   Code   RO         9292    i.hci_register_io_bus  hci_tl_if.o
    0x08009bc8   0x08009bc8   0x0000003c   Code   RO         8597    i.hci_reset         ble_hci_le.o
    0x08009c04   0x08009c04   0x000000c0   Code   RO         9218    i.hci_send_req      hci_tl.o
    0x08009cc4   0x08009cc4   0x00000078   Code   RO         9219    i.hci_user_evt_proc  hci_tl.o
    0x08009d3c   0x08009d3c   0x00000030   Code   RO         7074    i.i2c_my_init       tca9548a.o
    0x08009d6c   0x08009d6c   0x0000002c   Code   RO         7075    i.i2c_rgb_update    tca9548a.o
    0x08009d98   0x08009d98   0x000000e8   Code   RO          947    i.linkTimer         hw_timerserver.o
    0x08009e80   0x08009e80   0x00000068   Code   RO           16    i.main              main.o
    0x08009ee8   0x08009ee8   0x00000024   Code   RO         6997    i.main_loop         bringup.o
    0x08009f0c   0x08009f0c   0x0000000c   Code   RO          564    i.shci_cmd_resp_release  app_entry.o
    0x08009f18   0x08009f18   0x0000000c   Code   RO          565    i.shci_cmd_resp_wait  app_entry.o
    0x08009f24   0x08009f24   0x00000024   Code   RO         9322    i.shci_init         shci_tl.o
    0x08009f48   0x08009f48   0x0000000e   Code   RO          566    i.shci_notify_asynch_evt  app_entry.o
    0x08009f56   0x08009f56   0x00000002   PAD
    0x08009f58   0x08009f58   0x00000014   Code   RO         9395    i.shci_register_io_bus  shci_tl_if.o
    0x08009f6c   0x08009f6c   0x00000070   Code   RO         9324    i.shci_send         shci_tl.o
    0x08009fdc   0x08009fdc   0x00000078   Code   RO         9325    i.shci_user_evt_proc  shci_tl.o
    0x0800a054   0x0800a054   0x0000014b   Data   RO          871    .constdata          app_debug.o
    0x0800a19f   0x0800a19f   0x00000001   PAD
    0x0800a1a0   0x0800a1a0   0x00000073   Data   RO         1739    .constdata          app_ble.o
    0x0800a213   0x0800a213   0x00000001   PAD
    0x0800a214   0x0800a214   0x0000002c   Data   RO         2652    .constdata          stm32wbxx_hal_rcc.o
    0x0800a240   0x0800a240   0x00000100   Data   RO         6296    .constdata          system_stm32wbxx.o
    0x0800a340   0x0800a340   0x00000030   Data   RO         9906    Region$$Table       anon$$obj.o


    Execution Region RW_IRAM1 (Exec base: 0x20000008, Load base: 0x0800a370, Size: 0x000022b8, Max: 0x0002fff8, ABSOLUTE, COMPRESSED[0x000000c8])

    Exec Addr    Load Addr    Size         Type   Attr      Idx    E Section Name        Object

    0x20000008   COMPRESSED   0x00000010   Data   RW          949    .data               hw_timerserver.o
    0x20000018   COMPRESSED   0x00000052   Data   RW         1585    .data               usbd_desc.o
    0x2000006a   COMPRESSED   0x00000002   PAD
    0x2000006c   COMPRESSED   0x00000014   Data   RW         1672    .data               usbd_cdc_if.o
    0x20000080   COMPRESSED   0x0000001c   Data   RW         1740    .data               app_ble.o
    0x2000009c   COMPRESSED   0x00000004   Data   RW         1988    .data               hw_ipcc.o
    0x200000a0   COMPRESSED   0x00000009   Data   RW         4472    .data               stm32wbxx_hal.o
    0x200000a9   COMPRESSED   0x00000003   PAD
    0x200000ac   COMPRESSED   0x00000004   Data   RW         6297    .data               system_stm32wbxx.o
    0x200000b0   COMPRESSED   0x00000001   Data   RW         6508    .data               usbd_ctlreq.o
    0x200000b1   COMPRESSED   0x00000003   PAD
    0x200000b4   COMPRESSED   0x0000008a   Data   RW         6671    .data               usbd_cdc.o
    0x2000013e   COMPRESSED   0x00000002   PAD
    0x20000140   COMPRESSED   0x00000008   Data   RW         6769    .data               stm32_lpm.o
    0x20000148   COMPRESSED   0x00000024   Data   RW         6858    .data               stm32_seq.o
    0x2000016c   COMPRESSED   0x00000008   Data   RW         6999    .data               bringup.o
    0x20000174   COMPRESSED   0x0000001c   Data   RW         7183    .data               tl_mbox.o
    0x20000190   COMPRESSED   0x0000000d   Data   RW         9221    .data               hci_tl.o
    0x2000019d   COMPRESSED   0x00000003   PAD
    0x200001a0   COMPRESSED   0x00000005   Data   RW         9327    .data               shci_tl.o
    0x200001a5   COMPRESSED   0x00000001   PAD
    0x200001a6   COMPRESSED   0x00000006   Data   RW         9078    BLE_DRIVER_CONTEXT  p2p_stm.o
    0x200001ac   COMPRESSED   0x00000011   Data   RW         9222    BLE_DRIVER_CONTEXT  hci_tl.o
    0x200001bd   COMPRESSED   0x00000003   PAD
    0x200001c0   COMPRESSED   0x00000021   Data   RW         9445    BLE_DRIVER_CONTEXT  svc_ctl.o
    0x200001e1   COMPRESSED   0x00000003   PAD
    0x200001e4   COMPRESSED   0x00000011   Data   RW         9328    SYSTEM_DRIVER_CONTEXT  shci_tl.o
    0x200001f5   COMPRESSED   0x00000003   PAD
    0x200001f8        -       0x00000064   Zero   RW          339    .bss                adc.o
    0x2000025c        -       0x00000054   Zero   RW          388    .bss                i2c.o
    0x200002b0        -       0x0000003c   Zero   RW          433    .bss                ipcc.o
    0x200002ec        -       0x00000024   Zero   RW          502    .bss                rtc.o
    0x20000310        -       0x00000090   Zero   RW          948    .bss                hw_timerserver.o
    0x200003a0        -       0x000004fc   Zero   RW         1332    .bss                usbd_conf.o
    0x2000089c        -       0x000002dc   Zero   RW         1530    .bss                usb_device.o
    0x20000b78        -       0x00000200   Zero   RW         1584    .bss                usbd_desc.o
    0x20000d78        -       0x00001000   Zero   RW         1671    .bss                usbd_cdc_if.o
    0x20001d78        -       0x00000078   Zero   RW         1738    .bss                app_ble.o
    0x20001df0        -       0x00000080   Zero   RW         6857    .bss                stm32_seq.o
    0x20001e70        -       0x0000000c   Zero   RW         7119    .bss                tcs34725.o
    0x20001e7c        -       0x00000020   Zero   RW         9220    .bss                hci_tl.o
    0x20001e9c        -       0x00000020   Zero   RW         9326    .bss                shci_tl.o
    0x20001ebc   COMPRESSED   0x00000004   PAD
    0x20001ec0        -       0x00000400   Zero   RW            1    STACK               startup_stm32wb55xx_cm4.o


    Execution Region RW_RAM_SHARED (Exec base: 0x20030000, Load base: 0x0800a438, Size: 0x00000a68, Max: 0x00002800, ABSOLUTE, COMPRESSED[0x00000018])

    Exec Addr    Load Addr    Size         Type   Attr      Idx    E Section Name        Object

    0x20030000   COMPRESSED   0x00000028   Data   RW         7184    MAPPING_TABLE       tl_mbox.o
    0x20030028   COMPRESSED   0x0000010b   Data   RW         1741    MB_MEM1             app_ble.o
    0x20030133   COMPRESSED   0x00000001   PAD
    0x20030134   COMPRESSED   0x000000b0   Data   RW         7185    MB_MEM1             tl_mbox.o
    0x200301e4   COMPRESSED   0x0000085e   Data   RW          567    MB_MEM2             app_entry.o
    0x20030a42   COMPRESSED   0x00000002   PAD
    0x20030a44   COMPRESSED   0x00000012   Data   RW          872    MB_MEM2             app_debug.o
    0x20030a56   COMPRESSED   0x00000002   PAD
    0x20030a58   COMPRESSED   0x0000000f   Data   RW         7186    MB_MEM2             tl_mbox.o


==============================================================================

Image component sizes


      Code (inc. data)   RO Data    RW Data    ZI Data      Debug   Object Name

       256         18          0          0        100      11661   adc.o
      1258        122        115        295        120      89415   app_ble.o
        32          4        331         18          0      17270   app_debug.o
       666         82          0       2142          0     126442   app_entry.o
       772          0          0          0          0      61295   ble_gap_aci.o
       682          0          0          0          0       6434   ble_gatt_aci.o
       264          0          0          0          0       3387   ble_hal_aci.o
       274          0          0          0          0       3499   ble_hci_le.o
        44          6          0          8          0       1207   bringup.o
       136          4          0          0          0      10503   gpio.o
       576         74          0         30         32       7422   hci_tl.o
        20         10          0          0          0       1042   hci_tl_if.o
       850         98          0          4          0      46187   hw_ipcc.o
      2312        226          0         16        144      22808   hw_timerserver.o
       240         22          0          0         84      11301   i2c.o
       112         14          0          0         60      10798   ipcc.o
       342         18          0          0          0     724127   main.o
        40          0          0          0          0       1460   osal.o
        40         10          0          0          0        963   otp.o
        48          0          0          0          0       2116   p2p_server_app.o
       552         14          0          6          0      59664   p2p_stm.o
         2          0          0          0          0        433   rf.o
       188         18          0          0         36      41831   rtc.o
       258         14          0          0          0       4966   shci.o
       440         70          0         22         32       5885   shci_tl.o
        20         10          0          0          0       2139   shci_tl_if.o
        36          8        316          0       1024        844   startup_stm32wb55xx_cm4.o
        92         12          0          8          0       7686   stm32_lpm.o
       946         82          0         36        128      10944   stm32_seq.o
       192         42          0          9          0      17737   stm32wbxx_hal.o
      1844         84          0          0          0      54627   stm32wbxx_hal_adc.o
       450         40          0          0          0      36597   stm32wbxx_hal_cortex.o
       422         24          0          0          0       2020   stm32wbxx_hal_gpio.o
        38          4          0          0          0       1166   stm32wbxx_hal_hsem.o
      1894         30          0          0          0      10650   stm32wbxx_hal_i2c.o
       210          0          0          0          0       1943   stm32wbxx_hal_i2c_ex.o
       124         14          0          0          0       3745   stm32wbxx_hal_ipcc.o
        50          0          0          0          0      10054   stm32wbxx_hal_msp.o
      4430          0          0          0          0      15705   stm32wbxx_hal_pcd.o
       108          0          0          0          0       1846   stm32wbxx_hal_pcd_ex.o
        20          6          0          0          0        547   stm32wbxx_hal_pwr.o
        36         12          0          0          0       1121   stm32wbxx_hal_pwr_ex.o
      3176        138         44          0          0      51390   stm32wbxx_hal_rcc.o
      1362         28          0          0          0      39728   stm32wbxx_hal_rcc_ex.o
       372         10          0          0          0       3291   stm32wbxx_hal_rtc.o
       348         10          0          0          0       1346   stm32wbxx_hal_rtc_ex.o
        82          6          0          0          0       6726   stm32wbxx_it.o
      4542          0          0          0          0      16320   stm32wbxx_ll_usb.o
       184          0          0          0          0       5659   stm_list.o
       302         18          0         33          0      12228   svc_ctl.o
       120         18        256          4          0       1288   system_stm32wbxx.o
       132         14          0          0          0       2112   tca9548a.o
       428          4          0          0         12       3763   tcs34725.o
       882        180          0        259          0      13414   tl_mbox.o
        76         16          0          0        732       8439   usb_device.o
      1684         48          0        138          0      13475   usbd_cdc.o
       148         16          0         20       4096       3518   usbd_cdc_if.o
      1078         36          0          0       1276      16539   usbd_conf.o
      1184          0          0          0          0      13735   usbd_core.o
      2420         22          0          1          0      17940   usbd_ctlreq.o
       386        122          0         82        512       6878   usbd_desc.o
       182          0          0          0          0       4724   usbd_ioreq.o

    ----------------------------------------------------------------------
     40458       1878       1112       3160       8392    1694000   Object Totals
         0          0         48          0          0          0   (incl. Generated)
        54          0          2         29          4          0   (incl. Padding)

    ----------------------------------------------------------------------

      Code (inc. data)   RO Data    RW Data    ZI Data      Debug   Library Member Name

        86          0          0          0          0          0   __dczerorl2.o
         0          0          0          0          0          0   entry.o
         0          0          0          0          0          0   entry10a.o
         0          0          0          0          0          0   entry11a.o
         4          0          0          0          0          0   entry12b.o
         8          4          0          0          0          0   entry2.o
         4          0          0          0          0          0   entry5.o
         0          0          0          0          0          0   entry7b.o
         0          0          0          0          0          0   entry8b.o
         8          4          0          0          0          0   entry9a.o
        30          0          0          0          0          0   handlers.o
        36          8          0          0          0         68   init.o
        40          0          0          0          0         76   memcpy.o
        36          0          0          0          0        108   memseta.o
        14          0          0          0          0         68   strlen.o

    ----------------------------------------------------------------------
       270         16          0          0          0        320   Library Totals
         4          0          0          0          0          0   (incl. Padding)

    ----------------------------------------------------------------------

      Code (inc. data)   RO Data    RW Data    ZI Data      Debug   Library Name

       266         16          0          0          0        320   mc_w.l

    ----------------------------------------------------------------------
       270         16          0          0          0        320   Library Totals

    ----------------------------------------------------------------------

==============================================================================


      Code (inc. data)   RO Data    RW Data    ZI Data      Debug   

     40728       1894       1112       3160       8392    1650652   Grand Totals
     40728       1894       1112        224       8392    1650652   ELF Image Totals (compressed)
     40728       1894       1112        224          0          0   ROM Totals

==============================================================================

    Total RO  Size (Code + RO Data)                41840 (  40.86kB)
    Total RW  Size (RW Data + ZI Data)             11552 (  11.28kB)
    Total ROM Size (Code + RO Data + RW Data)      42064 (  41.08kB)

==============================================================================

